78.153.140.224 - - [13/Nov/2025:18:28:06 +0800] "GET /old.env HTTP/1.1" 404 153 "-" "Mozilla/5.0 (Windows NT 6.1; WOW64; rv:40.0) Gecko/20100101 Firefox/40.0"
78.153.140.224 - - [13/Nov/2025:18:28:06 +0800] "GET /environments/local/.env HTTP/1.1" 404 153 "-" "Mozilla/5.0 (Windows NT 6.1; WOW64; rv:6.0a2) Gecko/20110613 Firefox/6.0a2"
78.153.140.224 - - [13/Nov/2025:18:28:07 +0800] "GET /environments/production/.env HTTP/1.1" 404 153 "-" "Mozilla/5.0 (Windows NT 6.3; WOW64; Trident/7.0; AS; rv:11.0) like Gecko"
78.153.140.224 - - [13/Nov/2025:18:28:08 +0800] "GET /scripts/.env HTTP/1.1" 404 555 "-" "Mozilla/5.0 (Linux; Android 8.0.0; SAMSUNG SM-N950U Build/R16NW) AppleWebKit/537.36 (KHTML, like Gecko) SamsungBrowser/7.0 Chrome/59.0.3071.125 Mobile Safari/537.36"
78.153.140.224 - - [13/Nov/2025:18:28:10 +0800] "GET /styles/.env HTTP/1.1" 404 153 "-" "Mozilla/5.0 (X11; U; Linux x86_64; en-US; rv:1.9.1.3) Gecko/20091020 Linux Mint/8 (Helena) Firefox/3.5.3"
78.153.140.224 - - [13/Nov/2025:18:28:10 +0800] "GET /inc/.env HTTP/1.1" 404 153 "-" "Mozilla/5.0 (Linux; U; Android 4.2.2; en-us; GT-P5200 Build/JDQ39E) AppleWebKit/534.30 (KHTML, like Gecko) Version/4.0 Safari/534.30"
78.153.140.224 - - [13/Nov/2025:18:28:12 +0800] "GET /.env_bak HTTP/1.1" 404 555 "-" "Mozilla/4.0 (compatible; MSIE 8.0; Windows NT 5.1; Trident/4.0; GTB7.4; .NET CLR 1.1.4322; .NET CLR 2.0.50727; .NET CLR 3.0.4506.2152; .NET CLR 3.5.30729; .NET4.0C)"
78.153.140.224 - - [13/Nov/2025:18:28:12 +0800] "GET /.env-sample HTTP/1.1" 404 153 "-" "Mozilla/5.0 (Macintosh; Intel Mac OS X 10_7) AppleWebKit/534.48.3 (KHTML, like Gecko) Version/5.1 Safari/534.48.3"
78.153.140.224 - - [13/Nov/2025:18:28:13 +0800] "GET /fastlane/.env HTTP/1.1" 404 153 "-" "Opera/9.80 (Windows NT 6.1; U; Edition MTN_SouthAfrica; en) Presto/2.10.229 Version/11.60"
204.76.203.219 - - [13/Nov/2025:18:31:22 +0800] "GET / HTTP/1.1" 200 3958 "-" "Mozilla/5.0 (Windows NT 10.0; Win64; x64) AppleWebKit/537.36 (KHTML, like Gecko) Chrome/90.0.4430.85 Safari/537.36 Edg/90.0.818.46"
143.20.185.93 - - [13/Nov/2025:18:47:12 +0800] "POST /boaform/admin/formLogin HTTP/1.1" 404 153 "http://120.55.251.144:80/admin/login.asp" "Mozilla/5.0 (X11; Ubuntu; Linux x86_64; rv:71.0) Gecko/20100101 Firefox/71.0"
143.20.185.93 - - [13/Nov/2025:18:47:12 +0800] "" 400 0 "-" "-"
204.76.203.219 - - [13/Nov/2025:18:58:19 +0800] "GET / HTTP/1.1" 200 3958 "-" "Mozilla/5.0 (Windows NT 10.0; Win64; x64) AppleWebKit/537.36 (KHTML, like Gecko) Chrome/90.0.4430.85 Safari/537.36 Edg/90.0.818.46"
87.120.191.6 - - [13/Nov/2025:19:00:31 +0800] "GET / HTTP/1.1" 200 3958 "-" "Mozilla/5.0 (Windows NT 10.0; Win64; x64) AppleWebKit/537.36 (KHTML, like Gecko) Chrome/90.0.4430.85 Safari/537.36 Edg/90.0.818.46"
103.252.89.75 - - [13/Nov/2025:19:09:46 +0800] "GET / HTTP/1.1" 200 3958 "-" "-"
66.132.153.138 - - [13/Nov/2025:19:26:41 +0800] "GET / HTTP/1.1" 200 3958 "-" "Mozilla/5.0 (compatible; CensysInspect/1.1; +https://about.censys.io/)"
66.132.153.138 - - [13/Nov/2025:19:26:45 +0800] "\x16\x03\x01\x00\xEE\x01\x00\x00\xEA\x03\x03\x0C\x9C\xCB\xCB\xDCp\xC9\xC9u\xFF\xFF\xFD\xED\xF0\x1B\x1D\xC9G\x1C\xC3" 400 157 "-" "-"
66.132.153.138 - - [13/Nov/2025:19:26:45 +0800] "PRI * HTTP/2.0" 400 157 "-" "-"
66.132.153.138 - - [13/Nov/2025:19:26:46 +0800] "GET /favicon.ico HTTP/1.1" 404 153 "-" "Mozilla/5.0 (compatible; CensysInspect/1.1; +https://about.censys.io/)"
66.132.153.138 - - [13/Nov/2025:19:27:24 +0800] "GET /login HTTP/1.1" 404 153 "-" "Mozilla/5.0 (compatible; CensysInspect/1.1; +https://about.censys.io/)"
66.132.153.138 - - [13/Nov/2025:19:27:28 +0800] "\x16\x03\x01\x00\xEE\x01\x00\x00\xEA\x03\x03V\x1A\xAA\xB4\xDA&\x87a\x01\xDED\x80\x16\xC7\xA1'\x0C\xB8\xB0h \xC8\x81\xCD~\x1E0\xBD\x5Ck\xE9\xD4 \xA3M\xAF_k\xDD0*\x8D\x07U%\xD9\xA1\xEB=\xBE\x90\xAF\x04P\x07\x7F>P\x15|$oq\x9F$\x00&\xCC\xA8\xCC\xA9\xC0/\xC00\xC0+\xC0,\xC0\x13\xC0\x09\xC0\x14\xC0" 400 157 "-" "-"
204.76.203.219 - - [13/Nov/2025:19:28:15 +0800] "GET / HTTP/1.1" 200 3958 "-" "Mozilla/5.0 (Windows NT 10.0; Win64; x64) AppleWebKit/537.36 (KHTML, like Gecko) Chrome/90.0.4430.85 Safari/537.36 Edg/90.0.818.46"
120.77.174.138 - - [13/Nov/2025:19:36:39 +0800] "GET / HTTP/1.1" 200 3958 "-" "Mozilla/5.0 (Windows NT 10.0; Win64; x64) AppleWebKit/537.36 (KHTML, like Gecko) Chrome/88.0.4240.193 Safari/537.36"
120.77.174.138 - - [13/Nov/2025:19:36:39 +0800] "GET / HTTP/1.1" 200 3958 "-" "Mozilla/5.0 (Windows NT 10.0; Win64; x64) AppleWebKit/537.36 (KHTML, like Gecko) Chrome/88.0.4240.193 Safari/537.36"
120.77.174.138 - - [13/Nov/2025:19:36:39 +0800] "GET /wp-includes/wlwmanifest.xml HTTP/1.1" 404 555 "-" "Mozilla/5.0 (Windows NT 10.0; Win64; x64) AppleWebKit/537.36 (KHTML, like Gecko) Chrome/88.0.4240.193 Safari/537.36"
120.77.174.138 - - [13/Nov/2025:19:36:39 +0800] "GET /xmlrpc.php?rsd HTTP/1.1" 404 555 "-" "Mozilla/5.0 (Windows NT 10.0; Win64; x64) AppleWebKit/537.36 (KHTML, like Gecko) Chrome/88.0.4240.193 Safari/537.36"
120.77.174.138 - - [13/Nov/2025:19:36:39 +0800] "GET / HTTP/1.1" 200 3958 "-" "Mozilla/5.0 (Windows NT 10.0; Win64; x64) AppleWebKit/537.36 (KHTML, like Gecko) Chrome/88.0.4240.193 Safari/537.36"
120.77.174.138 - - [13/Nov/2025:19:36:39 +0800] "GET /blog/wp-includes/wlwmanifest.xml HTTP/1.1" 404 555 "-" "Mozilla/5.0 (Windows NT 10.0; Win64; x64) AppleWebKit/537.36 (KHTML, like Gecko) Chrome/88.0.4240.193 Safari/537.36"
120.77.174.138 - - [13/Nov/2025:19:36:39 +0800] "GET /web/wp-includes/wlwmanifest.xml HTTP/1.1" 404 555 "-" "Mozilla/5.0 (Windows NT 10.0; Win64; x64) AppleWebKit/537.36 (KHTML, like Gecko) Chrome/88.0.4240.193 Safari/537.36"
120.77.174.138 - - [13/Nov/2025:19:36:39 +0800] "GET /wordpress/wp-includes/wlwmanifest.xml HTTP/1.1" 404 555 "-" "Mozilla/5.0 (Windows NT 10.0; Win64; x64) AppleWebKit/537.36 (KHTML, like Gecko) Chrome/88.0.4240.193 Safari/537.36"
120.77.174.138 - - [13/Nov/2025:19:36:39 +0800] "GET /website/wp-includes/wlwmanifest.xml HTTP/1.1" 404 555 "-" "Mozilla/5.0 (Windows NT 10.0; Win64; x64) AppleWebKit/537.36 (KHTML, like Gecko) Chrome/88.0.4240.193 Safari/537.36"
120.77.174.138 - - [13/Nov/2025:19:36:39 +0800] "GET /wp/wp-includes/wlwmanifest.xml HTTP/1.1" 404 555 "-" "Mozilla/5.0 (Windows NT 10.0; Win64; x64) AppleWebKit/537.36 (KHTML, like Gecko) Chrome/88.0.4240.193 Safari/537.36"
120.77.174.138 - - [13/Nov/2025:19:36:39 +0800] "GET /news/wp-includes/wlwmanifest.xml HTTP/1.1" 404 555 "-" "Mozilla/5.0 (Windows NT 10.0; Win64; x64) AppleWebKit/537.36 (KHTML, like Gecko) Chrome/88.0.4240.193 Safari/537.36"
120.77.174.138 - - [13/Nov/2025:19:36:39 +0800] "GET /2020/wp-includes/wlwmanifest.xml HTTP/1.1" 404 555 "-" "Mozilla/5.0 (Windows NT 10.0; Win64; x64) AppleWebKit/537.36 (KHTML, like Gecko) Chrome/88.0.4240.193 Safari/537.36"
120.77.174.138 - - [13/Nov/2025:19:36:39 +0800] "GET /2019/wp-includes/wlwmanifest.xml HTTP/1.1" 404 555 "-" "Mozilla/5.0 (Windows NT 10.0; Win64; x64) AppleWebKit/537.36 (KHTML, like Gecko) Chrome/88.0.4240.193 Safari/537.36"
120.77.174.138 - - [13/Nov/2025:19:36:39 +0800] "GET /shop/wp-includes/wlwmanifest.xml HTTP/1.1" 404 555 "-" "Mozilla/5.0 (Windows NT 10.0; Win64; x64) AppleWebKit/537.36 (KHTML, like Gecko) Chrome/88.0.4240.193 Safari/537.36"
120.77.174.138 - - [13/Nov/2025:19:36:39 +0800] "GET /wp1/wp-includes/wlwmanifest.xml HTTP/1.1" 404 555 "-" "Mozilla/5.0 (Windows NT 10.0; Win64; x64) AppleWebKit/537.36 (KHTML, like Gecko) Chrome/88.0.4240.193 Safari/537.36"
120.77.174.138 - - [13/Nov/2025:19:36:39 +0800] "GET /test/wp-includes/wlwmanifest.xml HTTP/1.1" 404 555 "-" "Mozilla/5.0 (Windows NT 10.0; Win64; x64) AppleWebKit/537.36 (KHTML, like Gecko) Chrome/88.0.4240.193 Safari/537.36"
120.77.174.138 - - [13/Nov/2025:19:36:39 +0800] "GET /wp2/wp-includes/wlwmanifest.xml HTTP/1.1" 404 555 "-" "Mozilla/5.0 (Windows NT 10.0; Win64; x64) AppleWebKit/537.36 (KHTML, like Gecko) Chrome/88.0.4240.193 Safari/537.36"
120.77.174.138 - - [13/Nov/2025:19:36:39 +0800] "GET /site/wp-includes/wlwmanifest.xml HTTP/1.1" 404 555 "-" "Mozilla/5.0 (Windows NT 10.0; Win64; x64) AppleWebKit/537.36 (KHTML, like Gecko) Chrome/88.0.4240.193 Safari/537.36"
120.77.174.138 - - [13/Nov/2025:19:36:39 +0800] "GET /cms/wp-includes/wlwmanifest.xml HTTP/1.1" 404 555 "-" "Mozilla/5.0 (Windows NT 10.0; Win64; x64) AppleWebKit/537.36 (KHTML, like Gecko) Chrome/88.0.4240.193 Safari/537.36"
120.77.174.138 - - [13/Nov/2025:19:36:39 +0800] "GET /sito/wp-includes/wlwmanifest.xml HTTP/1.1" 404 555 "-" "Mozilla/5.0 (Windows NT 10.0; Win64; x64) AppleWebKit/537.36 (KHTML, like Gecko) Chrome/88.0.4240.193 Safari/537.36"
120.77.174.138 - - [13/Nov/2025:19:36:39 +0800] "" 400 0 "-" "-"
134.195.158.241 - - [13/Nov/2025:19:44:37 +0800] "GET / HTTP/1.1" 200 3958 "-" "Mozilla/5.0 (Windows NT 10.0; Win64; x64) AppleWebKit/537.36"
64.62.197.77 - - [13/Nov/2025:19:50:51 +0800] "GET / HTTP/1.1" 200 3958 "-" "Mozilla/5.0 (Windows NT 10.0; rv:109.0) Gecko/20100101 Firefox/115.0"
64.62.197.77 - - [13/Nov/2025:19:52:00 +0800] "GET /webui/ HTTP/1.1" 404 555 "-" "Mozilla/5.0 (Windows NT 10.0; Win64; x64) AppleWebKit/537.36 (KHTML, like Gecko) Chrome/109.0.0.0 Safari/537.36 Edg/109.0.1518.70"
64.62.197.81 - - [13/Nov/2025:19:53:43 +0800] "GET /favicon.ico HTTP/1.1" 404 153 "-" "Mozilla/5.0 (X11; Linux x86_64; rv:109.0) Gecko/20100101 Firefox/109.0"
64.62.197.77 - - [13/Nov/2025:19:54:07 +0800] "GET /geoserver/web/ HTTP/1.1" 404 153 "-" "Mozilla/5.0 (Windows NT 10.0; rv:109.0) Gecko/20100101 Firefox/115.0"
204.76.203.219 - - [13/Nov/2025:19:54:32 +0800] "GET / HTTP/1.1" 200 3958 "-" "Mozilla/5.0 (Windows NT 10.0; Win64; x64) AppleWebKit/537.36 (KHTML, like Gecko) Chrome/90.0.4430.85 Safari/537.36 Edg/90.0.818.46"
204.76.203.219 - - [13/Nov/2025:20:20:50 +0800] "GET / HTTP/1.1" 200 3958 "-" "Mozilla/5.0 (Windows NT 10.0; Win64; x64) AppleWebKit/537.36 (KHTML, like Gecko) Chrome/90.0.4430.85 Safari/537.36 Edg/90.0.818.46"
5.187.35.21 - - [13/Nov/2025:20:42:15 +0800] "GET / HTTP/1.1" 200 3958 "-" "Mozilla/5.0 (Windows NT 10.0; Win64; x64) AppleWebKit/537.36 (KHTML, like Gecko) Chrome/90.0.4430.85 Safari/537.36 Edg/90.0.818.46"
204.76.203.219 - - [13/Nov/2025:20:47:40 +0800] "GET / HTTP/1.1" 200 3958 "-" "Mozilla/5.0 (Windows NT 10.0; Win64; x64) AppleWebKit/537.36 (KHTML, like Gecko) Chrome/90.0.4430.85 Safari/537.36 Edg/90.0.818.46"
204.76.203.219 - - [13/Nov/2025:21:17:29 +0800] "GET / HTTP/1.1" 200 3958 "-" "Mozilla/5.0 (Windows NT 10.0; Win64; x64) AppleWebKit/537.36 (KHTML, like Gecko) Chrome/90.0.4430.85 Safari/537.36 Edg/90.0.818.46"
184.105.247.196 - - [13/Nov/2025:21:22:23 +0800] "\x16\x03\x01\x00{\x01\x00\x00w\x03\x03\xEE\xF4\x8DX\xA2E\xC2\xA1\xF1\xA9\x1A^2V\xF0\x8Fi\xCC?R\xF9\x18\xCAni\x80\xDA\x01\xDA\x93\x8E\xDD\x00\x00\x1A\xC0/\xC0+\xC0\x11\xC0\x07\xC0\x13\xC0\x09\xC0\x14\xC0" 400 157 "-" "-"
204.76.203.219 - - [13/Nov/2025:21:45:16 +0800] "GET / HTTP/1.1" 200 3958 "-" "Mozilla/5.0 (Windows NT 10.0; Win64; x64) AppleWebKit/537.36 (KHTML, like Gecko) Chrome/90.0.4430.85 Safari/537.36 Edg/90.0.818.46"
204.76.203.219 - - [13/Nov/2025:21:52:40 +0800] "GET / HTTP/1.1" 200 3958 "-" "Mozilla/5.0 (Windows NT 10.0; Win64; x64) AppleWebKit/537.36 (KHTML, like Gecko) Chrome/90.0.4430.85 Safari/537.36 Edg/90.0.818.46"
106.14.47.169 - - [13/Nov/2025:22:00:03 +0800] "\x16\x03\x01\x02\x00\x01\x00\x01\xFC\x03\x03F\xA7!\x8E\xE3|\x95MC\x92\xEF\xA7u\x1C\xCE\x8F\xA6\xAF\xE0\xFE?\xF0\x1BNe;\x99=X!\x83\xBE \xC7\xDCSp\x8CV\xE1\x11j\x98\x85\x90\xBD\xDD\x01'\xFD`\xE3*\x8C\xAAs\x14*l\x1E!/>\x15\x95\x00>\x13\x02\x13\x03\x13\x01\xC0,\xC00\x00\x9F\xCC\xA9\xCC\xA8\xCC\xAA\xC0+\xC0/\x00\x9E\xC0$\xC0(\x00k\xC0#\xC0'\x00g\xC0" 400 157 "-" "-"
106.14.47.169 - - [13/Nov/2025:22:00:03 +0800] "GET / HTTP/1.1" 200 3958 "-" "Mozilla/5.0 (Windows NT 10.0; Win64; x64) AppleWebKit/537.36 (KHTML, like Gecko) Chrome/79.0.3945.130 Safari/537.36"
59.82.83.247 - - [13/Nov/2025:22:03:39 +0800] "GET / HTTP/1.1" 200 3958 "-" "Mozilla/5.0 (Windows NT 10.0; Win64; x64) AppleWebKit/537.36 (KHTML, like Gecko) Chrome/86.0.7906.143 Safari/537.36"
59.82.83.247 - - [13/Nov/2025:22:03:39 +0800] "GET / HTTP/1.1" 200 3958 "-" "Mozilla/5.0 (Windows NT 10.0; Win64; x64) AppleWebKit/537.36 (KHTML, like Gecko) Chrome/97.0.7931.166 Safari/537.36"
59.82.83.247 - - [13/Nov/2025:22:03:39 +0800] "GET /favicon.ico HTTP/1.1" 404 555 "-" "Mozilla/5.0 (Windows NT 10.0; Win64; x64) AppleWebKit/537.36 (KHTML, like Gecko) Chrome/97.0.7931.166 Safari/537.36"
59.82.83.247 - - [13/Nov/2025:22:03:40 +0800] "GET /1.jpg HTTP/1.1" 200 254612 "-" "Mozilla/5.0 (Windows NT 10.0; Win64; x64) AppleWebKit/537.36 (KHTML, like Gecko) Chrome/95.0.1448.132 Safari/537.36"
59.82.83.247 - - [13/Nov/2025:22:03:40 +0800] "GET / HTTP/1.1" 200 3958 "-" "Mozilla/5.0 (Windows NT 10.0; Win64; x64) AppleWebKit/537.36 (KHTML, like Gecko) Chrome/92.0.7221.134 Safari/537.36"
59.82.83.247 - - [13/Nov/2025:22:03:40 +0800] "GET /favicon.ico HTTP/1.1" 404 555 "-" "Mozilla/5.0 (Windows NT 10.0; Win64; x64) AppleWebKit/537.36 (KHTML, like Gecko) Chrome/92.0.7221.134 Safari/537.36"
64.62.156.136 - - [13/Nov/2025:22:18:02 +0800] "GET /vkey/ HTTP/1.1" 404 153 "-" "Mozilla/5.0 (Macintosh; Intel Mac OS X 10.15; rv:126.0) Gecko/20100101 Firefox/126.0"
204.76.203.219 - - [13/Nov/2025:22:23:04 +0800] "GET / HTTP/1.1" 200 3958 "-" "Mozilla/5.0 (Windows NT 10.0; Win64; x64) AppleWebKit/537.36 (KHTML, like Gecko) Chrome/90.0.4430.85 Safari/537.36 Edg/90.0.818.46"
113.215.189.114 - - [13/Nov/2025:22:40:23 +0800] "GET / HTTP/1.1" 200 3958 "-" "Mozilla/5.0 (Windows NT 10.0; Win64; x64) AppleWebKit/537.36 (KHTML, like Gecko) Chrome/102.0.1179.65 Safari/537.36"
113.215.189.114 - - [13/Nov/2025:22:40:23 +0800] "GET / HTTP/1.1" 200 3958 "-" "Mozilla/5.0 (Windows NT 10.0; Win64; x64) AppleWebKit/537.36 (KHTML, like Gecko) Chrome/93.0.5499.21 Safari/537.36"
113.215.189.114 - - [13/Nov/2025:22:40:23 +0800] "GET /favicon.ico HTTP/1.1" 404 555 "-" "Mozilla/5.0 (Windows NT 10.0; Win64; x64) AppleWebKit/537.36 (KHTML, like Gecko) Chrome/93.0.5499.21 Safari/537.36"
113.215.189.114 - - [13/Nov/2025:22:40:24 +0800] "GET /1.jpg HTTP/1.1" 200 254612 "-" "Mozilla/5.0 (Windows NT 10.0; Win64; x64) AppleWebKit/537.36 (KHTML, like Gecko) Chrome/112.0.7315.92 Safari/537.36"
113.215.189.114 - - [13/Nov/2025:22:40:24 +0800] "GET / HTTP/1.1" 200 3958 "-" "Mozilla/5.0 (Windows NT 10.0; Win64; x64) AppleWebKit/537.36 (KHTML, like Gecko) Chrome/115.0.6231.63 Safari/537.36"
113.215.189.114 - - [13/Nov/2025:22:40:24 +0800] "GET /favicon.ico HTTP/1.1" 404 555 "-" "Mozilla/5.0 (Windows NT 10.0; Win64; x64) AppleWebKit/537.36 (KHTML, like Gecko) Chrome/115.0.6231.63 Safari/537.36"
45.148.10.248 - - [13/Nov/2025:22:46:37 +0800] "GET /.git/config HTTP/1.1" 404 153 "-" "Opera/9.80 (Android 4.0.4; Linux; Opera Mobi/ADR-1205181138; U; pl) Presto/2.10.254 Version/12.00"
204.76.203.219 - - [13/Nov/2025:22:49:32 +0800] "GET / HTTP/1.1" 200 3958 "-" "Mozilla/5.0 (Windows NT 10.0; Win64; x64) AppleWebKit/537.36 (KHTML, like Gecko) Chrome/90.0.4430.85 Safari/537.36 Edg/90.0.818.46"
103.252.89.75 - - [13/Nov/2025:23:02:50 +0800] "GET / HTTP/1.1" 200 3958 "-" "-"
5.187.35.21 - - [13/Nov/2025:23:04:07 +0800] "GET / HTTP/1.1" 200 3958 "-" "Mozilla/5.0 (Windows NT 10.0; Win64; x64) AppleWebKit/537.36 (KHTML, like Gecko) Chrome/90.0.4430.85 Safari/537.36 Edg/90.0.818.46"
193.142.147.209 - - [13/Nov/2025:23:05:43 +0800] "GET /cgi-bin/luci/;stok=/locale HTTP/1.1" 404 153 "-" "-"
45.140.17.52 - - [13/Nov/2025:23:09:54 +0800] "\x03\x00\x00/*\xE0\x00\x00\x00\x00\x00Cookie: mstshash=Administr" 400 157 "-" "-"
47.237.177.222 - - [13/Nov/2025:23:10:06 +0800] "\x04\x01\x00Pg)\xA7\xEA\x00" 400 157 "-" "-"
47.237.177.222 - - [13/Nov/2025:23:10:16 +0800] "\x05\x01\x00" 400 157 "-" "-"
204.76.203.219 - - [13/Nov/2025:23:16:52 +0800] "GET / HTTP/1.1" 200 3958 "-" "Mozilla/5.0 (Windows NT 10.0; Win64; x64) AppleWebKit/537.36 (KHTML, like Gecko) Chrome/90.0.4430.85 Safari/537.36 Edg/90.0.818.46"
204.76.203.219 - - [13/Nov/2025:23:47:05 +0800] "GET / HTTP/1.1" 200 3958 "-" "Mozilla/5.0 (Windows NT 10.0; Win64; x64) AppleWebKit/537.36 (KHTML, like Gecko) Chrome/90.0.4430.85 Safari/537.36 Edg/90.0.818.46"
91.239.216.8 - - [13/Nov/2025:23:49:16 +0800] "GET / HTTP/1.1" 200 3958 "-" "-"
5.187.35.21 - - [14/Nov/2025:00:10:47 +0800] "GET / HTTP/1.1" 200 3958 "-" "Mozilla/5.0 (Windows NT 10.0; Win64; x64) AppleWebKit/537.36 (KHTML, like Gecko) Chrome/90.0.4430.85 Safari/537.36 Edg/90.0.818.46"
204.76.203.219 - - [14/Nov/2025:00:16:24 +0800] "GET / HTTP/1.1" 200 3958 "-" "Mozilla/5.0 (Windows NT 10.0; Win64; x64) AppleWebKit/537.36 (KHTML, like Gecko) Chrome/90.0.4430.85 Safari/537.36 Edg/90.0.818.46"
204.76.203.219 - - [14/Nov/2025:00:41:04 +0800] "GET / HTTP/1.1" 200 3958 "-" "Mozilla/5.0 (Windows NT 10.0; Win64; x64) AppleWebKit/537.36 (KHTML, like Gecko) Chrome/90.0.4430.85 Safari/537.36 Edg/90.0.818.46"
188.166.16.179 - - [14/Nov/2025:00:59:32 +0800] "GET /admin/config.php HTTP/1.0" 404 555 "-" "Mozilla/5.0 (Linux; Android 11; Pixel 5) AppleWebKit/537.36 (KHTML, like Gecko) Chrome/94.0.4983.61 Safari/537.36"
121.41.164.251 - - [14/Nov/2025:01:03:00 +0800] "GET / HTTP/1.0" 200 3958 "-" "-"
121.41.164.251 - - [14/Nov/2025:01:03:04 +0800] "GET / HTTP/1.0" 200 3958 "-" "-"
121.41.164.251 - - [14/Nov/2025:01:03:04 +0800] "GET /nmaplowercheck1763053384 HTTP/1.1" 404 153 "-" "Mozilla/5.0 (compatible; Nmap Scripting Engine; https://nmap.org/book/nse.html)"
121.41.164.251 - - [14/Nov/2025:01:03:04 +0800] "POST /sdk HTTP/1.1" 404 153 "-" "Mozilla/5.0 (compatible; Nmap Scripting Engine; https://nmap.org/book/nse.html)"
121.41.164.251 - - [14/Nov/2025:01:03:04 +0800] "GET /evox/about HTTP/1.1" 404 153 "-" "Mozilla/5.0 (compatible; Nmap Scripting Engine; https://nmap.org/book/nse.html)"
121.41.164.251 - - [14/Nov/2025:01:03:04 +0800] "GET /HNAP1 HTTP/1.1" 404 153 "-" "Mozilla/5.0 (compatible; Nmap Scripting Engine; https://nmap.org/book/nse.html)"
121.41.164.251 - - [14/Nov/2025:01:03:14 +0800] "\x16\x03\x01\x02\x00\x01\x00\x01\xFC\x03\x03+E\xF2\xBD\xEB\xE5\xA9Nj%|\x17\x8B\xE9\xA7DH\xCA0\xC2\x1F\xD3\x1C]\xFF>\xB68\xC3\x14(2\x00\x00\xDA\x00\x05\x00\x04\x00\x02\x00\x01\x00\x16\x003\x009\x00:\x00\x18\x005\x00" 400 157 "-" "-"
121.41.164.251 - - [14/Nov/2025:01:03:14 +0800] "\x16\x03\x01\x02\x00\x01\x00\x01\xFC\x03\x03\x1Cm{\xE2$2\xCF\xCCw\xD5>z\xBB\xE4\x9D;\x16\xE1\x80\xDF\xD3N\xB4\xC7\xDD\x22\xB6\xC5\xAA`\x1B\x90\x00\x00\xDA\x00\x05\x00\x04\x00\x02\x00\x01\x00\x16\x003\x009\x00:\x00\x18\x005\x00" 400 157 "-" "-"
121.41.164.251 - - [14/Nov/2025:01:03:24 +0800] "GET / HTTP/1.0" 200 3958 "-" "-"
121.41.164.251 - - [14/Nov/2025:01:03:24 +0800] "GET / HTTP/1.1" 200 3958 "-" "-"
204.76.203.219 - - [14/Nov/2025:01:10:50 +0800] "GET / HTTP/1.1" 200 3958 "-" "Mozilla/5.0 (Windows NT 10.0; Win64; x64) AppleWebKit/537.36 (KHTML, like Gecko) Chrome/90.0.4430.85 Safari/537.36 Edg/90.0.818.46"
91.232.238.112 - - [14/Nov/2025:01:30:15 +0800] "GET / HTTP/1.0" 200 3958 "-" "ivre-masscan/1.3 https://github.com/robertdavidgraham/"
204.76.203.219 - - [14/Nov/2025:01:35:06 +0800] "GET / HTTP/1.1" 200 3958 "-" "Mozilla/5.0 (Windows NT 10.0; Win64; x64) AppleWebKit/537.36 (KHTML, like Gecko) Chrome/90.0.4430.85 Safari/537.36 Edg/90.0.818.46"
176.65.148.122 - - [14/Nov/2025:01:42:22 +0800] "GET / HTTP/1.1" 200 3958 "-" "-"
79.124.59.86 - - [14/Nov/2025:01:48:51 +0800] "\x03\x00\x00/*\xE0\x00\x00\x00\x00\x00Cookie: mstshash=Administr" 400 157 "-" "-"
27.148.196.43 - - [14/Nov/2025:01:50:40 +0800] "GET / HTTP/1.1" 200 3958 "-" "Mozilla/5.0 (Android 14; Mobile; rv:128.0) Gecko/128.0 Firefox/128.0"
204.76.203.219 - - [14/Nov/2025:02:04:26 +0800] "GET / HTTP/1.1" 200 3958 "-" "Mozilla/5.0 (Windows NT 10.0; Win64; x64) AppleWebKit/537.36 (KHTML, like Gecko) Chrome/90.0.4430.85 Safari/537.36 Edg/90.0.818.46"
131.196.48.84 - - [14/Nov/2025:02:28:31 +0800] "GET /admin/config.php HTTP/1.0" 404 153 "-" "xfa1"
204.76.203.219 - - [14/Nov/2025:02:29:05 +0800] "GET / HTTP/1.1" 200 3958 "-" "Mozilla/5.0 (Windows NT 10.0; Win64; x64) AppleWebKit/537.36 (KHTML, like Gecko) Chrome/90.0.4430.85 Safari/537.36 Edg/90.0.818.46"
185.242.226.113 - - [14/Nov/2025:02:43:02 +0800] "\x16\x03\x01\x00\x8C\x01\x00\x00\x88\x03\x03\xBF=\xA7\x1Br$g@E\x96\xC1D0N7\xA0\x14@\x8D\xB0\xE4\xAF\xC0\xCA\xF6\xA4\x11\x5C\x5C*\xF3\x91\x00\x00\x1A\xC0/\xC0+\xC0\x11\xC0\x07\xC0\x13\xC0\x09\xC0\x14\xC0" 400 157 "-" "-"
204.76.203.219 - - [14/Nov/2025:02:55:44 +0800] "GET / HTTP/1.1" 200 3958 "-" "Mozilla/5.0 (Windows NT 10.0; Win64; x64) AppleWebKit/537.36 (KHTML, like Gecko) Chrome/90.0.4430.85 Safari/537.36 Edg/90.0.818.46"
93.174.93.12 - - [14/Nov/2025:03:02:05 +0800] "\x16\x03\x02\x01o\x01\x00\x01k\x03\x02RH\xC5\x1A#\xF7:N\xDF\xE2\xB4\x82/\xFF\x09T\x9F\xA7\xC4y\xB0h\xC6\x13\x8C\xA4\x1C=\x22\xE1\x1A\x98 \x84\xB4,\x85\xAFn\xE3Y\xBBbhl\xFF(=':\xA9\x82\xD9o\xC8\xA2\xD7\x93\x98\xB4\xEF\x80\xE5\xB9\x90\x00(\xC0" 400 157 "-" "-"
91.239.216.8 - - [14/Nov/2025:03:05:28 +0800] "GET / HTTP/1.1" 200 3958 "-" "-"
204.76.203.219 - - [14/Nov/2025:03:20:00 +0800] "GET / HTTP/1.1" 200 3958 "-" "Mozilla/5.0 (Windows NT 10.0; Win64; x64) AppleWebKit/537.36 (KHTML, like Gecko) Chrome/90.0.4430.85 Safari/537.36 Edg/90.0.818.46"
124.41.228.80 - - [14/Nov/2025:03:32:03 +0800] "GET / HTTP/1.1" 200 3958 "-" "Mozilla/5.0 (Windows NT 10.0; WOW64) AppleWebKit/537.36 (KHTML, like Gecko) Chrome/51.0.2704.103 Safari/537.36"
20.64.105.148 - - [14/Nov/2025:03:34:27 +0800] "GET /developmentserver/metadatauploader HTTP/1.1" 404 153 "-" "Mozilla/5.0 zgrab/0.x"
204.76.203.30 - - [14/Nov/2025:03:34:37 +0800] "GET /.env HTTP/1.1" 404 153 "-" "Mozilla/5.0 (Linux; U; Android 4.1.2; en-gb; GT-P3110 Build/JZO54K) AppleWebKit/534.30 (KHTML, like Gecko) Version/4.0 Safari/534.30"
204.76.203.30 - - [14/Nov/2025:03:34:37 +0800] "GET /dashboard/.env.db HTTP/1.1" 404 153 "-" "Mozilla/4.76 (Windows NT 4.0; U) Opera 5.12  [en]"
204.76.203.219 - - [14/Nov/2025:03:49:02 +0800] "GET / HTTP/1.1" 200 3958 "-" "Mozilla/5.0 (Windows NT 10.0; Win64; x64) AppleWebKit/537.36 (KHTML, like Gecko) Chrome/90.0.4430.85 Safari/537.36 Edg/90.0.818.46"
185.216.140.186 - - [14/Nov/2025:03:49:08 +0800] "GET / HTTP/1.1" 200 3958 "-" "-"
45.177.148.185 - - [14/Nov/2025:03:50:37 +0800] "GET / HTTP/1.1" 200 3958 "-" "Mozilla/5.0 (Windows NT 10.0; WOW64) AppleWebKit/537.36 (KHTML, like Gecko) Chrome/51.0.2704.103 Safari/537.36"
54.177.121.153 - - [14/Nov/2025:04:10:41 +0800] "GET / HTTP/1.1" 200 3958 "-" "Mozilla/5.0 (Macintosh; Intel Mac OS X 10_11_5) AppleWebKit/537.36 (KHTML, like Gecko) Chrome/50.0.2661.102 Safari/537.36"
204.76.203.219 - - [14/Nov/2025:04:14:55 +0800] "GET / HTTP/1.1" 200 3958 "-" "Mozilla/5.0 (Windows NT 10.0; Win64; x64) AppleWebKit/537.36 (KHTML, like Gecko) Chrome/90.0.4430.85 Safari/537.36 Edg/90.0.818.46"
88.210.63.16 - - [14/Nov/2025:04:25:28 +0800] "\x03\x00\x00/*\xE0\x00\x00\x00\x00\x00Cookie: mstshash=Administr" 400 157 "-" "-"
139.5.0.161 - - [14/Nov/2025:04:29:46 +0800] "POST /HNAP1/ HTTP/1.0" 404 153 "-" "-"
93.174.93.12 - - [14/Nov/2025:04:38:49 +0800] "GET / HTTP/1.0" 200 3958 "-" "Mozilla/5.0 (Windows NT 10.0; Win64; x64) AppleWebKit/537.36 (KHTML, like Gecko) Chrome/78.0.3866.0 Safari/537.36"
204.76.203.219 - - [14/Nov/2025:04:41:32 +0800] "GET / HTTP/1.1" 200 3958 "-" "Mozilla/5.0 (Windows NT 10.0; Win64; x64) AppleWebKit/537.36 (KHTML, like Gecko) Chrome/90.0.4430.85 Safari/537.36 Edg/90.0.818.46"
44.212.53.44 - - [14/Nov/2025:05:01:10 +0800] "GET / HTTP/1.1" 200 3958 "-" "Mozilla/5.0 (Windows NT 10.0; Win64; x64) AppleWebKit/537.36 (KHTML, like Gecko) Chrome/136.0.0.0 Safari/537.36"
204.76.203.219 - - [14/Nov/2025:05:06:54 +0800] "GET / HTTP/1.1" 200 3958 "-" "Mozilla/5.0 (Windows NT 10.0; Win64; x64) AppleWebKit/537.36 (KHTML, like Gecko) Chrome/90.0.4430.85 Safari/537.36 Edg/90.0.818.46"
209.38.201.154 - - [14/Nov/2025:05:14:11 +0800] "\x00\x00\x00\x00\x00\x00\x00\x00\x00\x00\x00\x00\x00\x00\x00\x00\x00\x00\x00\x00" 400 157 "-" "-"
204.76.203.219 - - [14/Nov/2025:05:33:25 +0800] "GET / HTTP/1.1" 200 3958 "-" "Mozilla/5.0 (Windows NT 10.0; Win64; x64) AppleWebKit/537.36 (KHTML, like Gecko) Chrome/90.0.4430.85 Safari/537.36 Edg/90.0.818.46"
27.148.196.43 - - [14/Nov/2025:05:33:41 +0800] "GET / HTTP/1.1" 200 3958 "-" "Mozilla/5.0 (Android 14; Mobile; rv:128.0) Gecko/128.0 Firefox/128.0"
213.209.157.254 - - [14/Nov/2025:05:56:01 +0800] "GET /.git/config HTTP/1.1" 404 153 "-" "Mozilla/5.0 (X11; U; Linux armv6l; rv 1.8.1.5pre) Gecko/20070619 Minimo/0.020"
204.76.203.219 - - [14/Nov/2025:06:00:10 +0800] "GET / HTTP/1.1" 200 3958 "-" "Mozilla/5.0 (Windows NT 10.0; Win64; x64) AppleWebKit/537.36 (KHTML, like Gecko) Chrome/90.0.4430.85 Safari/537.36 Edg/90.0.818.46"
5.187.35.21 - - [14/Nov/2025:06:09:30 +0800] "GET / HTTP/1.1" 200 3958 "-" "Mozilla/5.0 (Windows NT 10.0; Win64; x64) AppleWebKit/537.36 (KHTML, like Gecko) Chrome/90.0.4430.85 Safari/537.36 Edg/90.0.818.46"
194.163.129.51 - - [14/Nov/2025:06:10:15 +0800] "GET /admin/config.php HTTP/1.0" 404 153 "-" "xfa1"
193.142.147.209 - - [14/Nov/2025:06:14:49 +0800] "GET /cgi-bin/luci/;stok=/locale HTTP/1.1" 404 153 "-" "-"
204.76.203.219 - - [14/Nov/2025:06:23:58 +0800] "GET / HTTP/1.1" 200 3958 "-" "Mozilla/5.0 (Windows NT 10.0; Win64; x64) AppleWebKit/537.36 (KHTML, like Gecko) Chrome/90.0.4430.85 Safari/537.36 Edg/90.0.818.46"
194.163.129.51 - - [14/Nov/2025:06:41:37 +0800] "GET /robots.txt HTTP/1.1" 404 153 "-" "Mozilla/5.0"
91.239.216.8 - - [14/Nov/2025:06:46:55 +0800] "GET / HTTP/1.1" 200 3958 "-" "-"
204.76.203.219 - - [14/Nov/2025:06:50:30 +0800] "GET / HTTP/1.1" 200 3958 "-" "Mozilla/5.0 (Windows NT 10.0; Win64; x64) AppleWebKit/537.36 (KHTML, like Gecko) Chrome/90.0.4430.85 Safari/537.36 Edg/90.0.818.46"
5.187.35.21 - - [14/Nov/2025:06:51:52 +0800] "GET / HTTP/1.1" 200 3958 "-" "Mozilla/5.0 (Windows NT 10.0; Win64; x64) AppleWebKit/537.36 (KHTML, like Gecko) Chrome/90.0.4430.85 Safari/537.36 Edg/90.0.818.46"
204.76.203.18 - - [14/Nov/2025:06:56:46 +0800] "GET /bins/ HTTP/1.1" 404 153 "-" "-"
103.252.89.75 - - [14/Nov/2025:07:15:36 +0800] "GET / HTTP/1.1" 200 3958 "-" "-"
204.76.203.219 - - [14/Nov/2025:07:16:29 +0800] "GET / HTTP/1.1" 200 3958 "-" "Mozilla/5.0 (Windows NT 10.0; Win64; x64) AppleWebKit/537.36 (KHTML, like Gecko) Chrome/90.0.4430.85 Safari/537.36 Edg/90.0.818.46"
204.76.203.219 - - [14/Nov/2025:07:44:18 +0800] "GET / HTTP/1.1" 200 3958 "-" "Mozilla/5.0 (Windows NT 10.0; Win64; x64) AppleWebKit/537.36 (KHTML, like Gecko) Chrome/90.0.4430.85 Safari/537.36 Edg/90.0.818.46"
47.237.177.222 - - [14/Nov/2025:08:01:35 +0800] "\x05\x01\x00" 400 157 "-" "-"
47.237.177.222 - - [14/Nov/2025:08:04:14 +0800] "\x04\x01\x00Pg)\xA7\xEA\x00" 400 157 "-" "-"
91.239.216.8 - - [14/Nov/2025:08:09:05 +0800] "GET / HTTP/1.1" 200 3958 "-" "-"
204.76.203.219 - - [14/Nov/2025:08:09:29 +0800] "GET / HTTP/1.1" 200 3958 "-" "Mozilla/5.0 (Windows NT 10.0; Win64; x64) AppleWebKit/537.36 (KHTML, like Gecko) Chrome/90.0.4430.85 Safari/537.36 Edg/90.0.818.46"
204.76.203.219 - - [14/Nov/2025:08:35:31 +0800] "GET / HTTP/1.1" 200 3958 "-" "Mozilla/5.0 (Windows NT 10.0; Win64; x64) AppleWebKit/537.36 (KHTML, like Gecko) Chrome/90.0.4430.85 Safari/537.36 Edg/90.0.818.46"
204.76.203.219 - - [14/Nov/2025:09:02:19 +0800] "GET / HTTP/1.1" 200 3958 "-" "Mozilla/5.0 (Windows NT 10.0; Win64; x64) AppleWebKit/537.36 (KHTML, like Gecko) Chrome/90.0.4430.85 Safari/537.36 Edg/90.0.818.46"
198.235.24.101 - - [14/Nov/2025:09:05:20 +0800] "\x16\x03\x01\x00\xCA\x01\x00\x00\xC6\x03\x03\x11\x18\xFC[So\xA5{\xB1\x98\xC2\xB6@\xE6\xE0" 400 157 "-" "-"
198.235.24.101 - - [14/Nov/2025:09:05:20 +0800] "\x16\x03\x01\x00\xEE\x01\x00\x00\xEA\x03\x038Y\xB0\xDEP\x1D\x81*/\x0E\xB5Td\xD3\x08\x98\xA8;Jm\x0B\x5C\x80\x7F\x1Ccv\x83P\xD5\x00\xF9 L\x98\xB7\xADr`u(\xE7\x89U\xE6\xDF\x91\x0BI\x0FE\x115\xDA\x7Fi\x1Ac\x16\x88\xE8%e\xDF\xF4\x00&\xC0+\xC0/\xC0,\xC00\xCC\xA9\xCC\xA8\xC0\x09\xC0\x13\xC0" 400 157 "-" "-"
179.43.169.98 - - [14/Nov/2025:09:08:11 +0800] "GET /.env HTTP/1.1" 404 153 "-" "Go-http-client/1.1"
193.142.147.209 - - [14/Nov/2025:09:13:46 +0800] "GET /cgi-bin/luci/;stok=/locale HTTP/1.1" 404 153 "-" "-"
27.148.196.43 - - [14/Nov/2025:09:17:19 +0800] "GET / HTTP/1.1" 200 3958 "-" "Mozilla/5.0 (Android 14; Mobile; rv:128.0) Gecko/128.0 Firefox/128.0"
204.76.203.219 - - [14/Nov/2025:09:28:44 +0800] "GET / HTTP/1.1" 200 3958 "-" "Mozilla/5.0 (Windows NT 10.0; Win64; x64) AppleWebKit/537.36 (KHTML, like Gecko) Chrome/90.0.4430.85 Safari/537.36 Edg/90.0.818.46"
5.187.35.21 - - [14/Nov/2025:09:43:58 +0800] "GET / HTTP/1.1" 200 3958 "-" "Mozilla/5.0 (Windows NT 10.0; Win64; x64) AppleWebKit/537.36 (KHTML, like Gecko) Chrome/90.0.4430.85 Safari/537.36 Edg/90.0.818.46"
204.76.203.219 - - [14/Nov/2025:09:55:46 +0800] "GET / HTTP/1.1" 200 3958 "-" "Mozilla/5.0 (Windows NT 10.0; Win64; x64) AppleWebKit/537.36 (KHTML, like Gecko) Chrome/90.0.4430.85 Safari/537.36 Edg/90.0.818.46"
185.247.137.12 - - [14/Nov/2025:09:56:36 +0800] "GET / HTTP/1.1" 200 3958 "-" "Mozilla/5.0 (compatible; InternetMeasurement/1.0; +https://internet-measurement.com/)"
120.77.174.138 - - [14/Nov/2025:10:09:59 +0800] "GET / HTTP/1.1" 200 3958 "-" "Mozilla/5.0 (Windows NT 10.0; Win64; x64) AppleWebKit/537.36 (KHTML, like Gecko) Chrome/88.0.4240.193 Safari/537.36"
120.77.174.138 - - [14/Nov/2025:10:09:59 +0800] "GET / HTTP/1.1" 200 3958 "-" "Mozilla/5.0 (Windows NT 10.0; Win64; x64) AppleWebKit/537.36 (KHTML, like Gecko) Chrome/88.0.4240.193 Safari/537.36"
120.77.174.138 - - [14/Nov/2025:10:09:59 +0800] "GET /wp-includes/wlwmanifest.xml HTTP/1.1" 404 555 "-" "Mozilla/5.0 (Windows NT 10.0; Win64; x64) AppleWebKit/537.36 (KHTML, like Gecko) Chrome/88.0.4240.193 Safari/537.36"
120.77.174.138 - - [14/Nov/2025:10:09:59 +0800] "GET /xmlrpc.php?rsd HTTP/1.1" 404 555 "-" "Mozilla/5.0 (Windows NT 10.0; Win64; x64) AppleWebKit/537.36 (KHTML, like Gecko) Chrome/88.0.4240.193 Safari/537.36"
120.77.174.138 - - [14/Nov/2025:10:09:59 +0800] "GET / HTTP/1.1" 200 3958 "-" "Mozilla/5.0 (Windows NT 10.0; Win64; x64) AppleWebKit/537.36 (KHTML, like Gecko) Chrome/88.0.4240.193 Safari/537.36"
120.77.174.138 - - [14/Nov/2025:10:09:59 +0800] "GET /blog/wp-includes/wlwmanifest.xml HTTP/1.1" 404 555 "-" "Mozilla/5.0 (Windows NT 10.0; Win64; x64) AppleWebKit/537.36 (KHTML, like Gecko) Chrome/88.0.4240.193 Safari/537.36"
120.77.174.138 - - [14/Nov/2025:10:09:59 +0800] "GET /web/wp-includes/wlwmanifest.xml HTTP/1.1" 404 555 "-" "Mozilla/5.0 (Windows NT 10.0; Win64; x64) AppleWebKit/537.36 (KHTML, like Gecko) Chrome/88.0.4240.193 Safari/537.36"
120.77.174.138 - - [14/Nov/2025:10:09:59 +0800] "GET /wordpress/wp-includes/wlwmanifest.xml HTTP/1.1" 404 555 "-" "Mozilla/5.0 (Windows NT 10.0; Win64; x64) AppleWebKit/537.36 (KHTML, like Gecko) Chrome/88.0.4240.193 Safari/537.36"
120.77.174.138 - - [14/Nov/2025:10:09:59 +0800] "GET /website/wp-includes/wlwmanifest.xml HTTP/1.1" 404 555 "-" "Mozilla/5.0 (Windows NT 10.0; Win64; x64) AppleWebKit/537.36 (KHTML, like Gecko) Chrome/88.0.4240.193 Safari/537.36"
120.77.174.138 - - [14/Nov/2025:10:09:59 +0800] "GET /wp/wp-includes/wlwmanifest.xml HTTP/1.1" 404 555 "-" "Mozilla/5.0 (Windows NT 10.0; Win64; x64) AppleWebKit/537.36 (KHTML, like Gecko) Chrome/88.0.4240.193 Safari/537.36"
120.77.174.138 - - [14/Nov/2025:10:09:59 +0800] "GET /news/wp-includes/wlwmanifest.xml HTTP/1.1" 404 555 "-" "Mozilla/5.0 (Windows NT 10.0; Win64; x64) AppleWebKit/537.36 (KHTML, like Gecko) Chrome/88.0.4240.193 Safari/537.36"
120.77.174.138 - - [14/Nov/2025:10:09:59 +0800] "GET /2020/wp-includes/wlwmanifest.xml HTTP/1.1" 404 555 "-" "Mozilla/5.0 (Windows NT 10.0; Win64; x64) AppleWebKit/537.36 (KHTML, like Gecko) Chrome/88.0.4240.193 Safari/537.36"
120.77.174.138 - - [14/Nov/2025:10:09:59 +0800] "GET /2019/wp-includes/wlwmanifest.xml HTTP/1.1" 404 555 "-" "Mozilla/5.0 (Windows NT 10.0; Win64; x64) AppleWebKit/537.36 (KHTML, like Gecko) Chrome/88.0.4240.193 Safari/537.36"
120.77.174.138 - - [14/Nov/2025:10:09:59 +0800] "GET /shop/wp-includes/wlwmanifest.xml HTTP/1.1" 404 555 "-" "Mozilla/5.0 (Windows NT 10.0; Win64; x64) AppleWebKit/537.36 (KHTML, like Gecko) Chrome/88.0.4240.193 Safari/537.36"
120.77.174.138 - - [14/Nov/2025:10:09:59 +0800] "GET /wp1/wp-includes/wlwmanifest.xml HTTP/1.1" 404 555 "-" "Mozilla/5.0 (Windows NT 10.0; Win64; x64) AppleWebKit/537.36 (KHTML, like Gecko) Chrome/88.0.4240.193 Safari/537.36"
120.77.174.138 - - [14/Nov/2025:10:09:59 +0800] "GET /test/wp-includes/wlwmanifest.xml HTTP/1.1" 404 555 "-" "Mozilla/5.0 (Windows NT 10.0; Win64; x64) AppleWebKit/537.36 (KHTML, like Gecko) Chrome/88.0.4240.193 Safari/537.36"
120.77.174.138 - - [14/Nov/2025:10:09:59 +0800] "GET /wp2/wp-includes/wlwmanifest.xml HTTP/1.1" 404 555 "-" "Mozilla/5.0 (Windows NT 10.0; Win64; x64) AppleWebKit/537.36 (KHTML, like Gecko) Chrome/88.0.4240.193 Safari/537.36"
120.77.174.138 - - [14/Nov/2025:10:10:00 +0800] "GET /site/wp-includes/wlwmanifest.xml HTTP/1.1" 404 555 "-" "Mozilla/5.0 (Windows NT 10.0; Win64; x64) AppleWebKit/537.36 (KHTML, like Gecko) Chrome/88.0.4240.193 Safari/537.36"
120.77.174.138 - - [14/Nov/2025:10:10:00 +0800] "GET /cms/wp-includes/wlwmanifest.xml HTTP/1.1" 404 555 "-" "Mozilla/5.0 (Windows NT 10.0; Win64; x64) AppleWebKit/537.36 (KHTML, like Gecko) Chrome/88.0.4240.193 Safari/537.36"
120.77.174.138 - - [14/Nov/2025:10:10:00 +0800] "GET /sito/wp-includes/wlwmanifest.xml HTTP/1.1" 404 555 "-" "Mozilla/5.0 (Windows NT 10.0; Win64; x64) AppleWebKit/537.36 (KHTML, like Gecko) Chrome/88.0.4240.193 Safari/537.36"
120.77.174.138 - - [14/Nov/2025:10:10:00 +0800] "" 400 0 "-" "-"
204.76.203.219 - - [14/Nov/2025:10:22:12 +0800] "GET / HTTP/1.1" 200 3958 "-" "Mozilla/5.0 (Windows NT 10.0; Win64; x64) AppleWebKit/537.36 (KHTML, like Gecko) Chrome/90.0.4430.85 Safari/537.36 Edg/90.0.818.46"
198.235.24.156 - - [14/Nov/2025:10:32:08 +0800] "GET / HTTP/1.0" 200 3958 "-" "Hello from Palo Alto Networks, find out more about our scans in https://docs-cortex.paloaltonetworks.com/r/1/Cortex-Xpanse/Scanning-activity"
204.76.203.219 - - [14/Nov/2025:10:49:29 +0800] "GET / HTTP/1.1" 200 3958 "-" "Mozilla/5.0 (Windows NT 10.0; Win64; x64) AppleWebKit/537.36 (KHTML, like Gecko) Chrome/90.0.4430.85 Safari/537.36 Edg/90.0.818.46"
120.77.174.138 - - [14/Nov/2025:10:51:39 +0800] "GET /wp-login.php HTTP/1.1" 404 153 "-" "Mozilla/5.0"
184.105.139.70 - - [14/Nov/2025:11:00:44 +0800] "GET / HTTP/1.1" 200 3958 "-" "Mozilla/5.0 (Windows NT 10.0; Win64; x64) AppleWebKit/537.36 (KHTML, like Gecko) Chrome/138.0.0.0 Safari/537.36"
184.105.139.70 - - [14/Nov/2025:11:02:20 +0800] "GET /webui/ HTTP/1.1" 404 153 "-" "Mozilla/5.0 (X11; Linux x86_64; rv:109.0) Gecko/20100101 Firefox/115.0"
184.105.139.70 - - [14/Nov/2025:11:08:10 +0800] "GET /favicon.ico HTTP/1.1" 404 153 "-" "Mozilla/5.0 (X11; Ubuntu; Linux x86_64; rv:124.0) Gecko/20100101 Firefox/124.0"
184.105.139.70 - - [14/Nov/2025:11:09:34 +0800] "GET /geoserver/web/ HTTP/1.1" 404 555 "-" "Mozilla/5.0 (Windows NT 10.0; Win64; x64) AppleWebKit/537.36 (KHTML, like Gecko) Chrome/138.0.0.0 Safari/537.36"
204.76.203.219 - - [14/Nov/2025:11:17:08 +0800] "GET / HTTP/1.1" 200 3958 "-" "Mozilla/5.0 (Windows NT 10.0; Win64; x64) AppleWebKit/537.36 (KHTML, like Gecko) Chrome/90.0.4430.85 Safari/537.36 Edg/90.0.818.46"
204.76.203.219 - - [14/Nov/2025:11:41:20 +0800] "GET / HTTP/1.1" 200 3958 "-" "Mozilla/5.0 (Windows NT 10.0; Win64; x64) AppleWebKit/537.36 (KHTML, like Gecko) Chrome/90.0.4430.85 Safari/537.36 Edg/90.0.818.46"
213.209.157.254 - - [14/Nov/2025:11:55:37 +0800] "GET /.git/index HTTP/1.1" 404 555 "-" "Mozilla/5.0 (Linux; Android 8.0.0; SM-G935F) AppleWebKit/537.36 (KHTML, like Gecko) Chrome/76.0.3809.111 Mobile Safari/537.36"
205.210.31.16 - - [14/Nov/2025:11:59:26 +0800] "GET / HTTP/1.0" 200 3958 "-" "Hello from Palo Alto Networks, find out more about our scans in https://docs-cortex.paloaltonetworks.com/r/1/Cortex-Xpanse/Scanning-activity"
185.242.226.113 - - [14/Nov/2025:12:02:51 +0800] "\x16\x03\x01\x00\x8C\x01\x00\x00\x88\x03\x03V\xD5\xE9\xBF\xAC\xB4\x22E\xCC\xE5\x8B\xEEa\xD3\xEAU\xE5\x113x\xA1\x14\xA0\xE5\x81\xA2\xEB\x5Cd#\xF6\xE0\x00\x00\x1A\xC0/\xC0+\xC0\x11\xC0\x07\xC0\x13\xC0\x09\xC0\x14\xC0" 400 157 "-" "-"
204.76.203.219 - - [14/Nov/2025:12:10:09 +0800] "GET / HTTP/1.1" 200 3958 "-" "Mozilla/5.0 (Windows NT 10.0; Win64; x64) AppleWebKit/537.36 (KHTML, like Gecko) Chrome/90.0.4430.85 Safari/537.36 Edg/90.0.818.46"
204.76.203.18 - - [14/Nov/2025:12:20:45 +0800] "GET /bin/ HTTP/1.1" 404 153 "-" "-"
204.76.203.30 - - [14/Nov/2025:12:23:27 +0800] "GET /.env HTTP/1.1" 404 153 "-" "Mozilla/5.0 (Windows; U; Windows NT 6.1; en-US; rv:1.9.2.13) Gecko/20101203 Firefox/3.6.13 CovarioCSE/4.0.0"
204.76.203.30 - - [14/Nov/2025:12:23:29 +0800] "GET /api/.env HTTP/1.1" 404 153 "-" "Mozilla/5.0 (Macintosh; U; PPC Mac OS X 10_4_11; en) AppleWebKit/525.18 (KHTML, like Gecko) Version/3.1.1 Safari/525.18"
184.105.139.70 - - [14/Nov/2025:12:31:56 +0800] "\x16\x03\x01\x00{\x01\x00\x00w\x03\x03\x10\x86\x1F\x0E\xF2{\x07f\xF4\xFC|,\x83\xC2bP\xEC\xAE=\x07\xAC\xE4\xCC\x86E0\x82\xF2\xFA:DG\x00\x00\x1A\xC0/\xC0+\xC0\x11\xC0\x07\xC0\x13\xC0\x09\xC0\x14\xC0" 400 157 "-" "-"
103.157.224.118 - - [14/Nov/2025:12:32:24 +0800] "GET / HTTP/1.0" 200 3958 "-" "ivre-masscan/1.3 https://github.com/robertdavidgraham/"
204.76.203.219 - - [14/Nov/2025:12:34:24 +0800] "GET / HTTP/1.1" 200 3958 "-" "Mozilla/5.0 (Windows NT 10.0; Win64; x64) AppleWebKit/537.36 (KHTML, like Gecko) Chrome/90.0.4430.85 Safari/537.36 Edg/90.0.818.46"
204.76.203.219 - - [14/Nov/2025:12:59:53 +0800] "GET / HTTP/1.1" 200 3958 "-" "Mozilla/5.0 (Windows NT 10.0; Win64; x64) AppleWebKit/537.36 (KHTML, like Gecko) Chrome/90.0.4430.85 Safari/537.36 Edg/90.0.818.46"
8.219.209.185 - - [14/Nov/2025:13:14:17 +0800] "\x05\x01\x00" 400 157 "-" "-"
8.219.209.185 - - [14/Nov/2025:13:14:53 +0800] "\x04\x01\x00Pg)\xA7\xEA\x00" 400 157 "-" "-"
193.142.147.209 - - [14/Nov/2025:13:17:42 +0800] "GET /cgi-bin/luci/;stok=/locale HTTP/1.1" 404 153 "-" "-"
204.76.203.219 - - [14/Nov/2025:13:26:26 +0800] "GET / HTTP/1.1" 200 3958 "-" "Mozilla/5.0 (Windows NT 10.0; Win64; x64) AppleWebKit/537.36 (KHTML, like Gecko) Chrome/90.0.4430.85 Safari/537.36 Edg/90.0.818.46"
34.78.245.104 - - [14/Nov/2025:13:34:02 +0800] "GET / HTTP/1.1" 200 3958 "-" "python-requests/2.32.5"
27.148.196.43 - - [14/Nov/2025:13:38:01 +0800] "GET / HTTP/1.1" 200 3958 "-" "Mozilla/5.0 (Android 14; Mobile; rv:128.0) Gecko/128.0 Firefox/128.0"
79.124.59.86 - - [14/Nov/2025:13:42:59 +0800] "\x03\x00\x00/*\xE0\x00\x00\x00\x00\x00Cookie: mstshash=Administr" 400 157 "-" "-"
87.120.191.94 - - [14/Nov/2025:13:43:21 +0800] "GET /logon.htm HTTP/1.1" 404 153 "-" "Hello World"
172.105.128.13 - - [14/Nov/2025:13:47:41 +0800] "\x16\x03\x01\x01" 400 157 "-" "-"
172.105.128.13 - - [14/Nov/2025:13:47:42 +0800] "\x16\x03\x01\x01" 400 157 "-" "-"
185.189.182.234 - - [14/Nov/2025:13:47:47 +0800] "GET / HTTP/1.1" 400 157 "-" "-"
204.76.203.219 - - [14/Nov/2025:13:53:39 +0800] "GET / HTTP/1.1" 200 3958 "-" "Mozilla/5.0 (Windows NT 10.0; Win64; x64) AppleWebKit/537.36 (KHTML, like Gecko) Chrome/90.0.4430.85 Safari/537.36 Edg/90.0.818.46"
93.174.93.12 - - [14/Nov/2025:14:07:28 +0800] "\x16\x03\x02\x01o\x01\x00\x01k\x03\x02RH\xC5\x1A#\xF7:N\xDF\xE2\xB4\x82/\xFF\x09T\x9F\xA7\xC4y\xB0h\xC6\x13\x8C\xA4\x1C=\x22\xE1\x1A\x98 \x84\xB4,\x85\xAFn\xE3Y\xBBbhl\xFF(=':\xA9\x82\xD9o\xC8\xA2\xD7\x93\x98\xB4\xEF\x80\xE5\xB9\x90\x00(\xC0" 400 157 "-" "-"
204.76.203.219 - - [14/Nov/2025:14:21:49 +0800] "GET / HTTP/1.1" 200 3958 "-" "Mozilla/5.0 (Windows NT 10.0; Win64; x64) AppleWebKit/537.36 (KHTML, like Gecko) Chrome/90.0.4430.85 Safari/537.36 Edg/90.0.818.46"
35.216.189.16 - - [14/Nov/2025:14:37:49 +0800] "\x16\x03\x01\x00\xEE\x01\x00\x00\xEA\x03\x03\x85&O\x5C\xBAH\xEE\xDBgk\xF1\xF6\xD19\x98\xD8T\x91\x90\x96eeX\xC7<\xF4\xF6|\xBD" 400 157 "-" "-"
35.216.189.16 - - [14/Nov/2025:14:37:49 +0800] "GET / HTTP/1.1" 400 157 "-" "-"
35.216.189.16 - - [14/Nov/2025:14:37:50 +0800] "GET / HTTP/1.1" 200 3958 "-" "abuse.xmco.fr"
35.216.189.16 - - [14/Nov/2025:14:37:50 +0800] "GET /info.php HTTP/1.1" 404 153 "-" "Mozilla/5.0 (Macintosh; Intel Mac OS X 10.15; rv:103.0) Gecko/20100101 Firefox/103.0 abuse.xmco.fr"
35.216.189.16 - - [14/Nov/2025:14:37:51 +0800] "GET /.git/config HTTP/1.1" 404 153 "-" "Mozilla/5.0 (Macintosh; Intel Mac OS X 10.15; rv:103.0) Gecko/20100101 Firefox/103.0 abuse.xmco.fr"
35.216.189.16 - - [14/Nov/2025:14:37:51 +0800] "GET /server-status HTTP/1.1" 404 153 "-" "Mozilla/5.0 (Macintosh; Intel Mac OS X 10.15; rv:103.0) Gecko/20100101 Firefox/103.0 abuse.xmco.fr"
35.216.189.16 - - [14/Nov/2025:14:37:52 +0800] "GET /config.json HTTP/1.1" 404 153 "-" "Mozilla/5.0 (Macintosh; Intel Mac OS X 10.15; rv:103.0) Gecko/20100101 Firefox/103.0 abuse.xmco.fr"
35.216.189.16 - - [14/Nov/2025:14:37:52 +0800] "GET /.env HTTP/1.1" 404 153 "-" "Mozilla/5.0 (Macintosh; Intel Mac OS X 10.15; rv:103.0) Gecko/20100101 Firefox/103.0 abuse.xmco.fr"
35.216.189.16 - - [14/Nov/2025:14:37:53 +0800] "GET /telescope/requests HTTP/1.1" 404 153 "-" "Mozilla/5.0 (Macintosh; Intel Mac OS X 10.15; rv:103.0) Gecko/20100101 Firefox/103.0 abuse.xmco.fr"
120.77.174.138 - - [14/Nov/2025:14:45:20 +0800] "GET /wp-login.php HTTP/1.1" 404 153 "-" "Mozilla/5.0"
204.76.203.219 - - [14/Nov/2025:14:48:21 +0800] "GET / HTTP/1.1" 200 3958 "-" "Mozilla/5.0 (Windows NT 10.0; Win64; x64) AppleWebKit/537.36 (KHTML, like Gecko) Chrome/90.0.4430.85 Safari/537.36 Edg/90.0.818.46"
204.76.203.219 - - [14/Nov/2025:15:14:23 +0800] "GET / HTTP/1.1" 200 3958 "-" "Mozilla/5.0 (Windows NT 10.0; Win64; x64) AppleWebKit/537.36 (KHTML, like Gecko) Chrome/90.0.4430.85 Safari/537.36 Edg/90.0.818.46"
204.76.203.18 - - [14/Nov/2025:15:17:26 +0800] "GET /backup/ HTTP/1.1" 404 153 "-" "-"
204.76.203.18 - - [14/Nov/2025:15:17:30 +0800] "GET /backup/ HTTP/1.1" 404 153 "-" "-"
91.239.216.8 - - [14/Nov/2025:15:24:07 +0800] "GET / HTTP/1.1" 200 3958 "-" "-"
204.76.203.219 - - [14/Nov/2025:15:42:32 +0800] "GET / HTTP/1.1" 200 3958 "-" "Mozilla/5.0 (Windows NT 10.0; Win64; x64) AppleWebKit/537.36 (KHTML, like Gecko) Chrome/90.0.4430.85 Safari/537.36 Edg/90.0.818.46"
20.163.61.13 - - [14/Nov/2025:15:53:39 +0800] "GET /actuator/health HTTP/1.1" 404 153 "-" "Mozilla/5.0 zgrab/0.x"
47.97.123.186 - - [14/Nov/2025:15:55:06 +0800] "GET / HTTP/1.1" 200 3958 "-" "Mozilla/5.0 (Windows NT 10.0; Win64; x64) AppleWebKit/537.36 (KHTML, like Gecko) Chrome/59.0.3071.115 Safari/537.36"
47.97.123.186 - - [14/Nov/2025:15:55:06 +0800] "GET /favicon.ico HTTP/1.1" 404 555 "-" "Mozilla/5.0 (Windows NT 10.0; Win64; x64) AppleWebKit/537.36 (KHTML, like Gecko) Chrome/59.0.3071.115 Safari/537.36"
204.76.203.219 - - [14/Nov/2025:16:06:29 +0800] "GET / HTTP/1.1" 200 3958 "-" "Mozilla/5.0 (Windows NT 10.0; Win64; x64) AppleWebKit/537.36 (KHTML, like Gecko) Chrome/90.0.4430.85 Safari/537.36 Edg/90.0.818.46"
103.252.89.75 - - [14/Nov/2025:16:08:22 +0800] "GET / HTTP/1.1" 200 3958 "-" "-"
51.158.54.10 - - [14/Nov/2025:16:14:41 +0800] "GET / HTTP/1.0" 200 3958 "-" "ivre-masscan/1.3 https://github.com/robertdavidgraham/"
167.172.163.78 - - [14/Nov/2025:16:24:57 +0800] "\x16\x03\x01\x00{\x01\x00\x00w\x03\x03~\xE9^\x00\xA9\xBF3\x99\xC0\xC7f\xF4x4\x02bn?.\xE76\xC2U4\x7F\x1D\xC6y\x95\x8CV\xEB\x00\x00\x1A\xC0/\xC0+\xC0\x11\xC0\x07\xC0\x13\xC0\x09\xC0\x14\xC0" 400 157 "-" "-"
167.172.163.78 - - [14/Nov/2025:16:24:57 +0800] "\x16\x03\x01\x00{\x01\x00\x00w\x03\x03\x07\xAB\xFF\xE8\xBC\xDA\xEAm\x85\xC1\xE7\x1E\x14\xB7\xD3\x1Fkob\x08k\xBF\xB4\xBBf\x80\x9A\x87\xC48/\xDB\x00\x00\x1A\xC0/\xC0+\xC0\x11\xC0\x07\xC0\x13\xC0\x09\xC0\x14\xC0" 400 157 "-" "-"
167.172.163.78 - - [14/Nov/2025:16:24:57 +0800] "GET / HTTP/1.1" 200 3958 "-" "Mozilla/5.0 (Windows NT 10.0; Win64; x64) AppleWebKit/537.36 (KHTML, like Gecko) Chrome/108.0.0.0 Safari/537.36"
167.172.163.78 - - [14/Nov/2025:16:24:57 +0800] "GET /form.html HTTP/1.1" 404 153 "-" "curl/8.1.2"
167.172.163.78 - - [14/Nov/2025:16:24:58 +0800] "GET /upl.php HTTP/1.1" 404 153 "-" "Mozilla/5.0"
167.172.163.78 - - [14/Nov/2025:16:24:58 +0800] "GET /t4 HTTP/1.1" 404 153 "-" "Mozilla/5.0"
167.172.163.78 - - [14/Nov/2025:16:24:59 +0800] "GET /geoip/ HTTP/1.1" 404 555 "-" "Mozilla/5.0 (Windows NT 10.0; Win64; x64) AppleWebKit/537.36 (KHTML, like Gecko) Chrome/108.0.0.0 Safari/537.36"
167.172.163.78 - - [14/Nov/2025:16:24:59 +0800] "GET /favicon.ico HTTP/1.1" 404 555 "-" "Mozilla/5.0 (Windows NT 10.0; Win64; x64) AppleWebKit/537.36 (KHTML, like Gecko) Chrome/108.0.0.0 Safari/537.36"
167.172.163.78 - - [14/Nov/2025:16:24:59 +0800] "GET /1.php HTTP/1.1" 404 555 "-" "Mozilla/5.0 (Windows NT 10.0; Win64; x64) AppleWebKit/537.36 (KHTML, like Gecko) Chrome/108.0.0.0 Safari/537.36"
167.172.163.78 - - [14/Nov/2025:16:25:00 +0800] "GET /systembc/password.php HTTP/1.1" 404 555 "-" "Mozilla/5.0 (Windows NT 10.0; Win64; x64) AppleWebKit/537.36 (KHTML, like Gecko) Chrome/108.0.0.0 Safari/537.36"
167.172.163.78 - - [14/Nov/2025:16:25:00 +0800] "GET /password.php HTTP/1.1" 404 555 "-" "Mozilla/5.0 (Windows NT 10.0; Win64; x64) AppleWebKit/537.36 (KHTML, like Gecko) Chrome/108.0.0.0 Safari/537.36"
193.142.147.209 - - [14/Nov/2025:16:28:10 +0800] "GET /cgi-bin/luci/;stok=/locale HTTP/1.1" 404 153 "-" "-"
198.235.24.143 - - [14/Nov/2025:16:32:56 +0800] "GET / HTTP/1.1" 200 3958 "-" "Hello from Palo Alto Networks, find out more about our scans in https://docs-cortex.paloaltonetworks.com/r/1/Cortex-Xpanse/Scanning-activity"
137.184.63.170 - - [14/Nov/2025:16:33:07 +0800] "GET /.env HTTP/1.1" 404 153 "-" "Mozilla/5.0; Keydrop.io/1.0(onlyscans.com/about);"
137.184.63.170 - - [14/Nov/2025:16:33:07 +0800] "GET /.git/config HTTP/1.1" 404 153 "-" "Mozilla/5.0; Keydrop.io/1.0(onlyscans.com/about);"
204.76.203.219 - - [14/Nov/2025:16:34:33 +0800] "GET / HTTP/1.1" 200 3958 "-" "Mozilla/5.0 (Windows NT 10.0; Win64; x64) AppleWebKit/537.36 (KHTML, like Gecko) Chrome/90.0.4430.85 Safari/537.36 Edg/90.0.818.46"
91.239.216.8 - - [14/Nov/2025:16:36:50 +0800] "GET / HTTP/1.1" 200 3958 "-" "-"
45.135.193.162 - - [14/Nov/2025:16:50:37 +0800] "GET http://ip-api.com/json/ HTTP/1.1" 404 153 "-" "Go-http-client/1.1"
147.185.132.158 - - [14/Nov/2025:16:54:24 +0800] "GET / HTTP/1.1" 200 3958 "-" "Hello from Palo Alto Networks, find out more about our scans in https://docs-cortex.paloaltonetworks.com/r/1/Cortex-Xpanse/Scanning-activity"
204.76.203.219 - - [14/Nov/2025:17:02:14 +0800] "GET / HTTP/1.1" 200 3958 "-" "Mozilla/5.0 (Windows NT 10.0; Win64; x64) AppleWebKit/537.36 (KHTML, like Gecko) Chrome/90.0.4430.85 Safari/537.36 Edg/90.0.818.46"
27.148.196.43 - - [14/Nov/2025:17:22:42 +0800] "GET / HTTP/1.1" 200 3958 "-" "Mozilla/5.0 (Android 14; Mobile; rv:128.0) Gecko/128.0 Firefox/128.0"
204.76.203.219 - - [14/Nov/2025:17:26:53 +0800] "GET / HTTP/1.1" 200 3958 "-" "Mozilla/5.0 (Windows NT 10.0; Win64; x64) AppleWebKit/537.36 (KHTML, like Gecko) Chrome/90.0.4430.85 Safari/537.36 Edg/90.0.818.46"
204.76.203.219 - - [14/Nov/2025:17:56:46 +0800] "GET / HTTP/1.1" 200 3958 "-" "Mozilla/5.0 (Windows NT 10.0; Win64; x64) AppleWebKit/537.36 (KHTML, like Gecko) Chrome/90.0.4430.85 Safari/537.36 Edg/90.0.818.46"
172.237.117.35 - - [14/Nov/2025:17:57:53 +0800] "\x16\x03\x01\x02\x00\x01\x00\x01\xFC\x03\x03\xD5\x96\xCDNIb\xDD\x88\x1B\x95\xAE\xC052\xF7u\x06\x92\x01\xB5~\xC7\xBC\x04\xBE&\x89y\x89y\x8D\xF2 \xC6+\xA7@\x9D\xA2q\x137\x13ds|\xE21r\xEAd\x83\x11d\xCB\x07U\xEE\xB5P\xB6\xBC\x00\xF3\xCE\x00>\x13\x02\x13\x03\x13\x01\xC0,\xC00\x00\x9F\xCC\xA9\xCC\xA8\xCC\xAA\xC0+\xC0/\x00\x9E\xC0$\xC0(\x00k\xC0#\xC0'\x00g\xC0" 400 157 "-" "-"
172.237.117.35 - - [14/Nov/2025:17:57:54 +0800] "GET / HTTP/1.1" 200 3958 "-" "Mozilla/5.0 (Windows NT 6.1; WOW64; rv:8.0) Gecko/20100101 Firefox/8.0"
198.235.24.29 - - [14/Nov/2025:18:06:33 +0800] "\x16\x03\x01\x00\xCA\x01\x00\x00\xC6\x03\x03X\x0F\xCD\x81QI\x17\xD7\xFC\xC7}^\x91\xDBu;m\xFFu\x08b*\xB6=\x83\x03\x7F\xAD\xB0\x04\xF3\xC6\x00\x00h\xCC\x14\xCC\x13\xC0/\xC0+\xC00\xC0,\xC0\x11\xC0\x07\xC0'\xC0#\xC0\x13\xC0\x09\xC0(\xC0$\xC0\x14\xC0" 400 157 "-" "-"
198.235.24.29 - - [14/Nov/2025:18:06:33 +0800] "\x16\x03\x01\x00\xEE\x01\x00\x00\xEA\x03\x03\xEC\x10\xA7Q\xB5uf\xE1\xD2\xAEC\x8A\xBF \xA8\x8A\xA2?Yp<\xF0\x0C\x8B\xEE\xC4\x18Y[Xr\xEC \x06E\x99W\xBA\xD5\xBFe,\xD4\xE9Y\xEFz\xDC\xB0\xB0@,L<\x11\x1D5\x93>~\xDF\xEAO\xD5\xFE\x00&\xC0+\xC0/\xC0,\xC00\xCC\xA9\xCC\xA8\xC0\x09\xC0\x13\xC0" 400 157 "-" "-"
91.239.216.9 - - [14/Nov/2025:18:09:00 +0800] "GET / HTTP/1.1" 200 3958 "-" "-"
204.76.203.219 - - [14/Nov/2025:18:21:44 +0800] "GET / HTTP/1.1" 200 3958 "-" "Mozilla/5.0 (Windows NT 10.0; Win64; x64) AppleWebKit/537.36 (KHTML, like Gecko) Chrome/90.0.4430.85 Safari/537.36 Edg/90.0.818.46"
221.11.63.42 - - [14/Nov/2025:18:26:34 +0800] "\x03\x00\x00\x13\x0E\xE0\x00\x00\x00\x00\x00\x01\x00\x08\x00\x03\x00\x00\x00" 400 157 "-" "-"
50.7.252.138 - - [14/Nov/2025:18:38:14 +0800] "GET /https://api.waf.qq.com/waf-attack-feedback/%22%20+%20uuid;%20%7D%20%3C/script%3E%3Cbody%3E%3Cdiv%20class=%22wrapper%22%3E%3Cdiv%20class=%22body%22%3E%3Cdiv%20class=%22top-block%22%3E%3Cp%20class=%22title%22%3E%E6%82%A8%E7%9A%84%E8%AF%B7%E6%B1%82%E5%B7%B2%E4%B8%AD%E6%96%AD%3C/p%3E%3Cp%20class=%22desc%22%3E%E5%BE%88%E6%8A%B1%E6%AD%89%EF%BC%8C%E6%82%A8%E6%8F%90%E4%BA%A4%E7%9A%84%E8%AF%B7%E6%B1%82%E5%8F%AF%E8%83%BD%E5%AF%B9%E7%BD%91%E7%AB%99%E9%80%A0%E6%88%90%E5%A8%81%E8%83%81%EF%BC%8C%E6%97%A0%E6%B3%95%E8%AE%BF%E9%97%AE%3C/p%3E%3C/div%3E%3Cdiv%20class=%22content-block%22%3E%3Cdiv%20class=%22content-item%22%3E%3Cp%20class=%22title%22%3E%E5%8F%AF%E8%83%BD%E5%8E%9F%E5%9B%A0%3C/p%3E%3Cp%20class=%22desc HTTP/1.1" 404 555 "-" "Mozilla/5.0 (Windows NT 10.0; Win64; x64) AppleWebKit/537.36 (KHTML, like Gecko) Chrome/137.0.0.0 Safari/537.36"
50.7.252.138 - - [14/Nov/2025:18:38:15 +0800] "GET /http://47.100.116.236:80/index.jsp HTTP/1.1" 404 555 "-" "Mozilla/5.0 (Windows NT 10.0; Win64; x64) AppleWebKit/537.36 (KHTML, like Gecko) Chrome/137.0.0.0 Safari/537.36"
204.76.203.219 - - [14/Nov/2025:18:46:59 +0800] "GET / HTTP/1.1" 200 3958 "-" "Mozilla/5.0 (Windows NT 10.0; Win64; x64) AppleWebKit/537.36 (KHTML, like Gecko) Chrome/90.0.4430.85 Safari/537.36 Edg/90.0.818.46"
