64.62.197.121 - - [12/Nov/2025:19:59:02 +0800] "GET /favicon.ico HTTP/1.1" 404 555 "-" "Mozilla/5.0 (Macintosh; Intel Mac OS X 10_15_7) AppleWebKit/537.36 (KHTML, like Gecko) Chrome/128.0.0.0 Safari/537.36"
64.62.197.107 - - [12/Nov/2025:19:59:29 +0800] "GET /geoserver/web/ HTTP/1.1" 404 555 "-" "Mozilla/5.0 (Windows NT 10.0; Win64; x64) AppleWebKit/537.36 (KHTML, like Gecko) Chrome/119.0.0.0 Safari/537.36"
155.138.205.171 - - [12/Nov/2025:20:21:57 +0800] "GET /robots.txt HTTP/1.0" 404 153 "-" "xfa1"
204.76.203.219 - - [12/Nov/2025:20:24:28 +0800] "GET / HTTP/1.1" 200 3958 "-" "Mozilla/5.0 (Windows NT 10.0; Win64; x64) AppleWebKit/537.36 (KHTML, like Gecko) Chrome/90.0.4430.85 Safari/537.36 Edg/90.0.818.46"
20.168.7.24 - - [12/Nov/2025:20:48:35 +0800] "MGLNDD_120.55.251.144_80" 400 157 "-" "-"
204.76.203.219 - - [12/Nov/2025:20:52:14 +0800] "GET / HTTP/1.1" 200 3958 "-" "Mozilla/5.0 (Windows NT 10.0; Win64; x64) AppleWebKit/537.36 (KHTML, like Gecko) Chrome/90.0.4430.85 Safari/537.36 Edg/90.0.818.46"
123.160.221.141 - - [12/Nov/2025:20:52:54 +0800] "GET / HTTP/1.1" 200 3958 "-" "curl/7.64.1"
113.141.84.217 - - [12/Nov/2025:20:52:59 +0800] "GET / HTTP/1.1" 200 3958 "-" "Mozilla/5.0 (Macintosh; Intel Mac OS X 10_15_7) AppleWebKit/537.36 (KHTML, like Gecko) Chrome/96.0.4664.110 Safari/537.36"
113.141.84.217 - - [12/Nov/2025:20:52:59 +0800] "GET / HTTP/1.1" 200 3958 "-" "Mozilla/5.0 (Macintosh; Intel Mac OS X 11_0_0) AppleWebKit/537.36 (KHTML, like Gecko) Chrome/87.0.4280.88 Safari/537.36"
113.141.84.217 - - [12/Nov/2025:20:52:59 +0800] "GET /script.js HTTP/1.1" 200 22403 "http://120.55.251.144/" "Mozilla/5.0 (Macintosh; Intel Mac OS X 11_0_0) AppleWebKit/537.36 (KHTML, like Gecko) Chrome/87.0.4280.88 Safari/537.36"
113.141.84.217 - - [12/Nov/2025:20:52:59 +0800] "GET /1.js HTTP/1.1" 200 21615 "http://120.55.251.144/" "Mozilla/5.0 (Macintosh; Intel Mac OS X 11_0_0) AppleWebKit/537.36 (KHTML, like Gecko) Chrome/87.0.4280.88 Safari/537.36"
113.141.84.217 - - [12/Nov/2025:20:53:04 +0800] "GET /favicon.ico HTTP/1.1" 404 555 "-" "Mozilla/5.0 (Macintosh; Intel Mac OS X 10_15_7) AppleWebKit/537.36 (KHTML, like Gecko) Chrome/96.0.4664.110 Safari/537.36"
3.137.73.221 - - [12/Nov/2025:21:12:27 +0800] "GET / HTTP/1.1" 200 3958 "-" "Mozilla/5.0 (Macintosh; Intel Mac OS X 10_15_7) Chrome/126.0.0.0 Safari/537.36"
3.137.73.221 - - [12/Nov/2025:21:12:28 +0800] "" 400 0 "-" "-"
3.137.73.221 - - [12/Nov/2025:21:14:50 +0800] "GET / HTTP/1.1" 200 3958 "-" "Mozilla/5.0 (Macintosh; Intel Mac OS X 10_15_7) Chrome/126.0.0.0 Safari/537.36"
64.31.56.53 - - [12/Nov/2025:21:15:34 +0800] "GET /sql/sql.php?type=89A1FF33ABF0B55E&os= HTTP/1.1" 404 153 "-" "Process/imToken"
3.137.73.221 - - [12/Nov/2025:21:16:31 +0800] "\x16\x03\x01\x00{\x01\x00\x00w\x03\x03\x88s\x99C\xC5E\xDA\xA7\x19\x0C\xEB\x8C\xC9\x9BA\x8A'\x1F\xE9\x22b5\x94\xA0\x0E\xEB\x0B3z\x1A\xF5\xF9\x00\x00\x1A\xC0/\xC0+\xC0\x11\xC0\x07\xC0\x13\xC0\x09\xC0\x14\xC0" 400 157 "-" "-"
3.137.73.221 - - [12/Nov/2025:21:17:55 +0800] "SSH-2.0-Go" 400 157 "-" "-"
3.137.73.221 - - [12/Nov/2025:21:20:41 +0800] "\x16\x03\x01\x00{\x01\x00\x00w\x03\x03k\xB2\x22\xE9u\x82\x08\x96\x17\xAF\x09_\x8A:;d\xCD\x1B\xC1a@\x09\xBA\x0CbH\xAD\xB0@\xC7~\xB9\x00\x00\x1A\xC0/\xC0+\xC0\x11\xC0\x07\xC0\x13\xC0\x09\xC0\x14\xC0" 400 157 "-" "-"
185.242.226.113 - - [12/Nov/2025:21:21:21 +0800] "\x16\x03\x01\x00\x8C\x01\x00\x00\x88\x03\x03\xF0G\xEAz-\xAB\xE8\x06c\x0B\x8A" 400 157 "-" "-"
103.252.89.75 - - [12/Nov/2025:21:22:22 +0800] "GET / HTTP/1.1" 200 3958 "-" "-"
204.76.203.219 - - [12/Nov/2025:21:23:46 +0800] "GET / HTTP/1.1" 200 3958 "-" "Mozilla/5.0 (Windows NT 10.0; Win64; x64) AppleWebKit/537.36 (KHTML, like Gecko) Chrome/90.0.4430.85 Safari/537.36 Edg/90.0.818.46"
204.76.203.219 - - [12/Nov/2025:21:54:06 +0800] "GET / HTTP/1.1" 200 3958 "-" "Mozilla/5.0 (Windows NT 10.0; Win64; x64) AppleWebKit/537.36 (KHTML, like Gecko) Chrome/90.0.4430.85 Safari/537.36 Edg/90.0.818.46"
49.0.207.65 - - [12/Nov/2025:22:00:34 +0800] "GET http://www.qq.com/404/search_children.js HTTP/1.1" 404 555 "-" "Mozilla/5.0 (X11; Linux x86_64) AppleWebKit/537.36 (KHTML, like Gecko) Chrome/35.0.1916.114 Safari/537.36"
49.0.207.65 - - [12/Nov/2025:22:00:34 +0800] "\x04\x01\x00PpTi4\x00" 400 157 "-" "-"
49.0.207.65 - - [12/Nov/2025:22:00:34 +0800] "\x05\x01\x00" 400 157 "-" "-"
51.158.54.10 - - [12/Nov/2025:22:06:53 +0800] "GET / HTTP/1.0" 200 3958 "-" "ivre-masscan/1.3 https://github.com/robertdavidgraham/"
204.76.203.219 - - [12/Nov/2025:22:23:16 +0800] "GET / HTTP/1.1" 200 3958 "-" "Mozilla/5.0 (Windows NT 10.0; Win64; x64) AppleWebKit/537.36 (KHTML, like Gecko) Chrome/90.0.4430.85 Safari/537.36 Edg/90.0.818.46"
91.232.238.153 - - [12/Nov/2025:22:28:40 +0800] "GET /admin/config.php HTTP/1.0" 404 153 "-" "xfa1"
89.248.164.165 - - [12/Nov/2025:22:42:42 +0800] "GET http://ossweb-img.qq.com/images/js/eas/eas.js HTTP/1.1" 404 153 "-" "Mozilla"
193.142.147.209 - - [12/Nov/2025:22:47:59 +0800] "GET /cgi-bin/luci/;stok=/locale HTTP/1.1" 404 153 "-" "-"
204.76.203.219 - - [12/Nov/2025:22:53:48 +0800] "GET / HTTP/1.1" 200 3958 "-" "Mozilla/5.0 (Windows NT 10.0; Win64; x64) AppleWebKit/537.36 (KHTML, like Gecko) Chrome/90.0.4430.85 Safari/537.36 Edg/90.0.818.46"
45.140.17.52 - - [12/Nov/2025:22:55:58 +0800] "\x03\x00\x00/*\xE0\x00\x00\x00\x00\x00Cookie: mstshash=Administr" 400 157 "-" "-"
20.55.42.210 - - [12/Nov/2025:23:01:37 +0800] "GET /developmentserver/metadatauploader HTTP/1.1" 404 153 "-" "Mozilla/5.0 zgrab/0.x"
65.49.1.236 - - [12/Nov/2025:23:05:48 +0800] "GET /vkey/ HTTP/1.1" 404 555 "-" "Mozilla/5.0 (Windows NT 10.0; Win64; x64) AppleWebKit/537.36 (KHTML, like Gecko) Chrome/120.0.0.0 YaBrowser/24.1.0.0 Safari/537.36"
152.32.131.245 - - [12/Nov/2025:23:06:00 +0800] "\x16\x03\x01\x01\x17\x01\x00\x01\x13\x03\x03\xAB\x94h\x13\x81\x90b\x1A\xB6\x96\x9E\x83\xE7\x15pY\xE4Ej\x8F\x81+\x9A\x8E\x99\x8Bv\xF2\xF2^?K \xFF\x92\xB4#\xD0(\xEF\xDAp\xB5\xA4?W)\xFD\xF2\x90[\xB8\x02z'h\xE1{\xD6\xDA\x9B*o^\xC0\x004\xCC\xA8\xCC\xA9\xC0/\xC00\xC0+\xC0,\xC0\x09\x00\x9E\xCC\xA8\xCC\xAA\x003\x00=\x00\x16\xC0" 400 157 "-" "-"
152.32.131.245 - - [12/Nov/2025:23:06:10 +0800] "GET / HTTP/1.1" 200 3958 "-" "Mozilla/5.0 (Macintosh; Intel Mac OS X 10_15_7) AppleWebKit/537.36 (KHTML, like Gecko) Chrome/120.0.0.0 Safari/537.36 Edg/120.0.0.0"
152.32.131.245 - - [12/Nov/2025:23:06:28 +0800] "GET /favicon.ico HTTP/1.1" 404 555 "-" "Mozilla/5.0 (Macintosh; Intel Mac OS X 10_7_0) AppleWebKit/535.11 (KHTML, like Gecko) Chrome/17.0.963.56 Safari/535.11"
152.32.131.245 - - [12/Nov/2025:23:06:28 +0800] "GET /robots.txt HTTP/1.1" 404 555 "-" "Mozilla/5.0 (Macintosh; Intel Mac OS X 10_7_0) AppleWebKit/535.11 (KHTML, like Gecko) Chrome/17.0.963.56 Safari/535.11"
152.32.131.245 - - [12/Nov/2025:23:06:28 +0800] "GET /sitemap.xml HTTP/1.1" 404 555 "-" "Mozilla/5.0 (Macintosh; Intel Mac OS X 10_7_0) AppleWebKit/535.11 (KHTML, like Gecko) Chrome/17.0.963.56 Safari/535.11"
152.32.131.245 - - [12/Nov/2025:23:06:28 +0800] "GET /script.js HTTP/1.1" 200 22403 "-" "Go-http-client/1.1"
152.32.131.245 - - [12/Nov/2025:23:06:28 +0800] "GET /1.js HTTP/1.1" 200 21615 "-" "Go-http-client/1.1"
152.32.131.245 - - [12/Nov/2025:23:06:29 +0800] "GET /config.json HTTP/1.1" 404 555 "-" "Mozilla/5.0 (Macintosh; Intel Mac OS X 10_7_0) AppleWebKit/535.11 (KHTML, like Gecko) Chrome/17.0.963.56 Safari/535.11"
103.145.254.207 - - [12/Nov/2025:23:21:04 +0800] "GET /.env HTTP/1.1" 404 153 "-" "Mozilla/5.0 (Linux; U; Android 4.4.2; en-US; HM NOTE 1W Build/KOT49H) AppleWebKit/534.30 (KHTML, like Gecko) Version/4.0 UCBrowser/11.0.5.850 U3/0.8.0 Mobile Safari/534.30"
204.76.203.219 - - [12/Nov/2025:23:26:48 +0800] "GET / HTTP/1.1" 200 3958 "-" "Mozilla/5.0 (Windows NT 10.0; Win64; x64) AppleWebKit/537.36 (KHTML, like Gecko) Chrome/90.0.4430.85 Safari/537.36 Edg/90.0.818.46"
79.124.49.202 - - [12/Nov/2025:23:30:33 +0800] "\x03\x00\x00/*\xE0\x00\x00\x00\x00\x00Cookie: mstshash=Administr" 400 157 "-" "-"
91.232.238.112 - - [12/Nov/2025:23:31:09 +0800] "GET / HTTP/1.0" 200 3958 "-" "ivre-masscan/1.3 https://github.com/robertdavidgraham/"
103.252.89.75 - - [12/Nov/2025:23:51:36 +0800] "GET / HTTP/1.1" 200 3958 "-" "-"
185.196.8.125 - - [12/Nov/2025:23:54:13 +0800] "GET / HTTP/1.1" 200 3958 "-" "Hello World"
204.76.203.219 - - [12/Nov/2025:23:55:01 +0800] "GET / HTTP/1.1" 200 3958 "-" "Mozilla/5.0 (Windows NT 10.0; Win64; x64) AppleWebKit/537.36 (KHTML, like Gecko) Chrome/90.0.4430.85 Safari/537.36 Edg/90.0.818.46"
204.76.203.219 - - [13/Nov/2025:00:24:04 +0800] "GET / HTTP/1.1" 200 3958 "-" "Mozilla/5.0 (Windows NT 10.0; Win64; x64) AppleWebKit/537.36 (KHTML, like Gecko) Chrome/90.0.4430.85 Safari/537.36 Edg/90.0.818.46"
213.209.157.254 - - [13/Nov/2025:00:38:38 +0800] "GET /.git/index HTTP/1.1" 404 153 "-" "Mozilla/5.0 (SymbianOS/9.1; U; en-us) AppleWebKit/413 (KHTML, like Gecko) Safari/413 es65"
204.76.203.219 - - [13/Nov/2025:00:48:27 +0800] "GET / HTTP/1.1" 200 3958 "-" "Mozilla/5.0 (Windows NT 10.0; Win64; x64) AppleWebKit/537.36 (KHTML, like Gecko) Chrome/90.0.4430.85 Safari/537.36 Edg/90.0.818.46"
78.153.140.179 - - [13/Nov/2025:01:13:10 +0800] "GET /.env HTTP/1.1" 404 555 "-" "Mozilla/5.0 (Windows NT 6.3; WOW64) AppleWebKit/537.36 (KHTML, like Gecko) Chrome/54.0.2840.99 Safari/537.36 OPR/41.0.2353.69"
78.153.140.179 - - [13/Nov/2025:01:13:12 +0800] "GET /.env-git.log HTTP/1.1" 404 555 "-" "Mozilla/5.0 (Windows NT 10.0; WOW64) AppleWebKit/537.36 (KHTML, like Gecko) Chrome/60.0.3112.78 Safari/537.36 OPR/47.0.2631.55"
78.153.140.179 - - [13/Nov/2025:01:13:12 +0800] "GET /.env-web.log HTTP/1.1" 404 555 "-" "Mozilla/4.0 (compatible; MSIE 7.0; Windows NT 6.1; WOW64; Trident/7.0; SLCC2; .NET CLR 2.0.50727; .NET4.0C; .NET4.0E)"
204.76.203.219 - - [13/Nov/2025:01:16:40 +0800] "GET / HTTP/1.1" 200 3958 "-" "Mozilla/5.0 (Windows NT 10.0; Win64; x64) AppleWebKit/537.36 (KHTML, like Gecko) Chrome/90.0.4430.85 Safari/537.36 Edg/90.0.818.46"
94.74.182.142 - - [13/Nov/2025:01:19:11 +0800] "GET / HTTP/1.1" 200 3958 "-" "-"
204.76.203.219 - - [13/Nov/2025:01:41:42 +0800] "GET / HTTP/1.1" 200 3958 "-" "Mozilla/5.0 (Windows NT 10.0; Win64; x64) AppleWebKit/537.36 (KHTML, like Gecko) Chrome/90.0.4430.85 Safari/537.36 Edg/90.0.818.46"
79.124.59.86 - - [13/Nov/2025:02:08:53 +0800] "\x03\x00\x00/*\xE0\x00\x00\x00\x00\x00Cookie: mstshash=Administr" 400 157 "-" "-"
204.76.203.219 - - [13/Nov/2025:02:10:57 +0800] "GET / HTTP/1.1" 200 3958 "-" "Mozilla/5.0 (Windows NT 10.0; Win64; x64) AppleWebKit/537.36 (KHTML, like Gecko) Chrome/90.0.4430.85 Safari/537.36 Edg/90.0.818.46"
204.76.203.219 - - [13/Nov/2025:02:36:25 +0800] "GET / HTTP/1.1" 200 3958 "-" "Mozilla/5.0 (Windows NT 10.0; Win64; x64) AppleWebKit/537.36 (KHTML, like Gecko) Chrome/90.0.4430.85 Safari/537.36 Edg/90.0.818.46"
118.123.1.39 - - [13/Nov/2025:02:52:58 +0800] "GET /chs/js/lang_zh_tw.js HTTP/1.1" 404 555 "-" "Mozilla/4.0 (compatible; MSIE 7.0; Windows NT 6.1; WOW64; Trident/5.0; SLCC2; .NET CLR 2.0.50727; .NET CLR 3.5.30729; .NET CLR 3.0.30729; Media Center PC 6.0; .NET4.0C; .NET4.0E; InfoPath.3; KB974488)"
118.123.1.39 - - [13/Nov/2025:02:52:58 +0800] "GET /customer/js/lang_zh_tw.js HTTP/1.1" 404 555 "-" "Mozilla/4.0 (compatible; MSIE 7.0; Windows NT 6.1; WOW64; Trident/5.0; SLCC2; .NET CLR 2.0.50727; .NET CLR 3.5.30729; .NET CLR 3.0.30729; Media Center PC 6.0; .NET4.0C; .NET4.0E; InfoPath.3; KB974488)"
118.123.1.39 - - [13/Nov/2025:02:52:58 +0800] "GET /index.php HTTP/1.1" 404 555 "-" "Mozilla/4.0 (compatible; MSIE 7.0; Windows NT 6.1; WOW64; Trident/5.0; SLCC2; .NET CLR 2.0.50727; .NET CLR 3.5.30729; .NET CLR 3.0.30729; Media Center PC 6.0; .NET4.0C; .NET4.0E; InfoPath.3; KB974488)"
118.123.1.39 - - [13/Nov/2025:02:52:58 +0800] "GET /ips/index.php HTTP/1.1" 404 555 "-" "Mozilla/4.0 (compatible; MSIE 7.0; Windows NT 6.1; WOW64; Trident/5.0; SLCC2; .NET CLR 2.0.50727; .NET CLR 3.5.30729; .NET CLR 3.0.30729; Media Center PC 6.0; .NET4.0C; .NET4.0E; InfoPath.3; KB974488)"
118.123.1.39 - - [13/Nov/2025:02:52:58 +0800] "GET / HTTP/1.1" 200 3958 "-" "Mozilla/4.0 (compatible; MSIE 7.0; Windows NT 6.1; WOW64; Trident/5.0; SLCC2; .NET CLR 2.0.50727; .NET CLR 3.5.30729; .NET CLR 3.0.30729; Media Center PC 6.0; .NET4.0C; .NET4.0E; InfoPath.3; KB974488)"
118.123.1.39 - - [13/Nov/2025:02:52:58 +0800] "GET /stylesheets/theme.css HTTP/1.1" 404 555 "-" "Mozilla/4.0 (compatible; MSIE 7.0; Windows NT 6.1; WOW64; Trident/5.0; SLCC2; .NET CLR 2.0.50727; .NET CLR 3.5.30729; .NET CLR 3.0.30729; Media Center PC 6.0; .NET4.0C; .NET4.0E; InfoPath.3; KB974488)"
118.123.1.39 - - [13/Nov/2025:02:52:58 +0800] "GET /index.php HTTP/1.1" 404 555 "-" "Mozilla/4.0 (compatible; MSIE 7.0; Windows NT 6.1; WOW64; Trident/5.0; SLCC2; .NET CLR 2.0.50727; .NET CLR 3.5.30729; .NET CLR 3.0.30729; Media Center PC 6.0; .NET4.0C; .NET4.0E; InfoPath.3; KB974488)"
118.123.1.39 - - [13/Nov/2025:02:52:58 +0800] "GET /public/stylesheets/theme.css HTTP/1.1" 404 555 "-" "Mozilla/4.0 (compatible; MSIE 7.0; Windows NT 6.1; WOW64; Trident/5.0; SLCC2; .NET CLR 2.0.50727; .NET CLR 3.5.30729; .NET CLR 3.0.30729; Media Center PC 6.0; .NET4.0C; .NET4.0E; InfoPath.3; KB974488)"
118.123.1.39 - - [13/Nov/2025:02:52:58 +0800] "GET /login/stylesheets/theme.css HTTP/1.1" 404 555 "-" "Mozilla/4.0 (compatible; MSIE 7.0; Windows NT 6.1; WOW64; Trident/5.0; SLCC2; .NET CLR 2.0.50727; .NET CLR 3.5.30729; .NET CLR 3.0.30729; Media Center PC 6.0; .NET4.0C; .NET4.0E; InfoPath.3; KB974488)"
204.76.203.219 - - [13/Nov/2025:03:02:47 +0800] "GET / HTTP/1.1" 200 3958 "-" "Mozilla/5.0 (Windows NT 10.0; Win64; x64) AppleWebKit/537.36 (KHTML, like Gecko) Chrome/90.0.4430.85 Safari/537.36 Edg/90.0.818.46"
204.76.203.30 - - [13/Nov/2025:03:13:15 +0800] "GET /.env HTTP/1.1" 404 153 "-" "Mozilla/5.0 (X11; U; Linux x86_64; en-US; rv:1.8.0.3) Gecko/20060522 Firefox/1.5.0.3"
204.76.203.30 - - [13/Nov/2025:03:13:16 +0800] "GET /api/.env HTTP/1.1" 404 153 "-" "Mozilla/5.0 (Macintosh; U; PPC Mac OS X; en-us) AppleWebKit/125.2 (KHTML, like Gecko) Safari/125.7"
204.76.203.30 - - [13/Nov/2025:03:13:17 +0800] "GET /backend/.env HTTP/1.1" 404 555 "-" "Mozilla/5.0 (Windows NT 6.1; Win64; x64) AppleWebKit/537.36 (KHTML, like Gecko) Chrome/69.0.3497.100 Safari/537.36"
204.76.203.30 - - [13/Nov/2025:03:13:17 +0800] "GET /admin/.env HTTP/1.1" 404 153 "-" "Mozilla/5.0 (Windows; U; Windows NT 6.1; zh-CN; rv:1.9.1.3) Gecko/20090824 Firefox/3.5.3"
204.76.203.30 - - [13/Nov/2025:03:13:18 +0800] "GET /.env.example HTTP/1.1" 404 153 "-" "Mozilla/5.0 (Macintosh; U; Intel Mac OS X 10_5_6; nb-no) AppleWebKit/525.27.1 (KHTML, like Gecko) Version/3.2.1 Safari/525.27.1"
130.211.53.197 - - [13/Nov/2025:03:17:55 +0800] "GET / HTTP/1.1" 200 3958 "-" "python-requests/2.32.5"
187.57.184.99 - - [13/Nov/2025:03:31:39 +0800] "GET / HTTP/1.1" 200 3958 "-" "Mozilla/5.0 (Windows NT 10.0; WOW64) AppleWebKit/537.36 (KHTML, like Gecko) Chrome/51.0.2704.103 Safari/537.36"
103.252.89.75 - - [13/Nov/2025:03:32:34 +0800] "GET / HTTP/1.1" 200 3958 "-" "-"
209.38.201.154 - - [13/Nov/2025:03:50:04 +0800] "\x00\x00\x00\x00\x00\x00\x00\x00\x00\x00\x00\x00\x00\x00\x00\x00\x00\x00\x00\x00" 400 157 "-" "-"
62.1.251.192 - - [13/Nov/2025:03:53:35 +0800] "GET / HTTP/1.1" 200 3958 "-" "Mozilla/5.0 (Windows NT 10.0; WOW64) AppleWebKit/537.36 (KHTML, like Gecko) Chrome/51.0.2704.103 Safari/537.36"
62.1.251.192 - - [13/Nov/2025:03:53:35 +0800] "GET / HTTP/1.1" 200 3958 "-" "Mozilla/5.0 (Macintosh; Intel Mac OS X 10_11_6) AppleWebKit/601.7.7 (KHTML, like Gecko) Version/9.1.2 Safari/601.7.7"
204.76.203.219 - - [13/Nov/2025:03:54:16 +0800] "GET / HTTP/1.1" 200 3958 "-" "Mozilla/5.0 (Windows NT 10.0; Win64; x64) AppleWebKit/537.36 (KHTML, like Gecko) Chrome/90.0.4430.85 Safari/537.36 Edg/90.0.818.46"
204.76.203.219 - - [13/Nov/2025:04:22:07 +0800] "GET / HTTP/1.1" 200 3958 "-" "Mozilla/5.0 (Windows NT 10.0; Win64; x64) AppleWebKit/537.36 (KHTML, like Gecko) Chrome/90.0.4430.85 Safari/537.36 Edg/90.0.818.46"
79.124.49.202 - - [13/Nov/2025:04:38:35 +0800] "\x03\x00\x00/*\xE0\x00\x00\x00\x00\x00Cookie: mstshash=Administr" 400 157 "-" "-"
204.76.203.219 - - [13/Nov/2025:04:46:48 +0800] "GET / HTTP/1.1" 200 3958 "-" "Mozilla/5.0 (Windows NT 10.0; Win64; x64) AppleWebKit/537.36 (KHTML, like Gecko) Chrome/90.0.4430.85 Safari/537.36 Edg/90.0.818.46"
198.235.24.151 - - [13/Nov/2025:04:48:57 +0800] "GET / HTTP/1.0" 200 3958 "-" "Hello from Palo Alto Networks, find out more about our scans in https://docs-cortex.paloaltonetworks.com/r/1/Cortex-Xpanse/Scanning-activity"
3.86.193.171 - - [13/Nov/2025:04:59:33 +0800] "GET / HTTP/1.1" 200 3958 "-" "Mozilla/5.0 (Windows NT 10.0; Win64; x64) AppleWebKit/537.36 (KHTML, like Gecko) Chrome/136.0.0.0 Safari/537.36"
204.76.203.219 - - [13/Nov/2025:05:13:58 +0800] "GET / HTTP/1.1" 200 3958 "-" "Mozilla/5.0 (Windows NT 10.0; Win64; x64) AppleWebKit/537.36 (KHTML, like Gecko) Chrome/90.0.4430.85 Safari/537.36 Edg/90.0.818.46"
193.142.147.209 - - [13/Nov/2025:05:16:00 +0800] "GET / HTTP/1.1" 200 3958 "-" "-"
204.76.203.219 - - [13/Nov/2025:05:38:16 +0800] "GET / HTTP/1.1" 200 3958 "-" "Mozilla/5.0 (Windows NT 10.0; Win64; x64) AppleWebKit/537.36 (KHTML, like Gecko) Chrome/90.0.4430.85 Safari/537.36 Edg/90.0.818.46"
47.237.177.222 - - [13/Nov/2025:05:42:45 +0800] "\x04\x01\x00Pg)\xA7\xEA\x00" 400 157 "-" "-"
47.237.177.222 - - [13/Nov/2025:05:44:29 +0800] "\x05\x01\x00" 400 157 "-" "-"
78.135.107.199 - - [13/Nov/2025:06:01:46 +0800] "GET /admin/config.php HTTP/1.0" 404 153 "-" "xfa1"
204.76.203.219 - - [13/Nov/2025:06:04:29 +0800] "GET / HTTP/1.1" 200 3958 "-" "Mozilla/5.0 (Windows NT 10.0; Win64; x64) AppleWebKit/537.36 (KHTML, like Gecko) Chrome/90.0.4430.85 Safari/537.36 Edg/90.0.818.46"
78.135.107.199 - - [13/Nov/2025:06:23:38 +0800] "GET /robots.txt HTTP/1.1" 404 153 "-" "Mozilla/5.0"
204.76.203.219 - - [13/Nov/2025:06:32:16 +0800] "GET / HTTP/1.1" 200 3958 "-" "Mozilla/5.0 (Windows NT 10.0; Win64; x64) AppleWebKit/537.36 (KHTML, like Gecko) Chrome/90.0.4430.85 Safari/537.36 Edg/90.0.818.46"
193.142.147.209 - - [13/Nov/2025:06:53:54 +0800] "GET /cgi-bin/luci/;stok=/locale HTTP/1.1" 404 153 "-" "-"
204.76.203.219 - - [13/Nov/2025:06:59:47 +0800] "GET / HTTP/1.1" 200 3958 "-" "Mozilla/5.0 (Windows NT 10.0; Win64; x64) AppleWebKit/537.36 (KHTML, like Gecko) Chrome/90.0.4430.85 Safari/537.36 Edg/90.0.818.46"
213.209.157.254 - - [13/Nov/2025:07:13:29 +0800] "GET /.git/HEAD HTTP/1.1" 404 153 "-" "Mozilla/5.0 (X11; U; Linux x86_64; en-US; rv:1.9.0.3) Gecko/2008092814 (Debian-3.0.1-1)"
185.242.226.113 - - [13/Nov/2025:07:14:36 +0800] "\x16\x03\x01\x00\x8C\x01\x00\x00\x88\x03\x03g\xCE\xFCpt\xBD\xB2y]\x14\x95\x85\x08l\x1E\xBE\xD5\xFD\x016\x957N\x17\xF6\xCB\x83\xE5a\x04\x01\x0C\x00\x00\x1A\xC0/\xC0+\xC0\x11\xC0\x07\xC0\x13\xC0\x09\xC0\x14\xC0" 400 157 "-" "-"
204.76.203.219 - - [13/Nov/2025:07:25:23 +0800] "GET / HTTP/1.1" 200 3958 "-" "Mozilla/5.0 (Windows NT 10.0; Win64; x64) AppleWebKit/537.36 (KHTML, like Gecko) Chrome/90.0.4430.85 Safari/537.36 Edg/90.0.818.46"
204.76.203.219 - - [13/Nov/2025:07:50:03 +0800] "GET / HTTP/1.1" 200 3958 "-" "Mozilla/5.0 (Windows NT 10.0; Win64; x64) AppleWebKit/537.36 (KHTML, like Gecko) Chrome/90.0.4430.85 Safari/537.36 Edg/90.0.818.46"
40.124.175.136 - - [13/Nov/2025:08:10:07 +0800] "GET /developmentserver/metadatauploader HTTP/1.1" 404 153 "-" "Mozilla/5.0 zgrab/0.x"
204.76.203.219 - - [13/Nov/2025:08:17:16 +0800] "GET / HTTP/1.1" 200 3958 "-" "Mozilla/5.0 (Windows NT 10.0; Win64; x64) AppleWebKit/537.36 (KHTML, like Gecko) Chrome/90.0.4430.85 Safari/537.36 Edg/90.0.818.46"
94.74.182.142 - - [13/Nov/2025:08:18:31 +0800] "GET / HTTP/1.1" 200 3958 "-" "-"
205.210.31.101 - - [13/Nov/2025:08:33:18 +0800] "GET / HTTP/1.0" 200 3958 "-" "Hello from Palo Alto Networks, find out more about our scans in https://docs-cortex.paloaltonetworks.com/r/1/Cortex-Xpanse/Scanning-activity"
103.252.89.75 - - [13/Nov/2025:08:41:52 +0800] "GET / HTTP/1.1" 200 3958 "-" "-"
204.76.203.219 - - [13/Nov/2025:08:43:02 +0800] "GET / HTTP/1.1" 200 3958 "-" "Mozilla/5.0 (Windows NT 10.0; Win64; x64) AppleWebKit/537.36 (KHTML, like Gecko) Chrome/90.0.4430.85 Safari/537.36 Edg/90.0.818.46"
185.180.141.24 - - [13/Nov/2025:08:53:47 +0800] "GET / HTTP/1.1" 200 3958 "-" "Mozilla/5.0 (Windows NT 10.0; Win64; x64) AppleWebKit/537.36 (KHTML, like Gecko) Chrome/60.0.3112.113 Safari/537.36"
185.180.141.25 - - [13/Nov/2025:08:53:47 +0800] "GET /SystemDataService/Content/Images/favicon.ico HTTP/1.1" 404 555 "-" "Mozilla/5.0 (Windows NT 10.0; Win64; x64) AppleWebKit/537.36 (KHTML, like Gecko) Chrome/60.0.3112.113 Safari/537.36"
204.76.203.219 - - [13/Nov/2025:09:09:01 +0800] "GET / HTTP/1.1" 200 3958 "-" "Mozilla/5.0 (Windows NT 10.0; Win64; x64) AppleWebKit/537.36 (KHTML, like Gecko) Chrome/90.0.4430.85 Safari/537.36 Edg/90.0.818.46"
176.65.148.122 - - [13/Nov/2025:09:26:10 +0800] "GET / HTTP/1.1" 200 3958 "-" "-"
204.76.203.219 - - [13/Nov/2025:09:38:06 +0800] "GET / HTTP/1.1" 200 3958 "-" "Mozilla/5.0 (Windows NT 10.0; Win64; x64) AppleWebKit/537.36 (KHTML, like Gecko) Chrome/90.0.4430.85 Safari/537.36 Edg/90.0.818.46"
95.215.0.144 - - [13/Nov/2025:09:43:43 +0800] "GET / HTTP/1.0" 200 3958 "-" "Mozilla/5.0 (Windows NT 10.0; Win64; x64) AppleWebKit/537.36 (KHTML, like Gecko) Chrome/80.0.3987.149  Safari/537.36"
204.76.203.219 - - [13/Nov/2025:10:04:29 +0800] "GET / HTTP/1.1" 200 3958 "-" "Mozilla/5.0 (Windows NT 10.0; Win64; x64) AppleWebKit/537.36 (KHTML, like Gecko) Chrome/90.0.4430.85 Safari/537.36 Edg/90.0.818.46"
20.65.194.105 - - [13/Nov/2025:10:06:26 +0800] "GET /portal/redlion HTTP/1.1" 404 153 "-" "Mozilla/5.0 zgrab/0.x"
78.153.140.203 - - [13/Nov/2025:10:15:15 +0800] "GET /.env HTTP/1.1" 404 153 "-" "Mozilla/5.0 (Android 5.1; Mobile; rv:42.0) Gecko/42.0 Firefox/42.0"
78.153.140.203 - - [13/Nov/2025:10:15:15 +0800] "GET /api/.env HTTP/1.1" 404 153 "-" "Opera/6.03 (Windows NT 4.0; U)  [en]"
78.153.140.203 - - [13/Nov/2025:10:15:16 +0800] "GET /backend/.env HTTP/1.1" 404 153 "-" "Opera/9.80 (Windows NT 6.2; Win64; x64) Presto/2.12.388 Version/12.11"
204.76.203.219 - - [13/Nov/2025:10:32:20 +0800] "GET / HTTP/1.1" 200 3958 "-" "Mozilla/5.0 (Windows NT 10.0; Win64; x64) AppleWebKit/537.36 (KHTML, like Gecko) Chrome/90.0.4430.85 Safari/537.36 Edg/90.0.818.46"
162.142.125.222 - - [13/Nov/2025:10:47:21 +0800] "GET / HTTP/1.1" 200 3958 "-" "Mozilla/5.0 (compatible; CensysInspect/1.1; +https://about.censys.io/)"
162.142.125.222 - - [13/Nov/2025:10:47:25 +0800] "\x16\x03\x01\x00\xEE\x01\x00\x00\xEA\x03\x03\xE87\x0Ef\x86\x0Fx\xAAJ\x94P\xE2\xE1\xD3\xE5U\x10$s\xB2\xC6w\x1Eb\xF0,\xB6B\xCB\xD2\xDB\xDE \xC9\xE0r\x11\xA9\xEA;Y\xF8\xE6\x8B\xE8Gt\x18\xB7h\x82\xFDGZ/\xF3\x17]\xF5H\xF7\x14\xD0\xD5\xAD\x00&\xCC\xA8\xCC\xA9\xC0/\xC00\xC0+\xC0,\xC0\x13\xC0\x09\xC0\x14\xC0" 400 157 "-" "-"
162.142.125.222 - - [13/Nov/2025:10:47:26 +0800] "PRI * HTTP/2.0" 400 157 "-" "-"
162.142.125.222 - - [13/Nov/2025:10:50:09 +0800] "GET /security.txt HTTP/1.1" 404 153 "-" "Mozilla/5.0 (compatible; CensysInspect/1.1; +https://about.censys.io/)"
162.142.125.222 - - [13/Nov/2025:10:50:12 +0800] "\x16\x03\x01\x00\xEE\x01\x00\x00\xEA\x03\x03\x03\xA1<\xCEs{\xC8K\xCDA\xD7\xE9\x18\xD1x\xE4\xB8\x06\x1Dt\x1A\x90ie\x1FY\xB0\xAD\xC9%\x0Fv \x0CD'\xEE\xA1\x22\xDE\x91" 400 157 "-" "-"
204.76.203.219 - - [13/Nov/2025:10:56:01 +0800] "GET / HTTP/1.1" 200 3958 "-" "Mozilla/5.0 (Windows NT 10.0; Win64; x64) AppleWebKit/537.36 (KHTML, like Gecko) Chrome/90.0.4430.85 Safari/537.36 Edg/90.0.818.46"
176.32.195.85 - - [13/Nov/2025:11:01:44 +0800] "\x16\x03\x01\x05\xA8\x01\x00\x05\xA4\x03\x03z\xA2R\xE1\x15W\xA7i\xE0EJ\x9B|=b\xAF\xBF\xA5}\xE0\xCD\x849\x06u\xC1" 400 157 "-" "-"
176.32.195.85 - - [13/Nov/2025:11:01:44 +0800] "GET /aaa9 HTTP/1.1" 404 555 "-" "Mozilla/5.0 (Windows NT 10.0; Win64; x64) AppleWebKit/537.36 (KHTML, like Gecko) Chrome/70.0.3538.77 Safari/537.36"
176.32.195.85 - - [13/Nov/2025:11:01:45 +0800] "\x16\x03\x01\x05\xA8\x01\x00\x05\xA4\x03\x03^\x19l\xE8\xA3\xA9\xE1\xA9\xA6\xC43\x1F2\xFDq\xE3n+\xAC\x95\xCA\xCF\xDA" 400 157 "-" "-"
176.32.195.85 - - [13/Nov/2025:11:01:46 +0800] "GET /aab9 HTTP/1.1" 404 555 "-" "Mozilla/5.0 (Windows NT 10.0; Win64; x64) AppleWebKit/537.36 (KHTML, like Gecko) Chrome/70.0.3538.77 Safari/537.36"
94.74.182.142 - - [13/Nov/2025:11:14:10 +0800] "GET / HTTP/1.1" 200 3958 "-" "-"
204.76.203.219 - - [13/Nov/2025:11:25:49 +0800] "GET / HTTP/1.1" 200 3958 "-" "Mozilla/5.0 (Windows NT 10.0; Win64; x64) AppleWebKit/537.36 (KHTML, like Gecko) Chrome/90.0.4430.85 Safari/537.36 Edg/90.0.818.46"
139.162.119.196 - - [13/Nov/2025:11:37:55 +0800] "GET / HTTP/1.0" 200 3958 "-" "-"
139.162.119.196 - - [13/Nov/2025:11:37:56 +0800] "GET / HTTP/1.1" 200 3958 "-" "Mozilla/5.0 (X11; Linux x86_64) AppleWebKit/537.36 (KHTML"
139.162.119.196 - - [13/Nov/2025:11:37:56 +0800] "GET /favicon.ico HTTP/1.1" 404 153 "-" "Mozilla/5.0 (X11; Linux x86_64) AppleWebKit/537.36 (KHTML"
139.162.119.196 - - [13/Nov/2025:11:38:06 +0800] "\x16\x03\x01\x02\x00\x01\x00\x01\xFC\x03\x03\xDC\xBD\xFAy-\x9CH86\x97\x11\x91\x9D\xCD\x05\x88\xE2\x06\xDE<\xB3\x87\x07\xAE\x82\x16g\x9C\x02\xA8\xDF\x95 &H\xC40\xA2)\xD2\xD0\x8E.@\xD4\x1A\x10[9\x11\xD8\xAC\xA3\xD7\x87\x89>d\x87\x9B\xB0\x86:\x14V\x00\x9C\x13\x02\x13\x03\x13\x01\x003\x009\x005\x00/\xC0,\xC00\x00\xA3\x00\x9F\xCC\xA9\xCC\xA8\xCC\xAA\xC0\xAF\xC0\xAD\xC0\xA3\xC0\x9F\xC0]\xC0a\xC0W\xC0S\xC0+\xC0/\x00\xA2\x00\x9E\xC0\xAE\xC0\xAC\xC0\xA2\xC0\x9E\xC0\x5C\xC0`\xC0V\xC0R\xC0$\xC0(\x00k\x00j\xC0s\xC0w\x00\xC4\x00\xC3\xC0#\xC0'\x00g\x00@\xC0r\xC0v\x00\xBE\x00\xBD\xC0" 400 157 "-" "-"
139.162.119.196 - - [13/Nov/2025:11:38:18 +0800] "GET / HTTP/1.0" 200 3958 "-" "-"
139.162.119.196 - - [13/Nov/2025:11:38:18 +0800] "GET / HTTP/1.1" 200 3958 "-" "-"
204.76.203.219 - - [13/Nov/2025:11:48:36 +0800] "GET / HTTP/1.1" 200 3958 "-" "Mozilla/5.0 (Windows NT 10.0; Win64; x64) AppleWebKit/537.36 (KHTML, like Gecko) Chrome/90.0.4430.85 Safari/537.36 Edg/90.0.818.46"
79.124.59.86 - - [13/Nov/2025:11:56:43 +0800] "\x03\x00\x00/*\xE0\x00\x00\x00\x00\x00Cookie: mstshash=Administr" 400 157 "-" "-"
45.142.154.40 - - [13/Nov/2025:12:09:55 +0800] "GET /version HTTP/1.1" 404 153 "-" "-"
45.142.154.40 - - [13/Nov/2025:12:09:55 +0800] "GET / HTTP/1.1" 200 3958 "-" "-"
45.142.154.40 - - [13/Nov/2025:12:09:56 +0800] "GET / HTTP/1.1" 200 3958 "-" "-"
45.142.154.40 - - [13/Nov/2025:12:10:01 +0800] "GET /v1 HTTP/1.1" 404 153 "-" "-"
45.142.154.40 - - [13/Nov/2025:12:10:03 +0800] "GET / HTTP/1.1" 200 3958 "-" "-"
45.142.154.40 - - [13/Nov/2025:12:10:49 +0800] "GET / HTTP/1.1" 200 3958 "-" "Mozilla/5.0 (Windows NT 6.1) AppleWebKit/537.36 (KHTML, like Gecko) Chrome/49.0.2623.112 Safari/537.36"
45.142.154.40 - - [13/Nov/2025:12:10:50 +0800] "GET /favicon.ico HTTP/1.1" 404 555 "http://120.55.251.144:80" "Mozilla/5.0 (Windows NT 6.1) AppleWebKit/537.36 (KHTML, like Gecko) Chrome/49.0.2623.112 Safari/537.36"
45.142.154.40 - - [13/Nov/2025:12:10:51 +0800] "GET /script.js HTTP/1.1" 200 22403 "-" "Mozilla/5.0 (Windows NT 6.1) AppleWebKit/537.36 (KHTML, like Gecko) Chrome/49.0.2623.112 Safari/537.36"
204.76.203.219 - - [13/Nov/2025:12:18:15 +0800] "GET / HTTP/1.1" 200 3958 "-" "Mozilla/5.0 (Windows NT 10.0; Win64; x64) AppleWebKit/537.36 (KHTML, like Gecko) Chrome/90.0.4430.85 Safari/537.36 Edg/90.0.818.46"
91.232.238.112 - - [13/Nov/2025:12:21:58 +0800] "GET / HTTP/1.0" 200 3958 "-" "ivre-masscan/1.3 https://github.com/robertdavidgraham/"
79.124.49.202 - - [13/Nov/2025:12:28:29 +0800] "\x03\x00\x00/*\xE0\x00\x00\x00\x00\x00Cookie: mstshash=Administr" 400 157 "-" "-"
78.153.140.177 - - [13/Nov/2025:12:40:22 +0800] "GET /.env HTTP/1.1" 404 555 "-" "Mozilla/5.0 (X11; Linux x86_64) AppleWebKit/537.36 (KHTML, like Gecko) Chrome/65.0.3325.181 Safari/537.36 OPR/52.0.2871.40"
78.153.140.177 - - [13/Nov/2025:12:40:23 +0800] "GET /.env-migrations HTTP/1.1" 404 153 "-" "Mozilla/4.0 (compatible; MSIE 5.0; Linux 2.4.4-4GB i686) Opera 5.0  [en]"
78.153.140.177 - - [13/Nov/2025:12:40:24 +0800] "GET /.env.docker.bak HTTP/1.1" 404 153 "-" "Mozilla/5.0 (X11; U; Linux i686; en-US; rv:1.8.1.10) Gecko/20071115 Firefox/2.0.0.10 (Debian-2.0.0.10-0etch1)"
78.153.140.177 - - [13/Nov/2025:12:40:26 +0800] "GET /.env-deploy.log HTTP/1.1" 404 555 "-" "Mozilla/5.0 (X11; U; Linux x86_64; en-US) AppleWebKit/532.2 (KHTML, like Gecko) Chrome/4.0.222.1 Safari/532.2"
78.153.140.177 - - [13/Nov/2025:12:40:27 +0800] "GET /.env_middleware HTTP/1.1" 404 153 "-" "Mozilla/5.0 (Macintosh; Intel Mac OS X 10_12_2) AppleWebKit/602.3.3 (KHTML, like Gecko) Version/10.0.2 Safari/602.3.3"
78.153.140.177 - - [13/Nov/2025:12:40:27 +0800] "GET /.env_mail_login HTTP/1.1" 404 555 "-" "Mozilla/5.0 (compatible; MSIE 10.0; Windows NT 6.2; Win64; x64; Trident/6.0; WebView/1.0)"
78.153.140.177 - - [13/Nov/2025:12:40:28 +0800] "GET /.env.smtp_login HTTP/1.1" 404 153 "-" "Mozilla/5.0 (Windows NT 6.3; WOW64; rv:27.0) Gecko/20100101 Firefox/27.0"
78.153.140.177 - - [13/Nov/2025:12:40:29 +0800] "GET /.env.dusk.local HTTP/1.1" 404 153 "-" "Mozilla/5.0 (Linux; U; Android 4.4.2; en-us; SPH-L900 Build/KOT49H) AppleWebKit/534.30 (KHTML, like Gecko) Version/4.0 Mobile Safari/534.30"
78.153.140.177 - - [13/Nov/2025:12:40:30 +0800] "GET /.env-redis.conf HTTP/1.1" 404 555 "-" "Mozilla/5.0 (X11; Linux x86_64) AppleWebKit/535.1 (KHTML, like Gecko) Chrome/14.0.824.0 Safari/535.1"
78.153.140.177 - - [13/Nov/2025:12:40:31 +0800] "GET /.env-local.json HTTP/1.1" 404 153 "-" "Mozilla/5.0 (Macintosh; U; Intel Mac OS X 10_5_8; nl-nl) AppleWebKit/531.22.7 (KHTML, like Gecko) Version/4.0.5 Safari/531.22.7"
78.153.140.177 - - [13/Nov/2025:12:40:32 +0800] "GET /.env-local-vars HTTP/1.1" 404 153 "-" "Opera/9.80 (Windows NT 6.1; Win64; x64; Edition Yx) Presto/2.12.388 Version/12.18"
78.153.140.177 - - [13/Nov/2025:12:40:33 +0800] "GET /.env.smtp.local HTTP/1.1" 404 555 "-" "Mozilla/5.0 (Windows NT 6.1; WOW64) AppleWebKit/537.36 (KHTML, like Gecko) Maxthon/4.4.6.2000 Chrome/30.0.1599.101 Safari/537.36"
78.153.140.177 - - [13/Nov/2025:12:40:34 +0800] "GET /.env-config.env HTTP/1.1" 404 153 "-" "Mozilla/5.0 (X11; Linux i686) AppleWebKit/538.1 (KHTML, like Gecko) QupZilla/1.8.6 Safari/538.1"
78.153.140.177 - - [13/Nov/2025:12:40:34 +0800] "GET /.env-jwt-secret HTTP/1.1" 404 555 "-" "Mozilla/5.0 (Windows NT 10.0; WOW64) AppleWebKit/537.36 (KHTML, like Gecko) Chrome/45.0.2454.93 Safari/537.36 OPR/32.0.1948.89"
78.153.140.177 - - [13/Nov/2025:12:40:35 +0800] "GET /.env-iplist.env HTTP/1.1" 404 153 "-" "Mozilla/5.0 (Linux; U; Android 4.2.2; en-us; GT-P3113 Build/JDQ39) AppleWebKit/534.30 (KHTML, like Gecko) Version/4.0 Safari/534.30"
78.153.140.177 - - [13/Nov/2025:12:40:36 +0800] "GET /.env-rate-limit HTTP/1.1" 404 555 "-" "Mozilla/5.0 (X11; U; Linux i686 (x86_64); en-US) AppleWebKit/532.0 (KHTML, like Gecko) Chrome/3.0.198.1 Safari/532.0"
78.153.140.177 - - [13/Nov/2025:12:40:36 +0800] "GET /.env-nginx.conf HTTP/1.1" 404 153 "-" "Mozilla/5.0 (iPad; U; CPU OS 5_0 like Mac OS X; en-us) AppleWebKit/534.46 (KHTML, like Gecko) Version/5.1 Mobile/9A334 Safari/7534.48.3"
78.153.140.177 - - [13/Nov/2025:12:40:37 +0800] "GET /.env_mail_admin HTTP/1.1" 404 555 "-" "Mozilla/5.0 (en-US) AppleWebKit/537.36 (KHTML, like Gecko; Hound) Chrome/27.0.1453 Safari/537.36"
78.153.140.177 - - [13/Nov/2025:12:40:38 +0800] "GET /.env.sendinblue HTTP/1.1" 404 153 "-" "Mozilla/5.0 (Macintosh; U; Intel Mac OS X 10_5_2; en-us) AppleWebKit/526.1+ (KHTML, like Gecko) Version/3.1 Safari/525.13"
78.153.140.177 - - [13/Nov/2025:12:40:40 +0800] "GET /.env-backup-env HTTP/1.1" 404 555 "-" "Mozilla/5.0 (Macintosh; Intel Mac OS X 10_12_5) AppleWebKit/537.36 (KHTML, like Gecko) Chrome/60.0.3112.113 Safari/537.36"
204.76.203.219 - - [13/Nov/2025:12:45:18 +0800] "GET / HTTP/1.1" 200 3958 "-" "Mozilla/5.0 (Windows NT 10.0; Win64; x64) AppleWebKit/537.36 (KHTML, like Gecko) Chrome/90.0.4430.85 Safari/537.36 Edg/90.0.818.46"
79.124.59.86 - - [13/Nov/2025:12:59:55 +0800] "\x03\x00\x00/*\xE0\x00\x00\x00\x00\x00Cookie: mstshash=Administr" 400 157 "-" "-"
194.187.179.239 - - [13/Nov/2025:13:00:04 +0800] "GET / HTTP/1.1" 200 3958 "-" "Mozilla/5.0 (Windows NT 10.0; Win64; x64; rv:65.0) Gecko/20100101 Firefox/65.0"
194.187.179.114 - - [13/Nov/2025:13:00:05 +0800] "GET /favicon.ico HTTP/1.1" 404 153 "-" "Mozilla/5.0 (Windows NT 10.0; Win64; x64; rv:65.0) Gecko/20100101 Firefox/65.0"
20.169.105.48 - - [13/Nov/2025:13:09:05 +0800] "GET / HTTP/1.1" 200 3958 "-" "Mozilla/5.0 zgrab/0.x"
204.76.203.219 - - [13/Nov/2025:13:10:39 +0800] "GET / HTTP/1.1" 200 3958 "-" "Mozilla/5.0 (Windows NT 10.0; Win64; x64) AppleWebKit/537.36 (KHTML, like Gecko) Chrome/90.0.4430.85 Safari/537.36 Edg/90.0.818.46"
35.216.195.77 - - [13/Nov/2025:13:11:15 +0800] "GET / HTTP/1.1" 200 3958 "-" "Mozilla/5.0"
213.209.157.218 - - [13/Nov/2025:13:26:04 +0800] "GET /.env HTTP/1.1" 404 555 "-" "Mozilla/5.0 (X11; CrOS x86_64 12371.22.0) AppleWebKit/537.36 (KHTML, like Gecko) Chrome/77.0.3865.35 Safari/537.36"
213.209.157.218 - - [13/Nov/2025:13:29:23 +0800] "GET /.git/config HTTP/1.1" 404 555 "-" "Mozilla/5.0 (Windows NT 6.1) AppleWebKit/537.36 (KHTML, like Gecko) Chrome/76.0.3809.89 YaBrowser/19.9.1.64 (beta) Yowser/2.5 Safari/537.36"
93.174.93.12 - - [13/Nov/2025:13:30:35 +0800] "GET / HTTP/1.0" 200 3958 "-" "NetSurf/1.2 (NetBSD; amd64)"
204.76.203.219 - - [13/Nov/2025:13:39:35 +0800] "GET / HTTP/1.1" 200 3958 "-" "Mozilla/5.0 (Windows NT 10.0; Win64; x64) AppleWebKit/537.36 (KHTML, like Gecko) Chrome/90.0.4430.85 Safari/537.36 Edg/90.0.818.46"
93.174.93.12 - - [13/Nov/2025:13:43:47 +0800] "\x16\x03\x02\x01o\x01\x00\x01k\x03\x02RH\xC5\x1A#\xF7:N\xDF\xE2\xB4\x82/\xFF\x09T\x9F\xA7\xC4y\xB0h\xC6\x13\x8C\xA4\x1C=\x22\xE1\x1A\x98 \x84\xB4,\x85\xAFn\xE3Y\xBBbhl\xFF(=':\xA9\x82\xD9o\xC8\xA2\xD7\x93\x98\xB4\xEF\x80\xE5\xB9\x90\x00(\xC0" 400 157 "-" "-"
204.76.203.219 - - [13/Nov/2025:14:06:45 +0800] "GET / HTTP/1.1" 200 3958 "-" "Mozilla/5.0 (Windows NT 10.0; Win64; x64) AppleWebKit/537.36 (KHTML, like Gecko) Chrome/90.0.4430.85 Safari/537.36 Edg/90.0.818.46"
94.74.182.142 - - [13/Nov/2025:14:12:54 +0800] "GET / HTTP/1.1" 200 3958 "-" "-"
204.76.203.219 - - [13/Nov/2025:14:31:15 +0800] "GET / HTTP/1.1" 200 3958 "-" "Mozilla/5.0 (Windows NT 10.0; Win64; x64) AppleWebKit/537.36 (KHTML, like Gecko) Chrome/90.0.4430.85 Safari/537.36 Edg/90.0.818.46"
164.90.166.128 - - [13/Nov/2025:14:49:17 +0800] "GET /.env HTTP/1.1" 404 153 "-" "Mozilla/5.0; Keydrop.io/1.0(onlyscans.com/about);"
164.90.166.128 - - [13/Nov/2025:14:49:18 +0800] "GET /.git/config HTTP/1.1" 404 153 "-" "Mozilla/5.0; Keydrop.io/1.0(onlyscans.com/about);"
45.135.193.162 - - [13/Nov/2025:14:50:41 +0800] "GET http://ip-api.com/json/ HTTP/1.1" 404 153 "-" "Go-http-client/1.1"
204.76.203.219 - - [13/Nov/2025:14:57:24 +0800] "GET / HTTP/1.1" 200 3958 "-" "Mozilla/5.0 (Windows NT 10.0; Win64; x64) AppleWebKit/537.36 (KHTML, like Gecko) Chrome/90.0.4430.85 Safari/537.36 Edg/90.0.818.46"
193.142.147.209 - - [13/Nov/2025:15:09:06 +0800] "GET /cgi-bin/luci/;stok=/locale HTTP/1.1" 404 153 "-" "-"
195.19.121.65 - - [13/Nov/2025:15:12:19 +0800] "GET / HTTP/1.1" 200 3958 "-" "Mozilla/5.0 (Windows NT 6.1; WOW64) AppleWebKit/537.36 (KHTML, like Gecko) Chrome/51.0.2704.103 Safari/537.36"
204.76.203.219 - - [13/Nov/2025:15:25:10 +0800] "GET / HTTP/1.1" 200 3958 "-" "Mozilla/5.0 (Windows NT 10.0; Win64; x64) AppleWebKit/537.36 (KHTML, like Gecko) Chrome/90.0.4430.85 Safari/537.36 Edg/90.0.818.46"
134.209.178.63 - - [13/Nov/2025:15:30:13 +0800] "GET / HTTP/1.1" 200 3958 "-" "Mozilla/5.0 (X11; Linux x86_64; rv:139.0) Gecko/20100101 Firefox/139.0"
134.209.178.63 - - [13/Nov/2025:15:30:13 +0800] "GET /favicon.ico HTTP/1.1" 404 153 "http://120.55.251.144/" "Mozilla/5.0 (X11; Linux x86_64; rv:139.0) Gecko/20100101 Firefox/139.0"
204.76.203.219 - - [13/Nov/2025:15:50:05 +0800] "GET / HTTP/1.1" 200 3958 "-" "Mozilla/5.0 (Windows NT 10.0; Win64; x64) AppleWebKit/537.36 (KHTML, like Gecko) Chrome/90.0.4430.85 Safari/537.36 Edg/90.0.818.46"
198.235.24.136 - - [13/Nov/2025:15:55:17 +0800] "\x16\x03\x01\x00\xEE\x01\x00\x00\xEA\x03\x03@\x86\xDANQ\xAA\xFB\x00\xAD\x8D\xEF\x1E\xF1\xD1\x1DS9m\xACa#l\xE2\xAA\x15ff\x0F@bK\x10 \xC8?\xDF<t\x907E0jaM\xA9A\xC1pG\xEA(\x1C\xD5\xCE \x1678`\xB9\x1A@\xB8\xC8\x00&\xC0+\xC0/\xC0,\xC00\xCC\xA9\xCC\xA8\xC0\x09\xC0\x13\xC0" 400 157 "-" "-"
198.235.24.136 - - [13/Nov/2025:15:55:17 +0800] "\x16\x03\x01\x00\xCA\x01\x00\x00\xC6\x03\x03\xBD\x11\xC1\x96\xA5\xB3\xB3\x0B\xA15\xDD2y\xAD\x00@(=\xCFW\x98\x22\xA4\x94`F\xA4\x08Y\xC2\xBE\xE2\x00\x00h\xCC\x14\xCC\x13\xC0/\xC0+\xC00\xC0,\xC0\x11\xC0\x07\xC0'\xC0#\xC0\x13\xC0\x09\xC0(\xC0$\xC0\x14\xC0" 400 157 "-" "-"
45.140.17.52 - - [13/Nov/2025:16:00:42 +0800] "\x03\x00\x00/*\xE0\x00\x00\x00\x00\x00Cookie: mstshash=Administr" 400 157 "-" "-"
51.158.54.10 - - [13/Nov/2025:16:02:23 +0800] "GET / HTTP/1.0" 200 3958 "-" "ivre-masscan/1.3 https://github.com/robertdavidgraham/"
120.77.174.138 - - [13/Nov/2025:16:13:12 +0800] "GET / HTTP/1.1" 200 3958 "-" "Mozilla/5.0 (Windows NT 10.0; Win64; x64) AppleWebKit/537.36 (KHTML, like Gecko) Chrome/88.0.4240.193 Safari/537.36"
120.77.174.138 - - [13/Nov/2025:16:13:12 +0800] "GET / HTTP/1.1" 200 3958 "-" "Mozilla/5.0 (Windows NT 10.0; Win64; x64) AppleWebKit/537.36 (KHTML, like Gecko) Chrome/88.0.4240.193 Safari/537.36"
120.77.174.138 - - [13/Nov/2025:16:13:12 +0800] "GET /wp-includes/wlwmanifest.xml HTTP/1.1" 404 555 "-" "Mozilla/5.0 (Windows NT 10.0; Win64; x64) AppleWebKit/537.36 (KHTML, like Gecko) Chrome/88.0.4240.193 Safari/537.36"
120.77.174.138 - - [13/Nov/2025:16:13:12 +0800] "GET /xmlrpc.php?rsd HTTP/1.1" 404 555 "-" "Mozilla/5.0 (Windows NT 10.0; Win64; x64) AppleWebKit/537.36 (KHTML, like Gecko) Chrome/88.0.4240.193 Safari/537.36"
120.77.174.138 - - [13/Nov/2025:16:13:12 +0800] "GET / HTTP/1.1" 200 3958 "-" "Mozilla/5.0 (Windows NT 10.0; Win64; x64) AppleWebKit/537.36 (KHTML, like Gecko) Chrome/88.0.4240.193 Safari/537.36"
120.77.174.138 - - [13/Nov/2025:16:13:12 +0800] "GET /blog/wp-includes/wlwmanifest.xml HTTP/1.1" 404 555 "-" "Mozilla/5.0 (Windows NT 10.0; Win64; x64) AppleWebKit/537.36 (KHTML, like Gecko) Chrome/88.0.4240.193 Safari/537.36"
120.77.174.138 - - [13/Nov/2025:16:13:12 +0800] "GET /web/wp-includes/wlwmanifest.xml HTTP/1.1" 404 555 "-" "Mozilla/5.0 (Windows NT 10.0; Win64; x64) AppleWebKit/537.36 (KHTML, like Gecko) Chrome/88.0.4240.193 Safari/537.36"
120.77.174.138 - - [13/Nov/2025:16:13:12 +0800] "GET /wordpress/wp-includes/wlwmanifest.xml HTTP/1.1" 404 555 "-" "Mozilla/5.0 (Windows NT 10.0; Win64; x64) AppleWebKit/537.36 (KHTML, like Gecko) Chrome/88.0.4240.193 Safari/537.36"
120.77.174.138 - - [13/Nov/2025:16:13:12 +0800] "GET /website/wp-includes/wlwmanifest.xml HTTP/1.1" 404 555 "-" "Mozilla/5.0 (Windows NT 10.0; Win64; x64) AppleWebKit/537.36 (KHTML, like Gecko) Chrome/88.0.4240.193 Safari/537.36"
120.77.174.138 - - [13/Nov/2025:16:13:13 +0800] "GET /wp/wp-includes/wlwmanifest.xml HTTP/1.1" 404 555 "-" "Mozilla/5.0 (Windows NT 10.0; Win64; x64) AppleWebKit/537.36 (KHTML, like Gecko) Chrome/88.0.4240.193 Safari/537.36"
120.77.174.138 - - [13/Nov/2025:16:13:13 +0800] "GET /news/wp-includes/wlwmanifest.xml HTTP/1.1" 404 555 "-" "Mozilla/5.0 (Windows NT 10.0; Win64; x64) AppleWebKit/537.36 (KHTML, like Gecko) Chrome/88.0.4240.193 Safari/537.36"
120.77.174.138 - - [13/Nov/2025:16:13:13 +0800] "GET /2020/wp-includes/wlwmanifest.xml HTTP/1.1" 404 555 "-" "Mozilla/5.0 (Windows NT 10.0; Win64; x64) AppleWebKit/537.36 (KHTML, like Gecko) Chrome/88.0.4240.193 Safari/537.36"
120.77.174.138 - - [13/Nov/2025:16:13:13 +0800] "GET /2019/wp-includes/wlwmanifest.xml HTTP/1.1" 404 555 "-" "Mozilla/5.0 (Windows NT 10.0; Win64; x64) AppleWebKit/537.36 (KHTML, like Gecko) Chrome/88.0.4240.193 Safari/537.36"
120.77.174.138 - - [13/Nov/2025:16:13:13 +0800] "GET /shop/wp-includes/wlwmanifest.xml HTTP/1.1" 404 555 "-" "Mozilla/5.0 (Windows NT 10.0; Win64; x64) AppleWebKit/537.36 (KHTML, like Gecko) Chrome/88.0.4240.193 Safari/537.36"
120.77.174.138 - - [13/Nov/2025:16:13:13 +0800] "GET /wp1/wp-includes/wlwmanifest.xml HTTP/1.1" 404 555 "-" "Mozilla/5.0 (Windows NT 10.0; Win64; x64) AppleWebKit/537.36 (KHTML, like Gecko) Chrome/88.0.4240.193 Safari/537.36"
120.77.174.138 - - [13/Nov/2025:16:13:13 +0800] "GET /test/wp-includes/wlwmanifest.xml HTTP/1.1" 404 555 "-" "Mozilla/5.0 (Windows NT 10.0; Win64; x64) AppleWebKit/537.36 (KHTML, like Gecko) Chrome/88.0.4240.193 Safari/537.36"
120.77.174.138 - - [13/Nov/2025:16:13:13 +0800] "GET /wp2/wp-includes/wlwmanifest.xml HTTP/1.1" 404 555 "-" "Mozilla/5.0 (Windows NT 10.0; Win64; x64) AppleWebKit/537.36 (KHTML, like Gecko) Chrome/88.0.4240.193 Safari/537.36"
120.77.174.138 - - [13/Nov/2025:16:13:13 +0800] "GET /site/wp-includes/wlwmanifest.xml HTTP/1.1" 404 555 "-" "Mozilla/5.0 (Windows NT 10.0; Win64; x64) AppleWebKit/537.36 (KHTML, like Gecko) Chrome/88.0.4240.193 Safari/537.36"
120.77.174.138 - - [13/Nov/2025:16:13:13 +0800] "GET /cms/wp-includes/wlwmanifest.xml HTTP/1.1" 404 555 "-" "Mozilla/5.0 (Windows NT 10.0; Win64; x64) AppleWebKit/537.36 (KHTML, like Gecko) Chrome/88.0.4240.193 Safari/537.36"
120.77.174.138 - - [13/Nov/2025:16:13:13 +0800] "GET /sito/wp-includes/wlwmanifest.xml HTTP/1.1" 404 555 "-" "Mozilla/5.0 (Windows NT 10.0; Win64; x64) AppleWebKit/537.36 (KHTML, like Gecko) Chrome/88.0.4240.193 Safari/537.36"
120.77.174.138 - - [13/Nov/2025:16:13:13 +0800] "" 400 0 "-" "-"
204.76.203.219 - - [13/Nov/2025:16:20:40 +0800] "GET / HTTP/1.1" 200 3958 "-" "Mozilla/5.0 (Windows NT 10.0; Win64; x64) AppleWebKit/537.36 (KHTML, like Gecko) Chrome/90.0.4430.85 Safari/537.36 Edg/90.0.818.46"
37.49.148.32 - - [13/Nov/2025:16:32:53 +0800] "GET /cgi-bin/luci/;stok=/locale HTTP/1.1" 404 153 "-" "-"
209.38.201.154 - - [13/Nov/2025:16:38:24 +0800] "\x00\x00\x00\x00\x00\x00\x00\x00\x00\x00\x00\x00\x00\x00\x00\x00\x00\x00\x00\x00" 400 157 "-" "-"
172.236.228.193 - - [13/Nov/2025:16:40:09 +0800] "GET / HTTP/1.1" 200 3958 "-" "Mozilla/5.0 (Macintosh; Intel Mac OS X 13_1) AppleWebKit/537.36 (KHTML, like Gecko) Chrome/108.0.0.0 Safari/537.36"
204.76.203.219 - - [13/Nov/2025:16:45:16 +0800] "GET / HTTP/1.1" 200 3958 "-" "Mozilla/5.0 (Windows NT 10.0; Win64; x64) AppleWebKit/537.36 (KHTML, like Gecko) Chrome/90.0.4430.85 Safari/537.36 Edg/90.0.818.46"
3.131.215.38 - - [13/Nov/2025:16:56:06 +0800] "GET / HTTP/1.1" 200 3958 "-" "Mozilla/5.0 (Macintosh; Intel Mac OS X 10_15_7) Chrome/126.0.0.0 Safari/537.36"
3.131.215.38 - - [13/Nov/2025:16:56:10 +0800] "\x16\x03\x01\x00{\x01\x00\x00w\x03\x03\xAAi-\xF1\x8A\x5C(_\xFA=\xCD~\x84\xD5\x0F\xABx#,o$\xD43\x90*i\xB6OF\x9D/!\x00\x00\x1A\xC0/\xC0+\xC0\x11\xC0\x07\xC0\x13\xC0\x09\xC0\x14\xC0" 400 157 "-" "-"
3.131.215.38 - - [13/Nov/2025:16:56:11 +0800] "\x16\x03\x01\x00{\x01\x00\x00w\x03\x03?f\x9B\xA6\xD9\xD1\xC6M{\x8D\x9A\x051\x1A\x81!r\x1FLx7\xD6\x96V\x85\x98~\x06C\x9A\xC6\xD2\x00\x00\x1A\xC0/\xC0+\xC0\x11\xC0\x07\xC0\x13\xC0\x09\xC0\x14\xC0" 400 157 "-" "-"
3.131.215.38 - - [13/Nov/2025:16:56:11 +0800] "SSH-2.0-Go" 400 157 "-" "-"
3.131.215.38 - - [13/Nov/2025:16:56:17 +0800] "GET / HTTP/1.1" 200 3958 "-" "Mozilla/5.0 (Macintosh; Intel Mac OS X 10_15_7) Chrome/126.0.0.0 Safari/537.36"
3.131.215.38 - - [13/Nov/2025:16:57:13 +0800] "" 400 0 "-" "-"
120.77.174.138 - - [13/Nov/2025:16:59:13 +0800] "GET /wp-login.php HTTP/1.1" 404 153 "-" "Mozilla/5.0"
20.169.105.98 - - [13/Nov/2025:17:11:28 +0800] "MGLNDD_120.55.251.144_80" 400 157 "-" "-"
89.248.164.165 - - [13/Nov/2025:17:13:02 +0800] "GET http://ossweb-img.qq.com/images/js/eas/eas.js HTTP/1.1" 404 153 "-" "Mozilla"
204.76.203.219 - - [13/Nov/2025:17:14:12 +0800] "GET / HTTP/1.1" 200 3958 "-" "Mozilla/5.0 (Windows NT 10.0; Win64; x64) AppleWebKit/537.36 (KHTML, like Gecko) Chrome/90.0.4430.85 Safari/537.36 Edg/90.0.818.46"
162.216.149.244 - - [13/Nov/2025:17:21:13 +0800] "GET / HTTP/1.1" 200 3958 "-" "Hello from Palo Alto Networks, find out more about our scans in https://docs-cortex.paloaltonetworks.com/r/1/Cortex-Xpanse/Scanning-activity"
79.124.49.202 - - [13/Nov/2025:17:27:54 +0800] "\x03\x00\x00/*\xE0\x00\x00\x00\x00\x00Cookie: mstshash=Administr" 400 157 "-" "-"
204.76.203.219 - - [13/Nov/2025:17:38:11 +0800] "GET / HTTP/1.1" 200 3958 "-" "Mozilla/5.0 (Windows NT 10.0; Win64; x64) AppleWebKit/537.36 (KHTML, like Gecko) Chrome/90.0.4430.85 Safari/537.36 Edg/90.0.818.46"
204.76.203.219 - - [13/Nov/2025:18:08:04 +0800] "GET / HTTP/1.1" 200 3958 "-" "Mozilla/5.0 (Windows NT 10.0; Win64; x64) AppleWebKit/537.36 (KHTML, like Gecko) Chrome/90.0.4430.85 Safari/537.36 Edg/90.0.818.46"
205.210.31.242 - - [13/Nov/2025:18:17:11 +0800] "\x16\x03\x01\x00\xEE\x01\x00\x00\xEA\x03\x03\xB4\xAB\x80\x82T\xA0P\x16@ \xB3o\xB3\xBD\xF3\xA9\xA5\xB9\x02:P\x99\xC2q\x15z\xDF\xE8xL\x7F\x83 \xEA\xF3o\x18\x98\xBA\xDD\xE2\x89\x7FR\x09\xEA\x7F~a\xC1\xA2m7`'\xC1\x86\xA4\x14\xD2\xE5eF76\x00&\xC0+\xC0/\xC0,\xC00\xCC\xA9\xCC\xA8\xC0\x09\xC0\x13\xC0" 400 157 "-" "-"
205.210.31.242 - - [13/Nov/2025:18:17:11 +0800] "\x16\x03\x01\x00\xCA\x01\x00\x00\xC6\x03\x03\x81/\xB7O@v\xB4F\xF9\x5C\xA8\xCDt55\xBD\x91\xD5\xFB\x18\xB9\xEBf\x98ti\xB6\xA73~,`\x00\x00h\xCC\x14\xCC\x13\xC0/\xC0+\xC00\xC0,\xC0\x11\xC0\x07\xC0'\xC0#\xC0\x13\xC0\x09\xC0(\xC0$\xC0\x14\xC0" 400 157 "-" "-"
205.210.31.150 - - [13/Nov/2025:18:17:40 +0800] "GET / HTTP/1.1" 200 3958 "-" "Hello from Palo Alto Networks, find out more about our scans in https://docs-cortex.paloaltonetworks.com/r/1/Cortex-Xpanse/Scanning-activity"
78.153.140.224 - - [13/Nov/2025:18:27:48 +0800] "GET /.env HTTP/1.1" 404 555 "-" "Mozilla/5.0 (Linux; Android 4.4; LGL34C Build/KRT16S.L34CV10c) AppleWebKit/537.36 (KHTML, like Gecko) Chrome/31.0.1650.59 Mobile Safari/537.36"
78.153.140.224 - - [13/Nov/2025:18:27:49 +0800] "GET /auth/.env.key HTTP/1.1" 404 555 "-" "Mozilla/5.0 (Windows NT 6.1; Win64; x64) AppleWebKit/537.36 (KHTML, like Gecko) Chrome/58.0.3029.110 Safari/537.36 OPR/45.0.2552.881"
78.153.140.224 - - [13/Nov/2025:18:27:49 +0800] "GET /auth/.env.aws HTTP/1.1" 404 153 "-" "Mozilla/5.0 (Linux; U; Android 2.3.5; en-us; TECNO N3 Build/master) AppleWebKit/533.1 (KHTML, like Gecko) Version/4.0 Mobile Safari/533.1"
78.153.140.224 - - [13/Nov/2025:18:27:50 +0800] "GET /app/http/.env HTTP/1.1" 404 153 "-" "Mozilla/5.0 (Macintosh; Intel Mac OS X 10.6; rv:5.0.1) Gecko/20100101 Firefox/5.0.1"
78.153.140.224 - - [13/Nov/2025:18:27:50 +0800] "GET /app/.env.prod HTTP/1.1" 404 555 "-" "Mozilla/4.0 (compatible; MSIE 6.0; Windows NT 5.1; SV1; .NET CLR 2.0.50727; .NET CLR 3.0.4506.2152; .NET CLR 3.5.30729)"
78.153.140.224 - - [13/Nov/2025:18:27:51 +0800] "GET /api/.env.back HTTP/1.1" 404 153 "-" "Mozilla/5.0 (Macintosh; U; Intel Mac OS X 10.5; en-US; rv:1.9.1b3pre) Gecko/20090204 Firefox/3.1b3pre"
78.153.140.224 - - [13/Nov/2025:18:27:51 +0800] "GET /admin/.env.db HTTP/1.1" 404 555 "-" "Mozilla/4.0 (compatible; MSIE 8.0; Windows NT 6.0; Trident/4.0; SIMBAR={BB210681-8FB0-11E2-83F4-B4FB7786AA37}; GTB7.5; SLCC1; .NET CLR 2.0.50727; .NET CLR 3.5.30729; .NET CLR 3.0.30618; .NET4.0C; BRI/1; BRI/2; AskTbORJ/5.15.23.36191)"
78.153.140.224 - - [13/Nov/2025:18:27:52 +0800] "GET /auth/.env.log HTTP/1.1" 404 555 "-" "Mozilla/4.0 (compatible; MSIE 7.0; Windows NT 6.2; Trident/7.0; .NET4.0E; .NET4.0C; .NET CLR 3.5.30729; .NET CLR 2.0.50727; .NET CLR 3.0.30729)"
78.153.140.224 - - [13/Nov/2025:18:27:53 +0800] "GET /getcfg.php HTTP/1.1" 404 153 "-" "Mozilla/5.0 (Linux; U; Android 4.2.2; en-us; HUAWEI Y330-U01 Build/HuaweiY330-U01) AppleWebKit/534.30 (KHTML, like Gecko) Version/4.0 Mobile Safari/534.30"
78.153.140.224 - - [13/Nov/2025:18:27:54 +0800] "GET /cp/.env HTTP/1.1" 404 153 "-" "Mozilla/4.0 (compatible; MSIE 6.0; Windows 98; en) Opera 8.52"
78.153.140.224 - - [13/Nov/2025:18:27:56 +0800] "GET /ads/.env HTTP/1.1" 404 555 "-" "Mozilla/4.0 (compatible; MSIE 7.0; Windows NT 6.1; Trident/4.0; SLCC2; .NET CLR 2.0.50727; .NET CLR 3.5.30729; .NET CLR 3.0.30729; Media Center PC 6.0; InfoPath.3)"
78.153.140.224 - - [13/Nov/2025:18:27:56 +0800] "GET /config/aws.yml HTTP/1.1" 404 153 "-" "Opera/9.80 (Windows NT 6.1; WOW64; U; pt) Presto/2.10.229 Version/11.62"
78.153.140.224 - - [13/Nov/2025:18:28:01 +0800] "GET /staticfiles/.env HTTP/1.1" 404 153 "-" "Mozilla/5.0 (Windows NT 10.0; rv:53.0) Gecko/20100101 Firefox/53.0"
78.153.140.224 - - [13/Nov/2025:18:28:01 +0800] "GET /opt/.env HTTP/1.1" 404 153 "-" "Mozilla/5.0 (Linux; U; Android 4.2; en-us; Android SDK built for x86 Build/JOP40C) AppleWebKit/534.30 (KHTML, like Gecko) Version/4.0 Mobile Safari/534.30"
78.153.140.224 - - [13/Nov/2025:18:28:02 +0800] "GET /Api/.env HTTP/1.1" 404 555 "-" "Mozilla/5.0 (Linux; Android 4.4.2; SCH-I545 Build/KOT49H) AppleWebKit/537.36 (KHTML, like Gecko) Chrome/39.0.2171.59 Mobile Safari/537.36"
78.153.140.224 - - [13/Nov/2025:18:28:02 +0800] "GET /App/.env HTTP/1.1" 404 153 "-" "Mozilla/5.0 (X11; U; Linux i686; en-US; rv:1.8.1.13) Gecko/20080325 Firefox/2.0.0.13"
78.153.140.224 - - [13/Nov/2025:18:28:03 +0800] "GET /psnlink/.env HTTP/1.1" 404 555 "-" "Mozilla/5.0 (X11; Linux x86_64) AppleWebKit/537.36 (KHTML, like Gecko) Chrome/55.0.2883.91 Safari/537.36"
78.153.140.224 - - [13/Nov/2025:18:28:03 +0800] "GET /ftpmaster/.env HTTP/1.1" 404 555 "-" "Mozilla/5.0 (Windows NT 6.1; Win64; x64) AppleWebKit/537.36 (KHTML, like Gecko) Chrome/57.0.2987.133 Safari/537.36 OPR/44.0.2510.1218"
78.153.140.224 - - [13/Nov/2025:18:28:04 +0800] "GET /error/.env HTTP/1.1" 404 555 "-" "Mozilla/5.0 (Windows NT 10.0; WOW64) AppleWebKit/537.36 (KHTML, like Gecko) Chrome/50.0.2661.75 Safari/537.36"
78.153.140.224 - - [13/Nov/2025:18:28:04 +0800] "GET /div/.env HTTP/1.1" 404 153 "-" "Opera/9.80 (Windows NT 6.1; U; en) Presto/2.7.62 Version/11.01"
78.153.140.224 - - [13/Nov/2025:18:28:05 +0800] "GET /theme/.env HTTP/1.1" 404 153 "-" "Mozilla/5.0 (iPhone; CPU iPhone OS 9_3_2 like Mac OS X) AppleWebKit/601.1.46 (KHTML, like Gecko) Version/9.0 Mobile/13F68 Safari/601.1"
78.153.140.224 - - [13/Nov/2025:18:28:05 +0800] "GET /well-known/.env HTTP/1.1" 404 153 "-" "Mozilla/5.0 (iPhone; CPU iPhone OS 10_2_1 like Mac OS X) AppleWebKit/602.4.6 (KHTML, like Gecko) FxiOS/6.1 Mobile/14D27 Safari/602.4.6"
